Component: Arm Compiler for Embedded 6.18 Tool: armlink [5e4cc100]

==============================================================================

Section Cross References

    startup_stm32h503xx.o(RESET) refers to startup_stm32h503xx.o(STACK) for __initial_sp
    startup_stm32h503xx.o(RESET) refers to startup_stm32h503xx.o(.text) for Reset_Handler
    startup_stm32h503xx.o(RESET) refers to stm32h5xx_it.o(.text.NMI_Handler) for NMI_Handler
    startup_stm32h503xx.o(RESET) refers to stm32h5xx_it.o(.text.HardFault_Handler) for HardFault_Handler
    startup_stm32h503xx.o(RESET) refers to stm32h5xx_it.o(.text.MemManage_Handler) for MemManage_Handler
    startup_stm32h503xx.o(RESET) refers to stm32h5xx_it.o(.text.BusFault_Handler) for BusFault_Handler
    startup_stm32h503xx.o(RESET) refers to stm32h5xx_it.o(.text.UsageFault_Handler) for UsageFault_Handler
    startup_stm32h503xx.o(RESET) refers to stm32h5xx_it.o(.text.SVC_Handler) for SVC_Handler
    startup_stm32h503xx.o(RESET) refers to stm32h5xx_it.o(.text.DebugMon_Handler) for DebugMon_Handler
    startup_stm32h503xx.o(RESET) refers to stm32h5xx_it.o(.text.PendSV_Handler) for PendSV_Handler
    startup_stm32h503xx.o(RESET) refers to stm32h5xx_it.o(.text.SysTick_Handler) for SysTick_Handler
    startup_stm32h503xx.o(.text) refers to system_stm32h5xx.o(.text.SystemInit) for SystemInit
    startup_stm32h503xx.o(.text) refers to entry.o(.ARM.Collect$$$$00000000) for __main
    main.o(.text.main) refers to stm32h5xx_hal.o(.text.HAL_Init) for HAL_Init
    main.o(.text.main) refers to main.o(.text.SystemClock_Config) for SystemClock_Config
    main.o(.text.main) refers to gpio.o(.text.MX_GPIO_Init) for MX_GPIO_Init
    main.o(.text.main) refers to icache.o(.text.MX_ICACHE_Init) for MX_ICACHE_Init
    main.o(.text.main) refers to app_tof.o(.text.MX_TOF_Init) for MX_TOF_Init
    main.o(.text.main) refers to custom_ranging_sensor.o(.text.CUSTOM_RANGING_SENSOR_ReadID) for CUSTOM_RANGING_SENSOR_ReadID
    main.o(.text.main) refers to main.o(.bss.Cap) for Cap
    main.o(.text.main) refers to custom_ranging_sensor.o(.text.CUSTOM_RANGING_SENSOR_GetCapabilities) for CUSTOM_RANGING_SENSOR_GetCapabilities
    main.o(.text.main) refers to main.o(.bss.Profile) for Profile
    main.o(.text.main) refers to custom_ranging_sensor.o(.text.CUSTOM_RANGING_SENSOR_ConfigProfile) for CUSTOM_RANGING_SENSOR_ConfigProfile
    main.o(.text.main) refers to custom_ranging_sensor.o(.text.CUSTOM_RANGING_SENSOR_Start) for CUSTOM_RANGING_SENSOR_Start
    main.o(.text.main) refers to main.o(.bss.status) for status
    main.o(.text.main) refers to stm32h5xx_hal_gpio.o(.text.HAL_GPIO_ReadPin) for HAL_GPIO_ReadPin
    main.o(.text.main) refers to main.o(.bss.Result) for Result
    main.o(.text.main) refers to custom_ranging_sensor.o(.text.CUSTOM_RANGING_SENSOR_GetDistance) for CUSTOM_RANGING_SENSOR_GetDistance
    main.o(.text.main) refers to main.o(.text.print_result) for print_result
    main.o(.ARM.exidx.text.main) refers to main.o(.text.main) for [Anonymous Symbol]
    main.o(.text.SystemClock_Config) refers to memseta.o(.text) for __aeabi_memclr4
    main.o(.text.SystemClock_Config) refers to stm32h5xx_hal_rcc.o(.text.HAL_RCC_OscConfig) for HAL_RCC_OscConfig
    main.o(.text.SystemClock_Config) refers to main.o(.text.Error_Handler) for Error_Handler
    main.o(.text.SystemClock_Config) refers to stm32h5xx_hal_rcc.o(.text.HAL_RCC_ClockConfig) for HAL_RCC_ClockConfig
    main.o(.ARM.exidx.text.SystemClock_Config) refers to main.o(.text.SystemClock_Config) for [Anonymous Symbol]
    main.o(.text.print_result) refers to main.o(.rodata.str1.1) for .L.str
    main.o(.text.print_result) refers to printfa.o(i.__0printf) for printf
    main.o(.text.print_result) refers to main.o(.bss.Profile) for Profile
    main.o(.text.print_result) refers to main.o(.text.decimal_part) for decimal_part
    main.o(.ARM.exidx.text.print_result) refers to main.o(.text.print_result) for [Anonymous Symbol]
    main.o(.ARM.exidx.text.Error_Handler) refers to main.o(.text.Error_Handler) for [Anonymous Symbol]
    main.o(.ARM.exidx.text.decimal_part) refers to main.o(.text.decimal_part) for [Anonymous Symbol]
    gpio.o(.text.MX_GPIO_Init) refers to stm32h5xx_hal_gpio.o(.text.HAL_GPIO_WritePin) for HAL_GPIO_WritePin
    gpio.o(.text.MX_GPIO_Init) refers to stm32h5xx_hal_gpio.o(.text.HAL_GPIO_Init) for HAL_GPIO_Init
    gpio.o(.ARM.exidx.text.MX_GPIO_Init) refers to gpio.o(.text.MX_GPIO_Init) for [Anonymous Symbol]
    icache.o(.text.MX_ICACHE_Init) refers to stm32h5xx_hal_icache.o(.text.HAL_ICACHE_ConfigAssociativityMode) for HAL_ICACHE_ConfigAssociativityMode
    icache.o(.text.MX_ICACHE_Init) refers to main.o(.text.Error_Handler) for Error_Handler
    icache.o(.text.MX_ICACHE_Init) refers to stm32h5xx_hal_icache.o(.text.HAL_ICACHE_Enable) for HAL_ICACHE_Enable
    icache.o(.ARM.exidx.text.MX_ICACHE_Init) refers to icache.o(.text.MX_ICACHE_Init) for [Anonymous Symbol]
[...]
    VL53LX_WaitMs                            0x08008139   Thumb Code    22  vl53lx_platform.o(.text.VL53LX_WaitMs)
    VL53LX_WaitUs                            0x08008151   Thumb Code    40  vl53lx_platform.o(.text.VL53LX_WaitUs)
    VL53LX_WaitValueMaskEx                   0x08008179   Thumb Code   272  vl53lx_platform.o(.text.VL53LX_WaitValueMaskEx)
    VL53LX_WrByte                            0x08008289   Thumb Code    78  vl53lx_platform.o(.text.VL53LX_WrByte)
    VL53LX_WrWord                            0x080082d9   Thumb Code    84  vl53lx_platform.o(.text.VL53LX_WrWord)
    VL53LX_WriteMulti                        0x0800832d   Thumb Code   116  vl53lx_platform.o(.text.VL53LX_WriteMulti)
    VL53LX_calc_crosstalk_plane_offset_with_margin 0x080083a1   Thumb Code    74  vl53lx_core.o(.text.VL53LX_calc_crosstalk_plane_offset_with_margin)
    VL53LX_calc_decoded_timeout_us           0x080083ed   Thumb Code    42  vl53lx_core.o(.text.VL53LX_calc_decoded_timeout_us)
    VL53LX_calc_encoded_timeout              0x08008419   Thumb Code    44  vl53lx_core.o(.text.VL53LX_calc_encoded_timeout)
    VL53LX_calc_macro_period_us              0x08008445   Thumb Code    84  vl53lx_core.o(.text.VL53LX_calc_macro_period_us)
    VL53LX_calc_max_effective_spads          0x08008499   Thumb Code   294  vl53lx_core.o(.text.VL53LX_calc_max_effective_spads)
    VL53LX_calc_mm_effective_spads           0x080085c1   Thumb Code   440  vl53lx_core.o(.text.VL53LX_calc_mm_effective_spads)
    VL53LX_calc_pll_period_mm                0x08008779   Thumb Code    54  vl53lx_core_support.o(.text.VL53LX_calc_pll_period_mm)
    VL53LX_calc_pll_period_us                0x080087b1   Thumb Code    42  vl53lx_core_support.o(.text.VL53LX_calc_pll_period_us)
    VL53LX_calc_range_ignore_threshold       0x080087dd   Thumb Code   214  vl53lx_core.o(.text.VL53LX_calc_range_ignore_threshold)
    VL53LX_calc_timeout_mclks                0x080088b5   Thumb Code    46  vl53lx_core.o(.text.VL53LX_calc_timeout_mclks)
    VL53LX_calc_timeout_register_values      0x080088e5   Thumb Code   234  vl53lx_core.o(.text.VL53LX_calc_timeout_register_values)
    VL53LX_calc_timeout_us                   0x080089d1   Thumb Code    68  vl53lx_core.o(.text.VL53LX_calc_timeout_us)
    VL53LX_check_ll_driver_rd_state          0x08008a15   Thumb Code   372  vl53lx_core.o(.text.VL53LX_check_ll_driver_rd_state)
    VL53LX_clear_interrupt                   0x08008b89   Thumb Code    52  vl53lx_core.o(.text.VL53LX_clear_interrupt)
    VL53LX_clear_interrupt_and_enable_next_range 0x08008bbd   Thumb Code    50  vl53lx_api_core.o(.text.VL53LX_clear_interrupt_and_enable_next_range)
    VL53LX_compute_histo_merge_nb            0x08008bf1   Thumb Code   136  vl53lx_core.o(.text.VL53LX_compute_histo_merge_nb)
    VL53LX_copy_hist_bins_to_static_cfg      0x08008c79   Thumb Code   158  vl53lx_api_preset_modes.o(.text.VL53LX_copy_hist_bins_to_static_cfg)
    VL53LX_copy_hist_cfg_to_static_cfg       0x08008d19   Thumb Code   196  vl53lx_api_preset_modes.o(.text.VL53LX_copy_hist_cfg_to_static_cfg)
    VL53LX_copy_rtn_good_spads_to_buffer     0x08008ddd   Thumb Code   298  vl53lx_core.o(.text.VL53LX_copy_rtn_good_spads_to_buffer)
    VL53LX_copy_sys_and_core_results_to_range_results 0x08008f09   Thumb Code   722  vl53lx_api_core.o(.text.VL53LX_copy_sys_and_core_results_to_range_results)
    VL53LX_copy_xtalk_bin_data_to_histogram_data_struct 0x080091dd   Thumb Code   112  vl53lx_core_support.o(.text.VL53LX_copy_xtalk_bin_data_to_histogram_data_struct)
    VL53LX_data_init                         0x0800924d   Thumb Code   836  vl53lx_api_core.o(.text.VL53LX_data_init)
    VL53LX_decode_row_col                    0x08009591   Thumb Code    84  vl53lx_core_support.o(.text.VL53LX_decode_row_col)
    VL53LX_decode_timeout                    0x080095e5   Thumb Code    30  vl53lx_core.o(.text.VL53LX_decode_timeout)
    VL53LX_decode_vcsel_period               0x08009605   Thumb Code    34  vl53lx_core_support.o(.text.VL53LX_decode_vcsel_period)
    VL53LX_decode_zone_limits                0x08009629   Thumb Code   224  vl53lx_core.o(.text.VL53LX_decode_zone_limits)
    VL53LX_decode_zone_size                  0x08009709   Thumb Code    36  vl53lx_core.o(.text.VL53LX_decode_zone_size)
    VL53LX_disable_firmware                  0x0800972d   Thumb Code    30  vl53lx_core.o(.text.VL53LX_disable_firmware)
    VL53LX_disable_powerforce                0x0800974d   Thumb Code    30  vl53lx_core.o(.text.VL53LX_disable_powerforce)
    VL53LX_duration_maths                    0x0800976d   Thumb Code   118  vl53lx_core_support.o(.text.VL53LX_duration_maths)
    VL53LX_dynamic_xtalk_correction_apply_disable 0x080097e5   Thumb Code    32  vl53lx_api_core.o(.text.VL53LX_dynamic_xtalk_correction_apply_disable)
    VL53LX_dynamic_xtalk_correction_apply_enable 0x08009805   Thumb Code    34  vl53lx_api_core.o(.text.VL53LX_dynamic_xtalk_correction_apply_enable)
    VL53LX_dynamic_xtalk_correction_calc_new_xtalk 0x08009829   Thumb Code   944  vl53lx_core.o(.text.VL53LX_dynamic_xtalk_correction_calc_new_xtalk)
    VL53LX_dynamic_xtalk_correction_calc_required_samples 0x08009bd9   Thumb Code   292  vl53lx_core.o(.text.VL53LX_dynamic_xtalk_correction_calc_required_samples)
    VL53LX_dynamic_xtalk_correction_corrector 0x08009cfd   Thumb Code  1332  vl53lx_core.o(.text.VL53LX_dynamic_xtalk_correction_corrector)
    VL53LX_dynamic_xtalk_correction_data_init 0x0800a231   Thumb Code   288  vl53lx_core.o(.text.VL53LX_dynamic_xtalk_correction_data_init)
    VL53LX_dynamic_xtalk_correction_disable  0x0800a351   Thumb Code    32  vl53lx_api_core.o(.text.VL53LX_dynamic_xtalk_correction_disable)
    VL53LX_dynamic_xtalk_correction_enable   0x0800a371   Thumb Code    34  vl53lx_api_core.o(.text.VL53LX_dynamic_xtalk_correction_enable)
    VL53LX_dynamic_xtalk_correction_output_init 0x0800a395   Thumb Code    66  vl53lx_core.o(.text.VL53LX_dynamic_xtalk_correction_output_init)
    VL53LX_dynamic_xtalk_correction_single_apply_disable 0x0800a3d9   Thumb Code    32  vl53lx_api_core.o(.text.VL53LX_dynamic_xtalk_correction_single_apply_disable)
    VL53LX_dynamic_xtalk_correction_single_apply_enable 0x0800a3f9   Thumb Code    34  vl53lx_api_core.o(.text.VL53LX_dynamic_xtalk_correction_single_apply_enable)
    VL53LX_dynamic_zone_update               0x0800a41d   Thumb Code   252  vl53lx_core.o(.text.VL53LX_dynamic_zone_update)
    VL53LX_enable_firmware                   0x0800a519   Thumb Code    32  vl53lx_core.o(.text.VL53LX_enable_firmware)
    VL53LX_enable_powerforce                 0x0800a539   Thumb Code    32  vl53lx_core.o(.text.VL53LX_enable_powerforce)
    VL53LX_encode_row_col                    0x0800a559   Thumb Code    68  vl53lx_core.o(.text.VL53LX_encode_row_col)
    VL53LX_encode_timeout                    0x0800a59d   Thumb Code    82  vl53lx_core.o(.text.VL53LX_encode_timeout)
    VL53LX_encode_zone_size                  0x0800a5f1   Thumb Code    32  vl53lx_core.o(.text.VL53LX_encode_zone_size)
    VL53LX_events_per_spad_maths             0x0800a611   Thumb Code   150  vl53lx_core_support.o(.text.VL53LX_events_per_spad_maths)
    VL53LX_f_001                             0x0800a6a9   Thumb Code  1024  vl53lx_dmax.o(.text.VL53LX_f_001)
    VL53LX_f_002                             0x0800aaa9   Thumb Code   104  vl53lx_dmax.o(.text.VL53LX_f_002)
    VL53LX_f_003                             0x0800ab11   Thumb Code   238  vl53lx_hist_algos_gen3.o(.text.VL53LX_f_003)
    VL53LX_f_005                             0x0800ac01   Thumb Code   348  vl53lx_hist_core.o(.text.VL53LX_f_005)
    VL53LX_f_006                             0x0800ad5d   Thumb Code   554  vl53lx_hist_algos_gen3.o(.text.VL53LX_f_006)
    VL53LX_f_007                             0x0800af89   Thumb Code   182  vl53lx_hist_algos_gen3.o(.text.VL53LX_f_007)
    VL53LX_f_008                             0x0800b041   Thumb Code   276  vl53lx_hist_algos_gen3.o(.text.VL53LX_f_008)
    VL53LX_f_009                             0x0800b155   Thumb Code   468  vl53lx_hist_algos_gen3.o(.text.VL53LX_f_009)
    VL53LX_f_010                             0x0800b329   Thumb Code   160  vl53lx_hist_algos_gen3.o(.text.VL53LX_f_010)
    VL53LX_f_011                             0x0800b3c9   Thumb Code   196  vl53lx_hist_algos_gen3.o(.text.VL53LX_f_011)
    VL53LX_f_014                             0x0800b48d   Thumb Code   344  vl53lx_hist_algos_gen3.o(.text.VL53LX_f_014)
    VL53LX_f_015                             0x0800b5e5   Thumb Code   392  vl53lx_hist_algos_gen3.o(.text.VL53LX_f_015)
    VL53LX_f_016                             0x0800b76d   Thumb Code   526  vl53lx_hist_algos_gen3.o(.text.VL53LX_f_016)
    VL53LX_f_017                             0x0800b97d   Thumb Code   358  vl53lx_hist_algos_gen3.o(.text.VL53LX_f_017)
    VL53LX_f_018                             0x0800bae5   Thumb Code   296  vl53lx_hist_core.o(.text.VL53LX_f_018)
    VL53LX_f_019                             0x0800bc0d   Thumb Code   138  vl53lx_hist_core.o(.text.VL53LX_f_019)
    VL53LX_f_020                             0x0800bc99   Thumb Code   400  vl53lx_hist_algos_gen3.o(.text.VL53LX_f_020)
    VL53LX_f_022                             0x0800be29   Thumb Code   206  vl53lx_hist_core.o(.text.VL53LX_f_022)
    VL53LX_f_023                             0x0800bef9   Thumb Code   900  vl53lx_sigma_estimate.o(.text.VL53LX_f_023)
    VL53LX_f_025                             0x0800c27d   Thumb Code  1142  vl53lx_hist_algos_gen4.o(.text.VL53LX_f_025)
    VL53LX_f_026                             0x0800c6f5   Thumb Code   278  vl53lx_hist_algos_gen4.o(.text.VL53LX_f_026)
    VL53LX_f_027                             0x0800c80d   Thumb Code   544  vl53lx_hist_algos_gen4.o(.text.VL53LX_f_027)
    VL53LX_f_028                             0x0800ca2d   Thumb Code   360  vl53lx_hist_algos_gen4.o(.text.VL53LX_f_028)
    VL53LX_f_030                             0x0800cb95   Thumb Code   128  vl53lx_hist_core.o(.text.VL53LX_f_030)
    VL53LX_f_031                             0x0800cc15   Thumb Code   704  vl53lx_hist_core.o(.text.VL53LX_f_031)
    VL53LX_f_032                             0x0800ced5   Thumb Code   618  vl53lx_xtalk.o(.text.VL53LX_f_032)
    VL53LX_f_033                             0x0800d141   Thumb Code   256  vl53lx_xtalk.o(.text.VL53LX_f_033)
    VL53LX_get_customer_nvm_managed          0x0800d241   Thumb Code   152  vl53lx_register_funcs.o(.text.VL53LX_get_customer_nvm_managed)
    VL53LX_get_device_results                0x0800d2d9   Thumb Code  1934  vl53lx_api_core.o(.text.VL53LX_get_device_results)
    VL53LX_get_dmax_calibration_data         0x0800da69   Thumb Code   108  vl53lx_api_core.o(.text.VL53LX_get_dmax_calibration_data)
    VL53LX_get_histogram_bin_data            0x0800dad5   Thumb Code   892  vl53lx_api_core.o(.text.VL53LX_get_histogram_bin_data)
    VL53LX_get_measurement_results           0x0800de51   Thumb Code   300  vl53lx_api_core.o(.text.VL53LX_get_measurement_results)
    VL53LX_get_mode_mitigation_roi           0x0800df7d   Thumb Code   106  vl53lx_api_core.o(.text.VL53LX_get_mode_mitigation_roi)
    VL53LX_get_nvm_copy_data                 0x0800dfe9   Thumb Code    78  vl53lx_register_funcs.o(.text.VL53LX_get_nvm_copy_data)
    VL53LX_get_preset_mode_timing_cfg        0x0800e039   Thumb Code   204  vl53lx_api_core.o(.text.VL53LX_get_preset_mode_timing_cfg)
    VL53LX_get_static_nvm_managed            0x0800e105   Thumb Code    72  vl53lx_register_funcs.o(.text.VL53LX_get_static_nvm_managed)
    VL53LX_get_timeouts_us                   0x0800e14d   Thumb Code   208  vl53lx_api_core.o(.text.VL53LX_get_timeouts_us)
    VL53LX_get_tuning_parm                   0x0800e21d   Thumb Code  2720  vl53lx_api_core.o(.text.VL53LX_get_tuning_parm)
    VL53LX_hist_calc_zero_distance_phase     0x0800ecbd   Thumb Code   110  vl53lx_core_support.o(.text.VL53LX_hist_calc_zero_distance_phase)
    VL53LX_hist_combine_mm1_mm2_offsets      0x0800ed2d   Thumb Code   320  vl53lx_core.o(.text.VL53LX_hist_combine_mm1_mm2_offsets)
    VL53LX_hist_copy_and_scale_ambient_info  0x0800ee6d   Thumb Code   292  vl53lx_core.o(.text.VL53LX_hist_copy_and_scale_ambient_info)
    VL53LX_hist_copy_results_to_sys_and_core 0x0800ef91   Thumb Code   324  vl53lx_core.o(.text.VL53LX_hist_copy_results_to_sys_and_core)
    VL53LX_hist_estimate_ambient_from_ambient_bins 0x0800f0d5   Thumb Code   140  vl53lx_core_support.o(.text.VL53LX_hist_estimate_ambient_from_ambient_bins)
    VL53LX_hist_estimate_ambient_from_thresholded_bins 0x0800f161   Thumb Code   240  vl53lx_core_support.o(.text.VL53LX_hist_estimate_ambient_from_thresholded_bins)
    VL53LX_hist_events_consistency_check     0x0800f251   Thumb Code   814  vl53lx_core.o(.text.VL53LX_hist_events_consistency_check)
    VL53LX_hist_find_min_max_bin_values      0x0800f581   Thumb Code   144  vl53lx_core_support.o(.text.VL53LX_hist_find_min_max_bin_values)
    VL53LX_hist_get_bin_sequence_config      0x0800f611   Thumb Code   644  vl53lx_core.o(.text.VL53LX_hist_get_bin_sequence_config)
    VL53LX_hist_merged_pulse_check           0x0800f895   Thumb Code   120  vl53lx_core.o(.text.VL53LX_hist_merged_pulse_check)
    VL53LX_hist_phase_consistency_check      0x0800f90d   Thumb Code   632  vl53lx_core.o(.text.VL53LX_hist_phase_consistency_check)
    VL53LX_hist_process_data                 0x0800fb85   Thumb Code   734  vl53lx_hist_funcs.o(.text.VL53LX_hist_process_data)
    VL53LX_hist_remove_ambient_bins          0x0800fe65   Thumb Code   288  vl53lx_core_support.o(.text.VL53LX_hist_remove_ambient_bins)
    VL53LX_hist_wrap_dmax                    0x0800ff85   Thumb Code    94  vl53lx_core.o(.text.VL53LX_hist_wrap_dmax)
    VL53LX_hist_xmonitor_consistency_check   0x0800ffe5   Thumb Code   192  vl53lx_core.o(.text.VL53LX_hist_xmonitor_consistency_check)
    VL53LX_i2c_decode_core_results           0x080100a5   Thumb Code   192  vl53lx_register_funcs.o(.text.VL53LX_i2c_decode_core_results)
    VL53LX_i2c_decode_customer_nvm_managed   0x08010165   Thumb Code   256  vl53lx_register_funcs.o(.text.VL53LX_i2c_decode_customer_nvm_managed)
    VL53LX_i2c_decode_debug_results          0x08010265   Thumb Code   642  vl53lx_register_funcs.o(.text.VL53LX_i2c_decode_debug_results)
    VL53LX_i2c_decode_int16_t                0x080104e9   Thumb Code    82  vl53lx_core.o(.text.VL53LX_i2c_decode_int16_t)
    VL53LX_i2c_decode_int32_t                0x0801053d   Thumb Code    72  vl53lx_core.o(.text.VL53LX_i2c_decode_int32_t)
    VL53LX_i2c_decode_nvm_copy_data          0x08010585   Thumb Code   554  vl53lx_register_funcs.o(.text.VL53LX_i2c_decode_nvm_copy_data)
    VL53LX_i2c_decode_static_nvm_managed     0x080107b1   Thumb Code   164  vl53lx_register_funcs.o(.text.VL53LX_i2c_decode_static_nvm_managed)
    VL53LX_i2c_decode_system_results         0x08010855   Thumb Code   422  vl53lx_register_funcs.o(.text.VL53LX_i2c_decode_system_results)
    VL53LX_i2c_decode_uint16_t               0x080109fd   Thumb Code    62  vl53lx_core.o(.text.VL53LX_i2c_decode_uint16_t)
    VL53LX_i2c_decode_uint32_t               0x08010a3d   Thumb Code    54  vl53lx_core.o(.text.VL53LX_i2c_decode_uint32_t)
    VL53LX_i2c_encode_customer_nvm_managed   0x08010a75   Thumb Code   252  vl53lx_register_funcs.o(.text.VL53LX_i2c_encode_customer_nvm_managed)
    VL53LX_i2c_encode_dynamic_config         0x08010b71   Thumb Code   232  vl53lx_register_funcs.o(.text.VL53LX_i2c_encode_dynamic_config)
    VL53LX_i2c_encode_general_config         0x08010c59   Thumb Code   236  vl53lx_register_funcs.o(.text.VL53LX_i2c_encode_general_config)
    VL53LX_i2c_encode_int16_t                0x08010d45   Thumb Code   100  vl53lx_core.o(.text.VL53LX_i2c_encode_int16_t)
    VL53LX_i2c_encode_static_config          0x08010da9   Thumb Code   374  vl53lx_register_funcs.o(.text.VL53LX_i2c_encode_static_config)
    VL53LX_i2c_encode_static_nvm_managed     0x08010f21   Thumb Code   164  vl53lx_register_funcs.o(.text.VL53LX_i2c_encode_static_nvm_managed)
    VL53LX_i2c_encode_system_control         0x08010fc5   Thumb Code   108  vl53lx_register_funcs.o(.text.VL53LX_i2c_encode_system_control)
    VL53LX_i2c_encode_timing_config          0x08011031   Thumb Code   234  vl53lx_register_funcs.o(.text.VL53LX_i2c_encode_timing_config)
    VL53LX_i2c_encode_uint16_t               0x0801111d   Thumb Code    98  vl53lx_core.o(.text.VL53LX_i2c_encode_uint16_t)
    VL53LX_i2c_encode_uint32_t               0x08011181   Thumb Code    86  vl53lx_core.o(.text.VL53LX_i2c_encode_uint32_t)
    VL53LX_init_and_start_range              0x080111d9   Thumb Code  1062  vl53lx_api_core.o(.text.VL53LX_init_and_start_range)
    VL53LX_init_hist_gen3_dmax_config_struct 0x08011601   Thumb Code    98  vl53lx_api_preset_modes.o(.text.VL53LX_init_hist_gen3_dmax_config_struct)
    VL53LX_init_hist_post_process_config_struct 0x08011665   Thumb Code   238  vl53lx_api_preset_modes.o(.text.VL53LX_init_hist_post_process_config_struct)
    VL53LX_init_histogram_bin_data_struct    0x08011755   Thumb Code   332  vl53lx_core_support.o(.text.VL53LX_init_histogram_bin_data_struct)
    VL53LX_init_histogram_config_structure   0x080118a1   Thumb Code   300  vl53lx_core.o(.text.VL53LX_init_histogram_config_structure)
    VL53LX_init_histogram_multizone_config_structure 0x080119cd   Thumb Code   300  vl53lx_core.o(.text.VL53LX_init_histogram_multizone_config_structure)
    VL53LX_init_ll_driver_state              0x08011af9   Thumb Code    76  vl53lx_core.o(.text.VL53LX_init_ll_driver_state)
    VL53LX_init_offset_cal_config_struct     0x08011b45   Thumb Code    64  vl53lx_api_preset_modes.o(.text.VL53LX_init_offset_cal_config_struct)
    VL53LX_init_refspadchar_config_struct    0x08011b85   Thumb Code    62  vl53lx_api_preset_modes.o(.text.VL53LX_init_refspadchar_config_struct)
    VL53LX_init_ssc_config_struct            0x08011bc5   Thumb Code    54  vl53lx_api_preset_modes.o(.text.VL53LX_init_ssc_config_struct)
    VL53LX_init_system_results               0x08011bfd   Thumb Code   112  vl53lx_core.o(.text.VL53LX_init_system_results)
    VL53LX_init_tuning_parm_storage_struct   0x08011c6d   Thumb Code   850  vl53lx_api_preset_modes.o(.text.VL53LX_init_tuning_parm_storage_struct)
    VL53LX_init_version                      0x08011fc1   Thumb Code    40  vl53lx_core.o(.text.VL53LX_init_version)
    VL53LX_init_xtalk_bin_data_struct        0x08011fe9   Thumb Code   158  vl53lx_core.o(.text.VL53LX_init_xtalk_bin_data_struct)
    VL53LX_init_xtalk_config_struct          0x08012089   Thumb Code   206  vl53lx_api_preset_modes.o(.text.VL53LX_init_xtalk_config_struct)
    VL53LX_init_xtalk_extract_config_struct  0x08012159   Thumb Code    84  vl53lx_api_preset_modes.o(.text.VL53LX_init_xtalk_extract_config_struct)
    VL53LX_init_zone_cal_config_struct       0x080121ad   Thumb Code    62  vl53lx_api_preset_modes.o(.text.VL53LX_init_zone_cal_config_struct)
    VL53LX_init_zone_config_histogram_bins   0x080121ed   Thumb Code    66  vl53lx_api_core.o(.text.VL53LX_init_zone_config_histogram_bins)
    VL53LX_ipp_hist_process_data             0x08012231   Thumb Code   100  vl53lx_platform_ipp.o(.text.VL53LX_ipp_hist_process_data)
    VL53LX_is_aperture_location              0x08012295   Thumb Code   100  vl53lx_core.o(.text.VL53LX_is_aperture_location)
    VL53LX_is_new_data_ready                 0x080122f9   Thumb Code   128  vl53lx_wait.o(.text.VL53LX_is_new_data_ready)
    VL53LX_isqrt                             0x08012379   Thumb Code   102  vl53lx_core_support.o(.text.VL53LX_isqrt)
    VL53LX_load_patch                        0x080123e1   Thumb Code   378  vl53lx_api_core.o(.text.VL53LX_load_patch)
    VL53LX_low_power_auto_data_init          0x0801255d   Thumb Code    98  vl53lx_core.o(.text.VL53LX_low_power_auto_data_init)
    VL53LX_low_power_auto_data_stop_range    0x080125c1   Thumb Code   118  vl53lx_core.o(.text.VL53LX_low_power_auto_data_stop_range)
    VL53LX_low_power_auto_setup_manual_calibration 0x08012639   Thumb Code   116  vl53lx_core.o(.text.VL53LX_low_power_auto_setup_manual_calibration)
    VL53LX_low_power_auto_update_DSS         0x080126ad   Thumb Code   244  vl53lx_core.o(.text.VL53LX_low_power_auto_update_DSS)
    VL53LX_multizone_hist_bins_update        0x080127a1   Thumb Code   364  vl53lx_core.o(.text.VL53LX_multizone_hist_bins_update)
    VL53LX_nvm_decode_additional_offset_cal_data 0x0801290d   Thumb Code   116  vl53lx_nvm.o(.text.VL53LX_nvm_decode_additional_offset_cal_data)
    VL53LX_nvm_decode_cal_peak_rate_map      0x08012981   Thumb Code   178  vl53lx_nvm.o(.text.VL53LX_nvm_decode_cal_peak_rate_map)
    VL53LX_nvm_decode_fmt_range_results_data 0x08012a35   Thumb Code   180  vl53lx_nvm.o(.text.VL53LX_nvm_decode_fmt_range_results_data)
    VL53LX_nvm_decode_optical_centre         0x08012ae9   Thumb Code   112  vl53lx_nvm.o(.text.VL53LX_nvm_decode_optical_centre)
    VL53LX_nvm_disable                       0x08012b59   Thumb Code   112  vl53lx_nvm.o(.text.VL53LX_nvm_disable)
    VL53LX_nvm_enable                        0x08012bc9   Thumb Code   216  vl53lx_nvm.o(.text.VL53LX_nvm_enable)
    VL53LX_nvm_read                          0x08012ca1   Thumb Code   214  vl53lx_nvm.o(.text.VL53LX_nvm_read)
    VL53LX_poll_for_boot_completion          0x08012d79   Thumb Code    86  vl53lx_wait.o(.text.VL53LX_poll_for_boot_completion)
    VL53LX_poll_for_range_completion         0x08012dd1   Thumb Code   104  vl53lx_wait.o(.text.VL53LX_poll_for_range_completion)
    VL53LX_preset_mode_histogram_long_range  0x08012e39   Thumb Code   398  vl53lx_api_preset_modes.o(.text.VL53LX_preset_mode_histogram_long_range)
    VL53LX_preset_mode_histogram_medium_range 0x08012fc9   Thumb Code   378  vl53lx_api_preset_modes.o(.text.VL53LX_preset_mode_histogram_medium_range)
    VL53LX_preset_mode_histogram_ranging     0x08013145   Thumb Code   368  vl53lx_api_preset_modes.o(.text.VL53LX_preset_mode_histogram_ranging)
    VL53LX_preset_mode_histogram_short_range 0x080132b5   Thumb Code   354  vl53lx_api_preset_modes.o(.text.VL53LX_preset_mode_histogram_short_range)
    VL53LX_preset_mode_standard_ranging      0x08013419   Thumb Code   826  vl53lx_api_preset_modes.o(.text.VL53LX_preset_mode_standard_ranging)
    VL53LX_range_maths                       0x08013755   Thumb Code   352  vl53lx_core_support.o(.text.VL53LX_range_maths)
    VL53LX_rate_maths                        0x080138b5   Thumb Code   150  vl53lx_core_support.o(.text.VL53LX_rate_maths)
    VL53LX_rate_per_spad_maths               0x0801394d   Thumb Code    98  vl53lx_core_support.o(.text.VL53LX_rate_per_spad_maths)
    VL53LX_read_nvm_additional_offset_cal_data 0x080139b1   Thumb Code    66  vl53lx_nvm.o(.text.VL53LX_read_nvm_additional_offset_cal_data)
    VL53LX_read_nvm_cal_peak_rate_map        0x080139f5   Thumb Code    66  vl53lx_nvm.o(.text.VL53LX_read_nvm_cal_peak_rate_map)
    VL53LX_read_nvm_fmt_range_results_data   0x08013a39   Thumb Code    76  vl53lx_nvm.o(.text.VL53LX_read_nvm_fmt_range_results_data)
    VL53LX_read_nvm_optical_centre           0x08013a85   Thumb Code    66  vl53lx_nvm.o(.text.VL53LX_read_nvm_optical_centre)
    VL53LX_read_nvm_raw_data                 0x08013ac9   Thumb Code   104  vl53lx_nvm.o(.text.VL53LX_read_nvm_raw_data)
    VL53LX_read_p2p_data                     0x08013b31   Thumb Code   568  vl53lx_api_core.o(.text.VL53LX_read_p2p_data)
    VL53LX_run_device_test                   0x08013d69   Thumb Code   248  vl53lx_api_calibration.o(.text.VL53LX_run_device_test)
    VL53LX_run_ref_spad_char                 0x08013e61   Thumb Code   478  vl53lx_api_calibration.o(.text.VL53LX_run_ref_spad_char)
    VL53LX_save_cfg_data                     0x08014041   Thumb Code    98  vl53lx_core.o(.text.VL53LX_save_cfg_data)
    VL53LX_set_dmax_mode                     0x080140a5   Thumb Code    36  vl53lx_api_core.o(.text.VL53LX_set_dmax_mode)
    VL53LX_set_firmware_enable_register      0x080140c9   Thumb Code    58  vl53lx_core.o(.text.VL53LX_set_firmware_enable_register)
    VL53LX_set_inter_measurement_period_ms   0x08014105   Thumb Code    80  vl53lx_api_core.o(.text.VL53LX_set_inter_measurement_period_ms)
    VL53LX_set_powerforce_register           0x08014155   Thumb Code    58  vl53lx_core.o(.text.VL53LX_set_powerforce_register)
    VL53LX_set_preset_mode                   0x08014191   Thumb Code   446  vl53lx_api_core.o(.text.VL53LX_set_preset_mode)
    VL53LX_set_ref_spad_char_config          0x08014351   Thumb Code   350  vl53lx_core.o(.text.VL53LX_set_ref_spad_char_config)
    VL53LX_set_system_control                0x080144b1   Thumb Code    76  vl53lx_register_funcs.o(.text.VL53LX_set_system_control)
    VL53LX_set_timeouts_us                   0x080144fd   Thumb Code   118  vl53lx_api_core.o(.text.VL53LX_set_timeouts_us)
    VL53LX_set_user_zone                     0x08014575   Thumb Code    60  vl53lx_api_core.o(.text.VL53LX_set_user_zone)
    VL53LX_set_zone_config                   0x080145b1   Thumb Code   128  vl53lx_api_core.o(.text.VL53LX_set_zone_config)
    VL53LX_set_zone_dss_config               0x08014631   Thumb Code    72  vl53lx_api_core.o(.text.VL53LX_set_zone_dss_config)
    VL53LX_spad_number_to_byte_bit_index     0x08014679   Thumb Code    50  vl53lx_core.o(.text.VL53LX_spad_number_to_byte_bit_index)
    VL53LX_start_test                        0x080146ad   Thumb Code    50  vl53lx_core.o(.text.VL53LX_start_test)
    VL53LX_stop_range                        0x080146e1   Thumb Code   136  vl53lx_api_core.o(.text.VL53LX_stop_range)
    VL53LX_unload_patch                      0x08014769   Thumb Code   110  vl53lx_api_core.o(.text.VL53LX_unload_patch)
    VL53LX_update_internal_stream_counters   0x080147d9   Thumb Code   124  vl53lx_core.o(.text.VL53LX_update_internal_stream_counters)
    VL53LX_update_ll_driver_cfg_state        0x08014855   Thumb Code   560  vl53lx_core.o(.text.VL53LX_update_ll_driver_cfg_state)
    VL53LX_update_ll_driver_rd_state         0x08014a85   Thumb Code   432  vl53lx_core.o(.text.VL53LX_update_ll_driver_rd_state)
    VL53LX_wait_for_test_completion          0x08014c35   Thumb Code   136  vl53lx_wait.o(.text.VL53LX_wait_for_test_completion)
    VL53LX_xtalk_cal_data_init               0x08014cbd   Thumb Code    86  vl53lx_core.o(.text.VL53LX_xtalk_cal_data_init)
    _I2CRead                                 0x08014d15   Thumb Code    28  vl53lx_platform.o(.text._I2CRead)
    _I2CWrite                                0x08014d31   Thumb Code    28  vl53lx_platform.o(.text._I2CWrite)
    fputc                                    0x08014e19   Thumb Code    50  custom.o(.text.fputc)
    main                                     0x08014e4d   Thumb Code   174  main.o(.text.main)
    __0printf                                0x08015831   Thumb Code    22  printfa.o(i.__0printf)
    __1printf                                0x08015831   Thumb Code     0  printfa.o(i.__0printf)
    __2printf                                0x08015831   Thumb Code     0  printfa.o(i.__0printf)
    __c89printf                              0x08015831   Thumb Code     0  printfa.o(i.__0printf)
    printf                                   0x08015831   Thumb Code     0  printfa.o(i.__0printf)
    __scatterload_copy                       0x08015851   Thumb Code    14  handlers.o(i.__scatterload_copy)
    __scatterload_null                       0x0801585f   Thumb Code     2  handlers.o(i.__scatterload_null)
    __scatterload_zeroinit                   0x08015861   Thumb Code    14  handlers.o(i.__scatterload_zeroinit)
    AHBPrescTable                            0x08016122   Data          16  system_stm32h5xx.o(.rodata.AHBPrescTable)
    APBPrescTable                            0x08016132   Data           8  system_stm32h5xx.o(.rodata.APBPrescTable)
    UARTPrescTable                           0x0801614a   Data          24  stm32h5xx_hal_uart.o(.rodata.UARTPrescTable)
    Region$$Table$$Base                      0x08016228   Number         0  anon$$obj.o(Region$$Table)
    Region$$Table$$Limit                     0x08016248   Number         0  anon$$obj.o(Region$$Table)
    __stdout                                 0x20000000   Data           4  stdout.o(.data)
    COM_USART                                0x20000030   Data           4  custom.o(.data.COM_USART)
    SystemCoreClock                          0x20000034   Data           4  system_stm32h5xx.o(.data.SystemCoreClock)
    VL53L4CX_RANGING_SENSOR_Driver           0x20000038   Data          56  vl53l4cx.o(.data.VL53L4CX_RANGING_SENSOR_Driver)
    uwTickFreq                               0x20000070   Data           1  stm32h5xx_hal.o(.data.uwTickFreq)
    uwTickPrio                               0x20000074   Data           4  stm32h5xx_hal.o(.data.uwTickPrio)
    CUSTOM_RANGING_CompObj                   0x2000007c   Data           4  custom_ranging_sensor.o(.bss.CUSTOM_RANGING_CompObj)
    _I2CBuffer                               0x200025f8   Data         256  vl53lx_platform.o(.bss._I2CBuffer)
    hcom_uart                                0x200026f8   Data         148  custom.o(.bss.hcom_uart)
    hi2c1                                    0x2000278c   Data          84  custom_bus.o(.bss.hi2c1)
    uwTick                                   0x200027e8   Data           4  stm32h5xx_hal.o(.bss.uwTick)
    __initial_sp                             0x20006848   Data           0  startup_stm32h503xx.o(STACK)



==============================================================================

Memory Map of the image

  Image Entry point : 0x08000259

  Load Region LR_IROM1 (Base: 0x08000000, Size: 0x000162c0, Max: 0x00020000, ABSOLUTE)

    Execution Region ER_IROM1 (Exec base: 0x08000000, Load base: 0x08000000, Size: 0x00016248, Max: 0x00020000, ABSOLUTE)

    Exec Addr    Load Addr    Size         Type   Attr      Idx    E Section Name        Object

    0x08000000   0x08000000   0x00000258   Data   RO            3    RESET               startup_stm32h503xx.o
    0x08000258   0x08000258   0x00000000   Code   RO         2372  * .ARM.Collect$$$$00000000  mc_w.l(entry.o)
    0x08000258   0x08000258   0x00000004   Code   RO         2415    .ARM.Collect$$$$00000001  mc_w.l(entry2.o)
    0x0800025c   0x0800025c   0x00000004   Code   RO         2418    .ARM.Collect$$$$00000004  mc_w.l(entry5.o)
    0x08000260   0x08000260   0x00000000   Code   RO         2420    .ARM.Collect$$$$00000008  mc_w.l(entry7b.o)
    0x08000260   0x08000260   0x00000000   Code   RO         2422    .ARM.Collect$$$$0000000A  mc_w.l(entry8b.o)
    0x08000260   0x08000260   0x00000008   Code   RO         2423    .ARM.Collect$$$$0000000B  mc_w.l(entry9a.o)
    0x08000268   0x08000268   0x00000000   Code   RO         2425    .ARM.Collect$$$$0000000D  mc_w.l(entry10a.o)
    0x08000268   0x08000268   0x00000000   Code   RO         2427    .ARM.Collect$$$$0000000F  mc_w.l(entry11a.o)
    0x08000268   0x08000268   0x00000004   Code   RO         2416    .ARM.Collect$$$$00002712  mc_w.l(entry2.o)
    0x0800026c   0x0800026c   0x00000028   Code   RO            4    .text               startup_stm32h503xx.o
    0x08000294   0x08000294   0x00000062   Code   RO         2375    .text               mc_w.l(uldiv.o)
    0x080002f6   0x080002f6   0x00000062   Code   RO         2377    .text               mc_w.l(ldiv.o)
    0x08000358   0x08000358   0x00000024   Code   RO         2379    .text               mc_w.l(memcpya.o)
    0x0800037c   0x0800037c   0x00000024   Code   RO         2381    .text               mc_w.l(memseta.o)
    0x080003a0   0x080003a0   0x00000018   Code   RO         2383    .text               mc_w.l(strncpy.o)
    0x080003b8   0x080003b8   0x0000002c   Code   RO         2439    .text               mc_w.l(uidiv.o)
    0x080003e4   0x080003e4   0x0000001e   Code   RO         2441    .text               mc_w.l(llshl.o)
    0x08000402   0x08000402   0x00000020   Code   RO         2443    .text               mc_w.l(llushr.o)
    0x08000422   0x08000422   0x00000000   Code   RO         2445    .text               mc_w.l(iusefp.o)
    0x08000422   0x08000422   0x0000014e   Code   RO         2446    .text               mf_w.l(dadd.o)
    0x08000570   0x08000570   0x000000e4   Code   RO         2448    .text               mf_w.l(dmul.o)
    0x08000654   0x08000654   0x000000de   Code   RO         2450    .text               mf_w.l(ddiv.o)
    0x08000732   0x08000732   0x00000030   Code   RO         2452    .text               mf_w.l(dfixul.o)
    0x08000762   0x08000762   0x00000002   PAD
    0x08000764   0x08000764   0x00000030   Code   RO         2454    .text               mf_w.l(cdrcmple.o)
    0x08000794   0x08000794   0x00000024   Code   RO         2456    .text               mc_w.l(init.o)
    0x080007b8   0x080007b8   0x00000024   Code   RO         2458    .text               mc_w.l(llsshr.o)
    0x080007dc   0x080007dc   0x000000ba   Code   RO         2460    .text               mf_w.l(depilogue.o)
    0x08000896   0x08000896   0x00000002   PAD
    0x08000898   0x08000898   0x00000072   Code   RO         1202    .text.BSP_COM_Init  custom.o
    0x0800090a   0x0800090a   0x00000002   PAD
    0x0800090c   0x0800090c   0x00000008   Code   RO           76    .text.BSP_GetTick   custom_bus.o
    0x08000914   0x08000914   0x00000052   Code   RO           58    .text.BSP_I2C1_DeInit  custom_bus.o
    0x08000966   0x08000966   0x00000002   PAD
    0x08000968   0x08000968   0x00000094   Code   RO           52    .text.BSP_I2C1_Init  custom_bus.o
    0x080009fc   0x080009fc   0x00000060   Code   RO           74    .text.BSP_I2C1_Recv  custom_bus.o
    0x08000a5c   0x08000a5c   0x00000060   Code   RO           72    .text.BSP_I2C1_Send  custom_bus.o
    0x08000abc   0x08000abc   0x00000004   Code   RO           93    .text.BusFault_Handler  stm32h5xx_it.o
    0x08000ac0   0x08000ac0   0x00000054   Code   RO          132    .text.CUSTOM_RANGING_SENSOR_ConfigProfile  custom_ranging_sensor.o
    0x08000b14   0x08000b14   0x00000054   Code   RO          130    .text.CUSTOM_RANGING_SENSOR_GetCapabilities  custom_ranging_sensor.o
    0x08000b68   0x08000b68   0x00000054   Code   RO          138    .text.CUSTOM_RANGING_SENSOR_GetDistance  custom_ranging_sensor.o
    0x08000bbc   0x08000bbc   0x00000048   Code   RO          120    .text.CUSTOM_RANGING_SENSOR_Init  custom_ranging_sensor.o
    0x08000c04   0x08000c04   0x00000054   Code   RO          128    .text.CUSTOM_RANGING_SENSOR_ReadID  custom_ranging_sensor.o
    0x08000c58   0x08000c58   0x00000058   Code   RO          140    .text.CUSTOM_RANGING_SENSOR_Start  custom_ranging_sensor.o
    0x08000cb0   0x08000cb0   0x00000066   Code   RO          218    .text.CheckValidRectRoi  vl53lx_api.o
    0x08000d16   0x08000d16   0x00000002   PAD
    0x08000d18   0x08000d18   0x00000060   Code   RO          264    .text.ComputeDevicePresetMode  vl53lx_api.o
    0x08000d78   0x08000d78   0x0000007e   Code   RO          268    .text.ConvertStatusHisto  vl53lx_api.o
    0x08000df6   0x08000df6   0x00000002   PAD
    0x08000df8   0x08000df8   0x00000002   Code   RO           99    .text.DebugMon_Handler  stm32h5xx_it.o
    0x08000dfa   0x08000dfa   0x00000002   PAD
    0x08000dfc   0x08000dfc   0x00000006   Code   RO           17    .text.Error_Handler  main.o
    0x08000e02   0x08000e02   0x00000002   PAD
    0x08000e04   0x08000e04   0x00000042   Code   RO         2008    .text.HAL_Delay     stm32h5xx_hal.o
    0x08000e46   0x08000e46   0x00000002   PAD
    0x08000e48   0x08000e48   0x0000014e   Code   RO         1766    .text.HAL_GPIO_DeInit  stm32h5xx_hal_gpio.o
    0x08000f96   0x08000f96   0x00000002   PAD
    0x08000f98   0x08000f98   0x000002ce   Code   RO         1764    .text.HAL_GPIO_Init  stm32h5xx_hal_gpio.o
    0x08001266   0x08001266   0x00000002   PAD
    0x08001268   0x08001268   0x0000002e   Code   RO         1768    .text.HAL_GPIO_ReadPin  stm32h5xx_hal_gpio.o
    0x08001296   0x08001296   0x00000002   PAD
    0x08001298   0x08001298   0x0000002c   Code   RO         1770    .text.HAL_GPIO_WritePin  stm32h5xx_hal_gpio.o
    0x080012c4   0x080012c4   0x0000000c   Code   RO         2000    .text.HAL_GetTick   stm32h5xx_hal.o
    0x080012d0   0x080012d0   0x00000098   Code   RO         1395    .text.HAL_I2CEx_ConfigAnalogFilter  stm32h5xx_hal_i2c_ex.o
    0x08001368   0x08001368   0x000000a2   Code   RO         1397    .text.HAL_I2CEx_ConfigDigitalFilter  stm32h5xx_hal_i2c_ex.o
    0x0800140a   0x0800140a   0x00000002   PAD
    0x0800140c   0x0800140c   0x00000060   Code   RO         1230    .text.HAL_I2C_DeInit  stm32h5xx_hal_i2c.o
    0x0800146c   0x0800146c   0x0000000c   Code   RO         1370    .text.HAL_I2C_GetError  stm32h5xx_hal_i2c.o
    0x08001478   0x08001478   0x0000000e   Code   RO         1366    .text.HAL_I2C_GetState  stm32h5xx_hal_i2c.o
    0x08001486   0x08001486   0x00000002   PAD
    0x08001488   0x08001488   0x00000114   Code   RO         1226    .text.HAL_I2C_Init  stm32h5xx_hal_i2c.o
    0x0800159c   0x0800159c   0x0000021c   Code   RO         1244    .text.HAL_I2C_Master_Receive  stm32h5xx_hal_i2c.o
    0x080017b8   0x080017b8   0x0000021a   Code   RO         1234    .text.HAL_I2C_Master_Transmit  stm32h5xx_hal_i2c.o
    0x080019d2   0x080019d2   0x00000002   PAD
    0x080019d4   0x080019d4   0x00000008   Code   RO         1232    .text.HAL_I2C_MspDeInit  stm32h5xx_hal_i2c.o
    0x080019dc   0x080019dc   0x00000008   Code   RO         1228    .text.HAL_I2C_MspInit  stm32h5xx_hal_i2c.o
    0x080019e4   0x080019e4   0x00000040   Code   RO         2318    .text.HAL_ICACHE_ConfigAssociativityMode  stm32h5xx_hal_icache.o
    0x08001a24   0x08001a24   0x00000014   Code   RO         2322    .text.HAL_ICACHE_Enable  stm32h5xx_hal_icache.o
    0x08001a38   0x08001a38   0x0000001a   Code   RO         1998    .text.HAL_IncTick   stm32h5xx_hal.o
    0x08001a52   0x08001a52   0x00000002   PAD
    0x08001a54   0x08001a54   0x0000005e   Code   RO         1988    .text.HAL_Init      stm32h5xx_hal.o
    0x08001ab2   0x08001ab2   0x00000002   PAD
    0x08001ab4   0x08001ab4   0x00000114   Code   RO         1990    .text.HAL_InitTick  stm32h5xx_hal.o
    0x08001bc8   0x08001bc8   0x00000002   Code   RO          112    .text.HAL_MspInit   stm32h5xx_hal_msp.o
    0x08001bca   0x08001bca   0x00000002   PAD
    0x08001bcc   0x08001bcc   0x0000002e   Code   RO         1911    .text.HAL_NVIC_SetPriority  stm32h5xx_hal_cortex.o
    0x08001bfa   0x08001bfa   0x00000002   PAD
    0x08001bfc   0x08001bfc   0x00000010   Code   RO         1907    .text.HAL_NVIC_SetPriorityGrouping  stm32h5xx_hal_cortex.o
    0x08001c0c   0x08001c0c   0x000002f8   Code   RO         1604    .text.HAL_RCCEx_GetPLL1ClockFreq  stm32h5xx_hal_rcc_ex.o
    0x08001f04   0x08001f04   0x000002f8   Code   RO         1606    .text.HAL_RCCEx_GetPLL2ClockFreq  stm32h5xx_hal_rcc_ex.o
    0x080021fc   0x080021fc   0x00000ff0   Code   RO         1608    .text.HAL_RCCEx_GetPeriphCLKFreq  stm32h5xx_hal_rcc_ex.o
    0x080031ec   0x080031ec   0x00000a9a   Code   RO         1598    .text.HAL_RCCEx_PeriphCLKConfig  stm32h5xx_hal_rcc_ex.o
    0x08003c86   0x08003c86   0x00000002   PAD
    0x08003c88   0x08003c88   0x00000494   Code   RO         1563    .text.HAL_RCC_ClockConfig  stm32h5xx_hal_rcc.o
    0x0800411c   0x0800411c   0x00000034   Code   RO         1561    .text.HAL_RCC_GetHCLKFreq  stm32h5xx_hal_rcc.o
    0x08004150   0x08004150   0x00000026   Code   RO         1569    .text.HAL_RCC_GetPCLK1Freq  stm32h5xx_hal_rcc.o
    0x08004176   0x08004176   0x00000002   PAD
    0x08004178   0x08004178   0x00000026   Code   RO         1571    .text.HAL_RCC_GetPCLK2Freq  stm32h5xx_hal_rcc.o
    0x0800419e   0x0800419e   0x00000002   PAD
    0x080041a0   0x080041a0   0x00000026   Code   RO         1573    .text.HAL_RCC_GetPCLK3Freq  stm32h5xx_hal_rcc.o
    0x080041c6   0x080041c6   0x00000002   PAD
    0x080041c8   0x080041c8   0x000002cc   Code   RO         1565    .text.HAL_RCC_GetSysClockFreq  stm32h5xx_hal_rcc.o
    0x08004494   0x08004494   0x000009fc   Code   RO         1559    .text.HAL_RCC_OscConfig  stm32h5xx_hal_rcc.o
    0x08004e90   0x08004e90   0x0000009a   Code   RO         1957    .text.HAL_SYSTICK_CLKSourceConfig  stm32h5xx_hal_cortex.o
    0x08004f2a   0x08004f2a   0x00000002   PAD
    0x08004f2c   0x08004f2c   0x0000004a   Code   RO         1955    .text.HAL_SYSTICK_Config  stm32h5xx_hal_cortex.o
    0x08004f76   0x08004f76   0x00000002   PAD
    0x08004f78   0x08004f78   0x00000062   Code   RO         1959    .text.HAL_SYSTICK_GetCLKSourceConfig  stm32h5xx_hal_cortex.o
    0x08004fda   0x08004fda   0x00000002   PAD
    0x08004fdc   0x08004fdc   0x0000007c   Code   RO         2295    .text.HAL_UARTEx_DisableFifoMode  stm32h5xx_hal_uart_ex.o
    0x08005058   0x08005058   0x0000008c   Code   RO         2299    .text.HAL_UARTEx_SetRxFifoThreshold  stm32h5xx_hal_uart_ex.o
    0x080050e4   0x080050e4   0x0000008c   Code   RO         2297    .text.HAL_UARTEx_SetTxFifoThreshold  stm32h5xx_hal_uart_ex.o
    0x08005170   0x08005170   0x000000aa   Code   RO         2125    .text.HAL_UART_Init  stm32h5xx_hal_uart.o
    0x0800521a   0x0800521a   0x00000002   PAD
    0x0800521c   0x0800521c   0x00000008   Code   RO         2127    .text.HAL_UART_MspInit  stm32h5xx_hal_uart.o
    0x08005224   0x08005224   0x00000154   Code   RO         2145    .text.HAL_UART_Transmit  stm32h5xx_hal_uart.o
    0x08005378   0x08005378   0x00000004   Code   RO           89    .text.HardFault_Handler  stm32h5xx_it.o
    0x0800537c   0x0800537c   0x00000032   Code   RO           60    .text.I2C1_MspDeInit  custom_bus.o
    0x080053ae   0x080053ae   0x00000002   PAD
    0x080053b0   0x080053b0   0x000000ae   Code   RO           54    .text.I2C1_MspInit  custom_bus.o
    0x0800545e   0x0800545e   0x00000002   PAD
    0x08005460   0x08005460   0x00000040   Code   RO         1250    .text.I2C_Flush_TXDR  stm32h5xx_hal_i2c.o
    0x080054a0   0x080054a0   0x000001fe   Code   RO         1386    .text.I2C_IsErrorOccurred  stm32h5xx_hal_i2c.o
    0x0800569e   0x0800569e   0x00000002   PAD
    0x080056a0   0x080056a0   0x00000054   Code   RO         1238    .text.I2C_TransferConfig  stm32h5xx_hal_i2c.o
    0x080056f4   0x080056f4   0x000000c4   Code   RO         1236    .text.I2C_WaitOnFlagUntilTimeout  stm32h5xx_hal_i2c.o
    0x080057b8   0x080057b8   0x00000168   Code   RO         1246    .text.I2C_WaitOnRXNEFlagUntilTimeout  stm32h5xx_hal_i2c.o
    0x08005920   0x08005920   0x000000a2   Code   RO         1242    .text.I2C_WaitOnSTOPFlagUntilTimeout  stm32h5xx_hal_i2c.o
    0x080059c2   0x080059c2   0x00000002   PAD
    0x080059c4   0x080059c4   0x000000ac   Code   RO         1240    .text.I2C_WaitOnTXISFlagUntilTimeout  stm32h5xx_hal_i2c.o
    0x08005a70   0x08005a70   0x00000032   Code   RO          210    .text.IsL4          vl53lx_api.o
    0x08005aa2   0x08005aa2   0x00000002   PAD
    0x08005aa4   0x08005aa4   0x00000096   Code   RO           34    .text.MX_GPIO_Init  gpio.o
    0x08005b3a   0x08005b3a   0x00000002   PAD
    0x08005b3c   0x08005b3c   0x00000084   Code   RO           56    .text.MX_I2C1_Init  custom_bus.o
    0x08005bc0   0x08005bc0   0x00000022   Code   RO           43    .text.MX_ICACHE_Init  icache.o
    0x08005be2   0x08005be2   0x00000002   PAD
    0x08005be4   0x08005be4   0x00000008   Code   RO          163    .text.MX_TOF_Init   app_tof.o
    0x08005bec   0x08005bec   0x0000009c   Code   RO         1206    .text.MX_USART1_UART_Init  custom.o
    0x08005c88   0x08005c88   0x00000044   Code   RO          165    .text.MX_VL53L4CX_SimpleRanging_Init  app_tof.o
    0x08005ccc   0x08005ccc   0x00000004   Code   RO           91    .text.MemManage_Handler  stm32h5xx_it.o
    0x08005cd0   0x08005cd0   0x00000004   Code   RO           87    .text.NMI_Handler   stm32h5xx_it.o
    0x08005cd4   0x08005cd4   0x0000006c   Code   RO         1917    .text.NVIC_EncodePriority  stm32h5xx_hal_cortex.o
    0x08005d40   0x08005d40   0x00000002   Code   RO          101    .text.PendSV_Handler  stm32h5xx_it.o
    0x08005d42   0x08005d42   0x00000002   PAD
    0x08005d44   0x08005d44   0x0000016c   Code   RO         1600    .text.RCCEx_PLL2_Config  stm32h5xx_hal_rcc_ex.o
    0x08005eb0   0x08005eb0   0x00000002   Code   RO           97    .text.SVC_Handler   stm32h5xx_it.o
    0x08005eb2   0x08005eb2   0x00000002   PAD
    0x08005eb4   0x08005eb4   0x0000014a   Code   RO          234    .text.SetMeasurementData  vl53lx_api.o
    0x08005ffe   0x08005ffe   0x00000002   PAD
    0x08006000   0x08006000   0x000000a8   Code   RO          200    .text.SetPresetModeL3CX  vl53lx_api.o
    0x080060a8   0x080060a8   0x0000063e   Code   RO          266    .text.SetTargetData  vl53lx_api.o
    0x080066e6   0x080066e6   0x00000002   PAD
    0x080066e8   0x080066e8   0x00000008   Code   RO          103    .text.SysTick_Handler  stm32h5xx_it.o
    0x080066f0   0x080066f0   0x000000c6   Code   RO           13    .text.SystemClock_Config  main.o
    0x080067b6   0x080067b6   0x00000002   PAD
    0x080067b8   0x080067b8   0x00000116   Code   RO         2359    .text.SystemInit    system_stm32h5xx.o
    0x080068ce   0x080068ce   0x00000002   PAD
    0x080068d0   0x080068d0   0x0000008a   Code   RO         2293    .text.UARTEx_SetNbDataToProcess  stm32h5xx_hal_uart_ex.o
    0x0800695a   0x0800695a   0x00000002   PAD
    0x0800695c   0x0800695c   0x00000148   Code   RO         2129    .text.UART_AdvFeatureConfig  stm32h5xx_hal_uart.o
    0x08006aa4   0x08006aa4   0x00000146   Code   RO         2133    .text.UART_CheckIdleState  stm32h5xx_hal_uart.o
    0x08006bea   0x08006bea   0x00000002   PAD
    0x08006bec   0x08006bec   0x0000009e   Code   RO         2185    .text.UART_EndRxTransfer  stm32h5xx_hal_uart.o
    0x08006c8a   0x08006c8a   0x00000002   PAD
    0x08006c8c   0x08006c8c   0x000002f0   Code   RO         2131    .text.UART_SetConfig  stm32h5xx_hal_uart.o
    0x08006f7c   0x08006f7c   0x0000010c   Code   RO         2147    .text.UART_WaitOnFlagUntilTimeout  stm32h5xx_hal_uart.o
    0x08007088   0x08007088   0x000000ac   Code   RO         1204    .text.USART1_MspInit  custom.o
    0x08007134   0x08007134   0x00000004   Code   RO           95    .text.UsageFault_Handler  stm32h5xx_it.o
    0x08007138   0x08007138   0x0000006a   Code   RO          487    .text.V53L1_init_zone_dss_configs  vl53lx_core.o
    0x080071a2   0x080071a2   0x00000002   PAD
    0x080071a4   0x080071a4   0x0000006a   Code   RO          485    .text.V53L1_init_zone_results_structure  vl53lx_core.o
    0x0800720e   0x0800720e   0x00000002   PAD
    0x08007210   0x08007210   0x0000000e   Code   RO         1165    .text.VL53L4CX_ConfigIT  vl53l4cx.o
    0x0800721e   0x0800721e   0x00000002   PAD
    0x08007220   0x08007220   0x000000ba   Code   RO         1161    .text.VL53L4CX_ConfigProfile  vl53l4cx.o
    0x080072da   0x080072da   0x00000002   PAD
    0x080072dc   0x080072dc   0x0000005e   Code   RO         1163    .text.VL53L4CX_ConfigROI  vl53l4cx.o
    0x0800733a   0x0800733a   0x00000002   PAD
    0x0800733c   0x0800733c   0x00000042   Code   RO         1155    .text.VL53L4CX_DeInit  vl53l4cx.o
    0x0800737e   0x0800737e   0x00000002   PAD
    0x08007380   0x08007380   0x0000002e   Code   RO         1175    .text.VL53L4CX_GetAddress  vl53l4cx.o
    0x080073ae   0x080073ae   0x00000002   PAD
    0x080073b0   0x080073b0   0x0000003a   Code   RO         1159    .text.VL53L4CX_GetCapabilities  vl53l4cx.o
    0x080073ea   0x080073ea   0x00000002   PAD
    0x080073ec   0x080073ec   0x000000a8   Code   RO         1167    .text.VL53L4CX_GetDistance  vl53l4cx.o
    0x08007494   0x08007494   0x0000000e   Code   RO         1179    .text.VL53L4CX_GetPowerMode  vl53l4cx.o
    0x080074a2   0x080074a2   0x00000002   PAD
    0x080074a4   0x080074a4   0x00000094   Code   RO         1153    .text.VL53L4CX_Init  vl53l4cx.o
    0x08007538   0x08007538   0x00000116   Code   RO          124    .text.VL53L4CX_Probe  custom_ranging_sensor.o
    0x0800764e   0x0800764e   0x00000002   PAD
    0x08007650   0x08007650   0x00000038   Code   RO         1157    .text.VL53L4CX_ReadID  vl53l4cx.o
    0x08007688   0x08007688   0x00000068   Code   RO         1181    .text.VL53L4CX_RegisterBusIO  vl53l4cx.o
    0x080076f0   0x080076f0   0x00000040   Code   RO         1173    .text.VL53L4CX_SetAddress  vl53l4cx.o
    0x08007730   0x08007730   0x0000000e   Code   RO         1177    .text.VL53L4CX_SetPowerMode  vl53l4cx.o
    0x0800773e   0x0800773e   0x00000002   PAD
    0x08007740   0x08007740   0x000000de   Code   RO         1169    .text.VL53L4CX_Start  vl53l4cx.o
    0x0800781e   0x0800781e   0x00000002   PAD
    0x08007820   0x08007820   0x00000052   Code   RO         1171    .text.VL53L4CX_Stop  vl53l4cx.o
    0x08007872   0x08007872   0x00000002   PAD
    0x08007874   0x08007874   0x0000002a   Code   RO          226    .text.VL53LX_ClearInterruptAndStartMeasurement  vl53lx_api.o
    0x0800789e   0x0800789e   0x00000002   PAD
    0x080078a0   0x080078a0   0x000000c2   Code   RO          198    .text.VL53LX_DataInit  vl53lx_api.o
    0x08007962   0x08007962   0x00000002   PAD
    0x08007964   0x08007964   0x0000002c   Code   RO         1121    .text.VL53LX_Delay  vl53lx_platform.o
    0x08007990   0x08007990   0x00000022   Code   RO          228    .text.VL53LX_GetMeasurementDataReady  vl53lx_api.o
    0x080079b2   0x080079b2   0x00000002   PAD
    0x080079b4   0x080079b4   0x0000004a   Code   RO          232    .text.VL53LX_GetMultiRangingData  vl53lx_api.o
    0x080079fe   0x080079fe   0x00000002   PAD
    0x08007a00   0x08007a00   0x00000020   Code   RO         1115    .text.VL53LX_GetTickCount  vl53lx_platform.o
    0x08007a20   0x08007a20   0x00000108   Code   RO          242    .text.VL53LX_PerformRefSpadManagement  vl53lx_api.o
    0x08007b28   0x08007b28   0x00000062   Code   RO         1109    .text.VL53LX_RdByte  vl53lx_platform.o
    0x08007b8a   0x08007b8a   0x00000002   PAD
    0x08007b8c   0x08007b8c   0x0000007c   Code   RO         1111    .text.VL53LX_RdWord  vl53lx_platform.o
    0x08007c08   0x08007c08   0x00000064   Code   RO         1099    .text.VL53LX_ReadMulti  vl53lx_platform.o
    0x08007c6c   0x08007c6c   0x00000042   Code   RO          196    .text.VL53LX_SetDeviceAddress  vl53lx_api.o
    0x08007cae   0x08007cae   0x00000002   PAD
    0x08007cb0   0x08007cb0   0x000000e4   Code   RO          208    .text.VL53LX_SetDistanceMode  vl53lx_api.o
    0x08007d94   0x08007d94   0x000000f0   Code   RO          202    .text.VL53LX_SetMeasurementTimingBudgetMicroSeconds  vl53lx_api.o
    0x08007e84   0x08007e84   0x000000ca   Code   RO          216    .text.VL53LX_SetUserROI  vl53lx_api.o
    0x08007f4e   0x08007f4e   0x00000002   PAD
    0x08007f50   0x08007f50   0x000000f8   Code   RO          204    .text.VL53LX_SmudgeCorrectionEnable  vl53lx_api.o
    0x08008048   0x08008048   0x000000a6   Code   RO          222    .text.VL53LX_StartMeasurement  vl53lx_api.o
    0x080080ee   0x080080ee   0x00000002   PAD
    0x080080f0   0x080080f0   0x00000024   Code   RO          224    .text.VL53LX_StopMeasurement  vl53lx_api.o
    0x08008114   0x08008114   0x00000022   Code   RO          206    .text.VL53LX_WaitDeviceBooted  vl53lx_api.o
    0x08008136   0x08008136   0x00000002   PAD
    0x08008138   0x08008138   0x00000016   Code   RO         1119    .text.VL53LX_WaitMs  vl53lx_platform.o
    0x0800814e   0x0800814e   0x00000002   PAD
    0x08008150   0x08008150   0x00000028   Code   RO         1123    .text.VL53LX_WaitUs  vl53lx_platform.o
    0x08008178   0x08008178   0x00000110   Code   RO         1125    .text.VL53LX_WaitValueMaskEx  vl53lx_platform.o
    0x08008288   0x08008288   0x0000004e   Code   RO         1101    .text.VL53LX_WrByte  vl53lx_platform.o
    0x080082d6   0x080082d6   0x00000002   PAD
    0x080082d8   0x080082d8   0x00000054   Code   RO         1103    .text.VL53LX_WrWord  vl53lx_platform.o
    0x0800832c   0x0800832c   0x00000074   Code   RO         1097    .text.VL53LX_WriteMulti  vl53lx_platform.o
    0x080083a0   0x080083a0   0x0000004a   Code   RO          543    .text.VL53LX_calc_crosstalk_plane_offset_with_margin  vl53lx_core.o
    0x080083ea   0x080083ea   0x00000002   PAD
    0x080083ec   0x080083ec   0x0000002a   Code   RO          545    .text.VL53LX_calc_decoded_timeout_us  vl53lx_core.o
    0x08008416   0x08008416   0x00000002   PAD
    0x08008418   0x08008418   0x0000002c   Code   RO          537    .text.VL53LX_calc_encoded_timeout  vl53lx_core.o
    0x08008444   0x08008444   0x00000054   Code   RO          531    .text.VL53LX_calc_macro_period_us  vl53lx_core.o
    0x08008498   0x08008498   0x00000126   Code   RO          599    .text.VL53LX_calc_max_effective_spads  vl53lx_core.o
    0x080085be   0x080085be   0x00000002   PAD
    0x080085c0   0x080085c0   0x000001b8   Code   RO          573    .text.VL53LX_calc_mm_effective_spads  vl53lx_core.o
    0x08008778   0x08008778   0x00000036   Code   RO          681    .text.VL53LX_calc_pll_period_mm  vl53lx_core_support.o
    0x080087ae   0x080087ae   0x00000002   PAD
    0x080087b0   0x080087b0   0x0000002a   Code   RO          663    .text.VL53LX_calc_pll_period_us  vl53lx_core_support.o
    0x080087da   0x080087da   0x00000002   PAD
    0x080087dc   0x080087dc   0x000000d6   Code   RO          533    .text.VL53LX_calc_range_ignore_threshold  vl53lx_core.o
    0x080088b2   0x080088b2   0x00000002   PAD
    0x080088b4   0x080088b4   0x0000002e   Code   RO          535    .text.VL53LX_calc_timeout_mclks  vl53lx_core.o
    0x080088e2   0x080088e2   0x00000002   PAD
    0x080088e4   0x080088e4   0x000000ea   Code   RO          549    .text.VL53LX_calc_timeout_register_values  vl53lx_core.o
    0x080089ce   0x080089ce   0x00000002   PAD
    0x080089d0   0x080089d0   0x00000044   Code   RO          541    .text.VL53LX_calc_timeout_us  vl53lx_core.o
    0x08008a14   0x08008a14   0x00000174   Code   RO          477    .text.VL53LX_check_ll_driver_rd_state  vl53lx_core.o
    0x08008b88   0x08008b88   0x00000034   Code   RO          527    .text.VL53LX_clear_interrupt  vl53lx_core.o
    0x08008bbc   0x08008bbc   0x00000032   Code   RO          368    .text.VL53LX_clear_interrupt_and_enable_next_range  vl53lx_api_core.o
    0x08008bee   0x08008bee   0x00000002   PAD
    0x08008bf0   0x08008bf0   0x00000088   Code   RO          635    .text.VL53LX_compute_histo_merge_nb  vl53lx_core.o
    0x08008c78   0x08008c78   0x0000009e   Code   RO          460    .text.VL53LX_copy_hist_bins_to_static_cfg  vl53lx_api_preset_modes.o
    0x08008d16   0x08008d16   0x00000002   PAD
    0x08008d18   0x08008d18   0x000000c4   Code   RO          452    .text.VL53LX_copy_hist_cfg_to_static_cfg  vl53lx_api_preset_modes.o
    0x08008ddc   0x08008ddc   0x0000012a   Code   RO          481    .text.VL53LX_copy_rtn_good_spads_to_buffer  vl53lx_core.o
    0x08008f06   0x08008f06   0x00000002   PAD
    0x08008f08   0x08008f08   0x000002d2   Code   RO          366    .text.VL53LX_copy_sys_and_core_results_to_range_results  vl53lx_api_core.o
    0x080091da   0x080091da   0x00000002   PAD
    0x080091dc   0x080091dc   0x00000070   Code   RO          689    .text.VL53LX_copy_xtalk_bin_data_to_histogram_data_struct  vl53lx_core_support.o
    0x0800924c   0x0800924c   0x00000344   Code   RO          312    .text.VL53LX_data_init  vl53lx_api_core.o
    0x08009590   0x08009590   0x00000054   Code   RO          693    .text.VL53LX_decode_row_col  vl53lx_core_support.o
    0x080095e4   0x080095e4   0x0000001e   Code   RO          547    .text.VL53LX_decode_timeout  vl53lx_core.o
    0x08009602   0x08009602   0x00000002   PAD
    0x08009604   0x08009604   0x00000022   Code   RO          673    .text.VL53LX_decode_vcsel_period  vl53lx_core_support.o
    0x08009626   0x08009626   0x00000002   PAD
    0x08009628   0x08009628   0x000000e0   Code   RO          595    .text.VL53LX_decode_zone_limits  vl53lx_core.o
    0x08009708   0x08009708   0x00000024   Code   RO          591    .text.VL53LX_decode_zone_size  vl53lx_core.o
    0x0800972c   0x0800972c   0x0000001e   Code   RO          519    .text.VL53LX_disable_firmware  vl53lx_core.o
    0x0800974a   0x0800974a   0x00000002   PAD
    0x0800974c   0x0800974c   0x0000001e   Code   RO          525    .text.VL53LX_disable_powerforce  vl53lx_core.o
    0x0800976a   0x0800976a   0x00000002   PAD
    0x0800976c   0x0800976c   0x00000076   Code   RO          665    .text.VL53LX_duration_maths  vl53lx_core_support.o
    0x080097e2   0x080097e2   0x00000002   PAD
    0x080097e4   0x080097e4   0x00000020   Code   RO          388    .text.VL53LX_dynamic_xtalk_correction_apply_disable  vl53lx_api_core.o
    0x08009804   0x08009804   0x00000022   Code   RO          394    .text.VL53LX_dynamic_xtalk_correction_apply_enable  vl53lx_api_core.o
    0x08009826   0x08009826   0x00000002   PAD
    0x08009828   0x08009828   0x000003b0   Code   RO          633    .text.VL53LX_dynamic_xtalk_correction_calc_new_xtalk  vl53lx_core.o
    0x08009bd8   0x08009bd8   0x00000124   Code   RO          631    .text.VL53LX_dynamic_xtalk_correction_calc_required_samples  vl53lx_core.o
    0x08009cfc   0x08009cfc   0x00000534   Code   RO          637    .text.VL53LX_dynamic_xtalk_correction_corrector  vl53lx_core.o
    0x0800a230   0x0800a230   0x00000120   Code   RO          641    .text.VL53LX_dynamic_xtalk_correction_data_init  vl53lx_core.o
    0x0800a350   0x0800a350   0x00000020   Code   RO          386    .text.VL53LX_dynamic_xtalk_correction_disable  vl53lx_api_core.o
    0x0800a370   0x0800a370   0x00000022   Code   RO          384    .text.VL53LX_dynamic_xtalk_correction_enable  vl53lx_api_core.o
    0x0800a392   0x0800a392   0x00000002   PAD
    0x0800a394   0x0800a394   0x00000042   Code   RO          639    .text.VL53LX_dynamic_xtalk_correction_output_init  vl53lx_core.o
    0x0800a3d6   0x0800a3d6   0x00000002   PAD
    0x0800a3d8   0x0800a3d8   0x00000020   Code   RO          392    .text.VL53LX_dynamic_xtalk_correction_single_apply_disable  vl53lx_api_core.o
    0x0800a3f8   0x0800a3f8   0x00000022   Code   RO          390    .text.VL53LX_dynamic_xtalk_correction_single_apply_enable  vl53lx_api_core.o
    0x0800a41a   0x0800a41a   0x00000002   PAD
    0x0800a41c   0x0800a41c   0x000000fc   Code   RO          609    .text.VL53LX_dynamic_zone_update  vl53lx_core.o
    0x0800a518   0x0800a518   0x00000020   Code   RO          517    .text.VL53LX_enable_firmware  vl53lx_core.o
    0x0800a538   0x0800a538   0x00000020   Code   RO          523    .text.VL53LX_enable_powerforce  vl53lx_core.o
    0x0800a558   0x0800a558   0x00000044   Code   RO          589    .text.VL53LX_encode_row_col  vl53lx_core.o
    0x0800a59c   0x0800a59c   0x00000052   Code   RO          539    .text.VL53LX_encode_timeout  vl53lx_core.o
    0x0800a5ee   0x0800a5ee   0x00000002   PAD
    0x0800a5f0   0x0800a5f0   0x00000020   Code   RO          593    .text.VL53LX_encode_zone_size  vl53lx_core.o
    0x0800a610   0x0800a610   0x00000096   Code   RO          667    .text.VL53LX_events_per_spad_maths  vl53lx_core_support.o
    0x0800a6a6   0x0800a6a6   0x00000002   PAD
    0x0800a6a8   0x0800a6a8   0x00000400   Code   RO          704    .text.VL53LX_f_001  vl53lx_dmax.o
    0x0800aaa8   0x0800aaa8   0x00000068   Code   RO          706    .text.VL53LX_f_002  vl53lx_dmax.o
    0x0800ab10   0x0800ab10   0x000000ee   Code   RO          715    .text.VL53LX_f_003  vl53lx_hist_algos_gen3.o
    0x0800abfe   0x0800abfe   0x00000002   PAD
    0x0800ac00   0x0800ac00   0x0000015c   Code   RO          782    .text.VL53LX_f_005  vl53lx_hist_core.o
    0x0800ad5c   0x0800ad5c   0x0000022a   Code   RO          717    .text.VL53LX_f_006  vl53lx_hist_algos_gen3.o
    0x0800af86   0x0800af86   0x00000002   PAD
    0x0800af88   0x0800af88   0x000000b6   Code   RO          719    .text.VL53LX_f_007  vl53lx_hist_algos_gen3.o
    0x0800b03e   0x0800b03e   0x00000002   PAD
    0x0800b040   0x0800b040   0x00000114   Code   RO          721    .text.VL53LX_f_008  vl53lx_hist_algos_gen3.o
    0x0800b154   0x0800b154   0x000001d4   Code   RO          723    .text.VL53LX_f_009  vl53lx_hist_algos_gen3.o
    0x0800b328   0x0800b328   0x000000a0   Code   RO          727    .text.VL53LX_f_010  vl53lx_hist_algos_gen3.o
    0x0800b3c8   0x0800b3c8   0x000000c4   Code   RO          733    .text.VL53LX_f_011  vl53lx_hist_algos_gen3.o
    0x0800b48c   0x0800b48c   0x00000158   Code   RO          735    .text.VL53LX_f_014  vl53lx_hist_algos_gen3.o
    0x0800b5e4   0x0800b5e4   0x00000188   Code   RO          729    .text.VL53LX_f_015  vl53lx_hist_algos_gen3.o
    0x0800b76c   0x0800b76c   0x0000020e   Code   RO          725    .text.VL53LX_f_016  vl53lx_hist_algos_gen3.o
    0x0800b97a   0x0800b97a   0x00000002   PAD
    0x0800b97c   0x0800b97c   0x00000166   Code   RO          737    .text.VL53LX_f_017  vl53lx_hist_algos_gen3.o
    0x0800bae2   0x0800bae2   0x00000002   PAD
    0x0800bae4   0x0800bae4   0x00000128   Code   RO          776    .text.VL53LX_f_018  vl53lx_hist_core.o
    0x0800bc0c   0x0800bc0c   0x0000008a   Code   RO          778    .text.VL53LX_f_019  vl53lx_hist_core.o
    0x0800bc96   0x0800bc96   0x00000002   PAD
    0x0800bc98   0x0800bc98   0x00000190   Code   RO          731    .text.VL53LX_f_020  vl53lx_hist_algos_gen3.o
    0x0800be28   0x0800be28   0x000000ce   Code   RO          774    .text.VL53LX_f_022  vl53lx_hist_core.o
    0x0800bef6   0x0800bef6   0x00000002   PAD
    0x0800bef8   0x0800bef8   0x00000384   Code   RO         1023    .text.VL53LX_f_023  vl53lx_sigma_estimate.o
    0x0800c27c   0x0800c27c   0x00000476   Code   RO          746    .text.VL53LX_f_025  vl53lx_hist_algos_gen4.o
    0x0800c6f2   0x0800c6f2   0x00000002   PAD
    0x0800c6f4   0x0800c6f4   0x00000116   Code   RO          748    .text.VL53LX_f_026  vl53lx_hist_algos_gen4.o
    0x0800c80a   0x0800c80a   0x00000002   PAD
    0x0800c80c   0x0800c80c   0x00000220   Code   RO          750    .text.VL53LX_f_027  vl53lx_hist_algos_gen4.o
    0x0800ca2c   0x0800ca2c   0x00000168   Code   RO          752    .text.VL53LX_f_028  vl53lx_hist_algos_gen4.o
    0x0800cb94   0x0800cb94   0x00000080   Code   RO          784    .text.VL53LX_f_030  vl53lx_hist_core.o
    0x0800cc14   0x0800cc14   0x000002c0   Code   RO          786    .text.VL53LX_f_031  vl53lx_hist_core.o
    0x0800ced4   0x0800ced4   0x0000026a   Code   RO         1080    .text.VL53LX_f_032  vl53lx_xtalk.o
    0x0800d13e   0x0800d13e   0x00000002   PAD
    0x0800d140   0x0800d140   0x00000100   Code   RO         1082    .text.VL53LX_f_033  vl53lx_xtalk.o
    0x0800d240   0x0800d240   0x00000098   Code   RO          862    .text.VL53LX_get_customer_nvm_managed  vl53lx_register_funcs.o
    0x0800d2d8   0x0800d2d8   0x0000078e   Code   RO          358    .text.VL53LX_get_device_results  vl53lx_api_core.o
    0x0800da66   0x0800da66   0x00000002   PAD
    0x0800da68   0x0800da68   0x0000006c   Code   RO          364    .text.VL53LX_get_dmax_calibration_data  vl53lx_api_core.o
    0x0800dad4   0x0800dad4   0x0000037c   Code   RO          360    .text.VL53LX_get_histogram_bin_data  vl53lx_api_core.o
    0x0800de50   0x0800de50   0x0000012c   Code   RO          356    .text.VL53LX_get_measurement_results  vl53lx_api_core.o
    0x0800df7c   0x0800df7c   0x0000006a   Code   RO          318    .text.VL53LX_get_mode_mitigation_roi  vl53lx_api_core.o
    0x0800dfe6   0x0800dfe6   0x00000002   PAD
    0x0800dfe8   0x0800dfe8   0x0000004e   Code   RO          934    .text.VL53LX_get_nvm_copy_data  vl53lx_register_funcs.o
    0x0800e036   0x0800e036   0x00000002   PAD
    0x0800e038   0x0800e038   0x000000cc   Code   RO          342    .text.VL53LX_get_preset_mode_timing_cfg  vl53lx_api_core.o
    0x0800e104   0x0800e104   0x00000048   Code   RO          854    .text.VL53LX_get_static_nvm_managed  vl53lx_register_funcs.o
    0x0800e14c   0x0800e14c   0x000000d0   Code   RO          330    .text.VL53LX_get_timeouts_us  vl53lx_api_core.o
    0x0800e21c   0x0800e21c   0x00000aa0   Code   RO          306    .text.VL53LX_get_tuning_parm  vl53lx_api_core.o
    0x0800ecbc   0x0800ecbc   0x0000006e   Code   RO          671    .text.VL53LX_hist_calc_zero_distance_phase  vl53lx_core_support.o
    0x0800ed2a   0x0800ed2a   0x00000002   PAD
    0x0800ed2c   0x0800ed2c   0x00000140   Code   RO          571    .text.VL53LX_hist_combine_mm1_mm2_offsets  vl53lx_core.o
    0x0800ee6c   0x0800ee6c   0x00000124   Code   RO          557    .text.VL53LX_hist_copy_and_scale_ambient_info  vl53lx_core.o
    0x0800ef90   0x0800ef90   0x00000144   Code   RO          601    .text.VL53LX_hist_copy_results_to_sys_and_core  vl53lx_core.o
    0x0800f0d4   0x0800f0d4   0x0000008c   Code   RO          695    .text.VL53LX_hist_estimate_ambient_from_ambient_bins  vl53lx_core_support.o
    0x0800f160   0x0800f160   0x000000f0   Code   RO          675    .text.VL53LX_hist_estimate_ambient_from_thresholded_bins  vl53lx_core_support.o
    0x0800f250   0x0800f250   0x0000032e   Code   RO          563    .text.VL53LX_hist_events_consistency_check  vl53lx_core.o
    0x0800f57e   0x0800f57e   0x00000002   PAD
    0x0800f580   0x0800f580   0x00000090   Code   RO          677    .text.VL53LX_hist_find_min_max_bin_values  vl53lx_core_support.o
    0x0800f610   0x0800f610   0x00000284   Code   RO          559    .text.VL53LX_hist_get_bin_sequence_config  vl53lx_core.o
    0x0800f894   0x0800f894   0x00000078   Code   RO          565    .text.VL53LX_hist_merged_pulse_check  vl53lx_core.o
    0x0800f90c   0x0800f90c   0x00000278   Code   RO          561    .text.VL53LX_hist_phase_consistency_check  vl53lx_core.o
    0x0800fb84   0x0800fb84   0x000002de   Code   RO          795    .text.VL53LX_hist_process_data  vl53lx_hist_funcs.o
    0x0800fe62   0x0800fe62   0x00000002   PAD
    0x0800fe64   0x0800fe64   0x00000120   Code   RO          679    .text.VL53LX_hist_remove_ambient_bins  vl53lx_core_support.o
    0x0800ff84   0x0800ff84   0x0000005e   Code   RO          569    .text.VL53LX_hist_wrap_dmax  vl53lx_core.o
    0x0800ffe2   0x0800ffe2   0x00000002   PAD
    0x0800ffe4   0x0800ffe4   0x000000c0   Code   RO          567    .text.VL53LX_hist_xmonitor_consistency_check  vl53lx_core.o
    0x080100a4   0x080100a4   0x000000c0   Code   RO          914    .text.VL53LX_i2c_decode_core_results  vl53lx_register_funcs.o
    0x08010164   0x08010164   0x00000100   Code   RO          858    .text.VL53LX_i2c_decode_customer_nvm_managed  vl53lx_register_funcs.o
    0x08010264   0x08010264   0x00000282   Code   RO          922    .text.VL53LX_i2c_decode_debug_results  vl53lx_register_funcs.o
    0x080104e6   0x080104e6   0x00000002   PAD
    0x080104e8   0x080104e8   0x00000052   Code   RO          501    .text.VL53LX_i2c_decode_int16_t  vl53lx_core.o
    0x0801053a   0x0801053a   0x00000002   PAD
    0x0801053c   0x0801053c   0x00000048   Code   RO          511    .text.VL53LX_i2c_decode_int32_t  vl53lx_core.o
    0x08010584   0x08010584   0x0000022a   Code   RO          930    .text.VL53LX_i2c_decode_nvm_copy_data  vl53lx_register_funcs.o
    0x080107ae   0x080107ae   0x00000002   PAD
    0x080107b0   0x080107b0   0x000000a4   Code   RO          850    .text.VL53LX_i2c_decode_static_nvm_managed  vl53lx_register_funcs.o
    0x08010854   0x08010854   0x000001a6   Code   RO          906    .text.VL53LX_i2c_decode_system_results  vl53lx_register_funcs.o
    0x080109fa   0x080109fa   0x00000002   PAD
    0x080109fc   0x080109fc   0x0000003e   Code   RO          497    .text.VL53LX_i2c_decode_uint16_t  vl53lx_core.o
    0x08010a3a   0x08010a3a   0x00000002   PAD
    0x08010a3c   0x08010a3c   0x00000036   Code   RO          505    .text.VL53LX_i2c_decode_uint32_t  vl53lx_core.o
    0x08010a72   0x08010a72   0x00000002   PAD
    0x08010a74   0x08010a74   0x000000fc   Code   RO          856    .text.VL53LX_i2c_encode_customer_nvm_managed  vl53lx_register_funcs.o
    0x08010b70   0x08010b70   0x000000e8   Code   RO          888    .text.VL53LX_i2c_encode_dynamic_config  vl53lx_register_funcs.o
    0x08010c58   0x08010c58   0x000000ec   Code   RO          872    .text.VL53LX_i2c_encode_general_config  vl53lx_register_funcs.o
    0x08010d44   0x08010d44   0x00000064   Code   RO          499    .text.VL53LX_i2c_encode_int16_t  vl53lx_core.o
    0x08010da8   0x08010da8   0x00000176   Code   RO          864    .text.VL53LX_i2c_encode_static_config  vl53lx_register_funcs.o
    0x08010f1e   0x08010f1e   0x00000002   PAD
    0x08010f20   0x08010f20   0x000000a4   Code   RO          848    .text.VL53LX_i2c_encode_static_nvm_managed  vl53lx_register_funcs.o
    0x08010fc4   0x08010fc4   0x0000006c   Code   RO          896    .text.VL53LX_i2c_encode_system_control  vl53lx_register_funcs.o
    0x08011030   0x08011030   0x000000ea   Code   RO          880    .text.VL53LX_i2c_encode_timing_config  vl53lx_register_funcs.o
    0x0801111a   0x0801111a   0x00000002   PAD
    0x0801111c   0x0801111c   0x00000062   Code   RO          495    .text.VL53LX_i2c_encode_uint16_t  vl53lx_core.o
    0x0801117e   0x0801117e   0x00000002   PAD
    0x08011180   0x08011180   0x00000056   Code   RO          503    .text.VL53LX_i2c_encode_uint32_t  vl53lx_core.o
    0x080111d6   0x080111d6   0x00000002   PAD
    0x080111d8   0x080111d8   0x00000426   Code   RO          350    .text.VL53LX_init_and_start_range  vl53lx_api_core.o
    0x080115fe   0x080115fe   0x00000002   PAD
    0x08011600   0x08011600   0x00000062   Code   RO          446    .text.VL53LX_init_hist_gen3_dmax_config_struct  vl53lx_api_preset_modes.o
    0x08011662   0x08011662   0x00000002   PAD
    0x08011664   0x08011664   0x000000ee   Code   RO          440    .text.VL53LX_init_hist_post_process_config_struct  vl53lx_api_preset_modes.o
    0x08011752   0x08011752   0x00000002   PAD
    0x08011754   0x08011754   0x0000014c   Code   RO          691    .text.VL53LX_init_histogram_bin_data_struct  vl53lx_core_support.o
    0x080118a0   0x080118a0   0x0000012c   Code   RO          489    .text.VL53LX_init_histogram_config_structure  vl53lx_core.o
    0x080119cc   0x080119cc   0x0000012c   Code   RO          491    .text.VL53LX_init_histogram_multizone_config_structure  vl53lx_core.o
    0x08011af8   0x08011af8   0x0000004c   Code   RO          471    .text.VL53LX_init_ll_driver_state  vl53lx_core.o
    0x08011b44   0x08011b44   0x00000040   Code   RO          436    .text.VL53LX_init_offset_cal_config_struct  vl53lx_api_preset_modes.o
    0x08011b84   0x08011b84   0x0000003e   Code   RO          428    .text.VL53LX_init_refspadchar_config_struct  vl53lx_api_preset_modes.o
    0x08011bc2   0x08011bc2   0x00000002   PAD
    0x08011bc4   0x08011bc4   0x00000036   Code   RO          430    .text.VL53LX_init_ssc_config_struct  vl53lx_api_preset_modes.o
    0x08011bfa   0x08011bfa   0x00000002   PAD
    0x08011bfc   0x08011bfc   0x00000070   Code   RO          483    .text.VL53LX_init_system_results  vl53lx_core.o
    0x08011c6c   0x08011c6c   0x00000352   Code   RO          444    .text.VL53LX_init_tuning_parm_storage_struct  vl53lx_api_preset_modes.o
    0x08011fbe   0x08011fbe   0x00000002   PAD
    0x08011fc0   0x08011fc0   0x00000028   Code   RO          469    .text.VL53LX_init_version  vl53lx_core.o
    0x08011fe8   0x08011fe8   0x0000009e   Code   RO          493    .text.VL53LX_init_xtalk_bin_data_struct  vl53lx_core.o
    0x08012086   0x08012086   0x00000002   PAD
    0x08012088   0x08012088   0x000000ce   Code   RO          432    .text.VL53LX_init_xtalk_config_struct  vl53lx_api_preset_modes.o
    0x08012156   0x08012156   0x00000002   PAD
    0x08012158   0x08012158   0x00000054   Code   RO          434    .text.VL53LX_init_xtalk_extract_config_struct  vl53lx_api_preset_modes.o
    0x080121ac   0x080121ac   0x0000003e   Code   RO          438    .text.VL53LX_init_zone_cal_config_struct  vl53lx_api_preset_modes.o
    0x080121ea   0x080121ea   0x00000002   PAD
    0x080121ec   0x080121ec   0x00000042   Code   RO          336    .text.VL53LX_init_zone_config_histogram_bins  vl53lx_api_core.o
    0x0801222e   0x0801222e   0x00000002   PAD
    0x08012230   0x08012230   0x00000064   Code   RO         1139    .text.VL53LX_ipp_hist_process_data  vl53lx_platform_ipp.o
    0x08012294   0x08012294   0x00000064   Code   RO          597    .text.VL53LX_is_aperture_location  vl53lx_core.o
    0x080122f8   0x080122f8   0x00000080   Code   RO         1049    .text.VL53LX_is_new_data_ready  vl53lx_wait.o
    0x08012378   0x08012378   0x00000066   Code   RO          669    .text.VL53LX_isqrt  vl53lx_core_support.o
    0x080123de   0x080123de   0x00000002   PAD
    0x080123e0   0x080123e0   0x0000017a   Code   RO          304    .text.VL53LX_load_patch  vl53lx_api_core.o
    0x0801255a   0x0801255a   0x00000002   PAD
    0x0801255c   0x0801255c   0x00000062   Code   RO          645    .text.VL53LX_low_power_auto_data_init  vl53lx_core.o
    0x080125be   0x080125be   0x00000002   PAD
    0x080125c0   0x080125c0   0x00000076   Code   RO          647    .text.VL53LX_low_power_auto_data_stop_range  vl53lx_core.o
    0x08012636   0x08012636   0x00000002   PAD
    0x08012638   0x08012638   0x00000074   Code   RO          651    .text.VL53LX_low_power_auto_setup_manual_calibration  vl53lx_core.o
    0x080126ac   0x080126ac   0x000000f4   Code   RO          653    .text.VL53LX_low_power_auto_update_DSS  vl53lx_core.o
    0x080127a0   0x080127a0   0x0000016c   Code   RO          611    .text.VL53LX_multizone_hist_bins_update  vl53lx_core.o
    0x0801290c   0x0801290c   0x00000074   Code   RO          818    .text.VL53LX_nvm_decode_additional_offset_cal_data  vl53lx_nvm.o
    0x08012980   0x08012980   0x000000b2   Code   RO          816    .text.VL53LX_nvm_decode_cal_peak_rate_map  vl53lx_nvm.o
    0x08012a32   0x08012a32   0x00000002   PAD
    0x08012a34   0x08012a34   0x000000b4   Code   RO          820    .text.VL53LX_nvm_decode_fmt_range_results_data  vl53lx_nvm.o
    0x08012ae8   0x08012ae8   0x00000070   Code   RO          814    .text.VL53LX_nvm_decode_optical_centre  vl53lx_nvm.o
    0x08012b58   0x08012b58   0x00000070   Code   RO          810    .text.VL53LX_nvm_disable  vl53lx_nvm.o
    0x08012bc8   0x08012bc8   0x000000d8   Code   RO          806    .text.VL53LX_nvm_enable  vl53lx_nvm.o
    0x08012ca0   0x08012ca0   0x000000d6   Code   RO          808    .text.VL53LX_nvm_read  vl53lx_nvm.o
    0x08012d76   0x08012d76   0x00000002   PAD
    0x08012d78   0x08012d78   0x00000056   Code   RO         1041    .text.VL53LX_poll_for_boot_completion  vl53lx_wait.o
    0x08012dce   0x08012dce   0x00000002   PAD
    0x08012dd0   0x08012dd0   0x00000068   Code   RO         1047    .text.VL53LX_poll_for_range_completion  vl53lx_wait.o
    0x08012e38   0x08012e38   0x0000018e   Code   RO          454    .text.VL53LX_preset_mode_histogram_long_range  vl53lx_api_preset_modes.o
    0x08012fc6   0x08012fc6   0x00000002   PAD
    0x08012fc8   0x08012fc8   0x0000017a   Code   RO          456    .text.VL53LX_preset_mode_histogram_medium_range  vl53lx_api_preset_modes.o
    0x08013142   0x08013142   0x00000002   PAD
    0x08013144   0x08013144   0x00000170   Code   RO          450    .text.VL53LX_preset_mode_histogram_ranging  vl53lx_api_preset_modes.o
    0x080132b4   0x080132b4   0x00000162   Code   RO          458    .text.VL53LX_preset_mode_histogram_short_range  vl53lx_api_preset_modes.o
    0x08013416   0x08013416   0x00000002   PAD
    0x08013418   0x08013418   0x0000033a   Code   RO          448    .text.VL53LX_preset_mode_standard_ranging  vl53lx_api_preset_modes.o
    0x08013752   0x08013752   0x00000002   PAD
    0x08013754   0x08013754   0x00000160   Code   RO          687    .text.VL53LX_range_maths  vl53lx_core_support.o
    0x080138b4   0x080138b4   0x00000096   Code   RO          683    .text.VL53LX_rate_maths  vl53lx_core_support.o
    0x0801394a   0x0801394a   0x00000002   PAD
    0x0801394c   0x0801394c   0x00000062   Code   RO          685    .text.VL53LX_rate_per_spad_maths  vl53lx_core_support.o
    0x080139ae   0x080139ae   0x00000002   PAD
    0x080139b0   0x080139b0   0x00000042   Code   RO          836    .text.VL53LX_read_nvm_additional_offset_cal_data  vl53lx_nvm.o
    0x080139f2   0x080139f2   0x00000002   PAD
    0x080139f4   0x080139f4   0x00000042   Code   RO          834    .text.VL53LX_read_nvm_cal_peak_rate_map  vl53lx_nvm.o
    0x08013a36   0x08013a36   0x00000002   PAD
    0x08013a38   0x08013a38   0x0000004c   Code   RO          838    .text.VL53LX_read_nvm_fmt_range_results_data  vl53lx_nvm.o
    0x08013a84   0x08013a84   0x00000042   Code   RO          832    .text.VL53LX_read_nvm_optical_centre  vl53lx_nvm.o
    0x08013ac6   0x08013ac6   0x00000002   PAD
    0x08013ac8   0x08013ac8   0x00000068   Code   RO          828    .text.VL53LX_read_nvm_raw_data  vl53lx_nvm.o
    0x08013b30   0x08013b30   0x00000238   Code   RO          314    .text.VL53LX_read_p2p_data  vl53lx_api_core.o
    0x08013d68   0x08013d68   0x000000f8   Code   RO          283    .text.VL53LX_run_device_test  vl53lx_api_calibration.o
    0x08013e60   0x08013e60   0x000001de   Code   RO          281    .text.VL53LX_run_ref_spad_char  vl53lx_api_calibration.o
    0x0801403e   0x0801403e   0x00000002   PAD
    0x08014040   0x08014040   0x00000062   Code   RO          607    .text.VL53LX_save_cfg_data  vl53lx_core.o
    0x080140a2   0x080140a2   0x00000002   PAD
    0x080140a4   0x080140a4   0x00000024   Code   RO          372    .text.VL53LX_set_dmax_mode  vl53lx_api_core.o
    0x080140c8   0x080140c8   0x0000003a   Code   RO          515    .text.VL53LX_set_firmware_enable_register  vl53lx_core.o
    0x08014102   0x08014102   0x00000002   PAD
    0x08014104   0x08014104   0x00000050   Code   RO          324    .text.VL53LX_set_inter_measurement_period_ms  vl53lx_api_core.o
    0x08014154   0x08014154   0x0000003a   Code   RO          521    .text.VL53LX_set_powerforce_register  vl53lx_core.o
    0x0801418e   0x0801418e   0x00000002   PAD
    0x08014190   0x08014190   0x000001be   Code   RO          316    .text.VL53LX_set_preset_mode  vl53lx_api_core.o
    0x0801434e   0x0801434e   0x00000002   PAD
    0x08014350   0x08014350   0x0000015e   Code   RO          625    .text.VL53LX_set_ref_spad_char_config  vl53lx_core.o
    0x080144ae   0x080144ae   0x00000002   PAD
    0x080144b0   0x080144b0   0x0000004c   Code   RO          900    .text.VL53LX_set_system_control  vl53lx_register_funcs.o
    0x080144fc   0x080144fc   0x00000076   Code   RO          328    .text.VL53LX_set_timeouts_us  vl53lx_api_core.o
    0x08014572   0x08014572   0x00000002   PAD
    0x08014574   0x08014574   0x0000003c   Code   RO          332    .text.VL53LX_set_user_zone  vl53lx_api_core.o
    0x080145b0   0x080145b0   0x00000080   Code   RO          338    .text.VL53LX_set_zone_config  vl53lx_api_core.o
    0x08014630   0x08014630   0x00000048   Code   RO          352    .text.VL53LX_set_zone_dss_config  vl53lx_api_core.o
    0x08014678   0x08014678   0x00000032   Code   RO          587    .text.VL53LX_spad_number_to_byte_bit_index  vl53lx_core.o
    0x080146aa   0x080146aa   0x00000002   PAD
    0x080146ac   0x080146ac   0x00000032   Code   RO          513    .text.VL53LX_start_test  vl53lx_core.o
    0x080146de   0x080146de   0x00000002   PAD
    0x080146e0   0x080146e0   0x00000088   Code   RO          354    .text.VL53LX_stop_range  vl53lx_api_core.o
    0x08014768   0x08014768   0x0000006e   Code   RO          308    .text.VL53LX_unload_patch  vl53lx_api_core.o
    0x080147d6   0x080147d6   0x00000002   PAD
    0x080147d8   0x080147d8   0x0000007c   Code   RO          475    .text.VL53LX_update_internal_stream_counters  vl53lx_core.o
    0x08014854   0x08014854   0x00000230   Code   RO          479    .text.VL53LX_update_ll_driver_cfg_state  vl53lx_core.o
    0x08014a84   0x08014a84   0x000001b0   Code   RO          473    .text.VL53LX_update_ll_driver_rd_state  vl53lx_core.o
    0x08014c34   0x08014c34   0x00000088   Code   RO         1051    .text.VL53LX_wait_for_test_completion  vl53lx_wait.o
    0x08014cbc   0x08014cbc   0x00000056   Code   RO          643    .text.VL53LX_xtalk_cal_data_init  vl53lx_core.o
    0x08014d12   0x08014d12   0x00000002   PAD
    0x08014d14   0x08014d14   0x0000001c   Code   RO         1095    .text._I2CRead      vl53lx_platform.o
    0x08014d30   0x08014d30   0x0000001c   Code   RO         1093    .text._I2CWrite     vl53lx_platform.o
    0x08014d4c   0x08014d4c   0x00000010   Code   RO         1913    .text.__NVIC_GetPriorityGrouping  stm32h5xx_hal_cortex.o
    0x08014d5c   0x08014d5c   0x00000042   Code   RO         1915    .text.__NVIC_SetPriority  stm32h5xx_hal_cortex.o
    0x08014d9e   0x08014d9e   0x00000002   PAD
    0x08014da0   0x08014da0   0x0000003c   Code   RO         1909    .text.__NVIC_SetPriorityGrouping  stm32h5xx_hal_cortex.o
    0x08014ddc   0x08014ddc   0x0000003c   Code   RO           19    .text.decimal_part  main.o
    0x08014e18   0x08014e18   0x00000032   Code   RO         1214    .text.fputc         custom.o
    0x08014e4a   0x08014e4a   0x00000002   PAD
    0x08014e4c   0x08014e4c   0x000000ae   Code   RO           11    .text.main          main.o
    0x08014efa   0x08014efa   0x00000002   PAD
    0x08014efc   0x08014efc   0x00000146   Code   RO           15    .text.print_result  main.o
    0x08015042   0x08015042   0x00000002   PAD
    0x08015044   0x08015044   0x00000032   Code   RO          122    .text.reset_device  custom_ranging_sensor.o
    0x08015076   0x08015076   0x00000002   PAD
    0x08015078   0x08015078   0x000000da   Code   RO          362    .text.select_offset_per_vcsel  vl53lx_api_core.o
    0x08015152   0x08015152   0x00000002   PAD
    0x08015154   0x08015154   0x00000274   Code   RO         1185    .text.vl53l4cx_get_result  vl53l4cx.o
    0x080153c8   0x080153c8   0x00000062   Code   RO         1183    .text.vl53l4cx_poll_for_measurement  vl53l4cx.o
    0x0801542a   0x0801542a   0x00000002   PAD
    0x0801542c   0x0801542c   0x00000134   Code   RO          400    .text.vl53lx_diff_histo_stddev  vl53lx_api_core.o
    0x08015560   0x08015560   0x000002d0   Code   RO          370    .text.vl53lx_histo_merge  vl53lx_api_core.o
    0x08015830   0x08015830   0x00000020   Code   RO         2388    i.__0printf         mc_w.l(printfa.o)
    0x08015850   0x08015850   0x0000000e   Code   RO         2464    i.__scatterload_copy  mc_w.l(handlers.o)
    0x0801585e   0x0801585e   0x00000002   Code   RO         2465    i.__scatterload_null  mc_w.l(handlers.o)
    0x08015860   0x08015860   0x0000000e   Code   RO         2466    i.__scatterload_zeroinit  mc_w.l(handlers.o)
    0x0801586e   0x0801586e   0x00000002   PAD
    0x08015870   0x08015870   0x00000184   Code   RO         2395    i._fp_digits        mc_w.l(printfa.o)
    0x080159f4   0x080159f4   0x000006dc   Code   RO         2396    i._printf_core      mc_w.l(printfa.o)
    0x080160d0   0x080160d0   0x00000024   Code   RO         2397    i._printf_post_padding  mc_w.l(printfa.o)
    0x080160f4   0x080160f4   0x0000002e   Code   RO         2398    i._printf_pre_padding  mc_w.l(printfa.o)
    0x08016122   0x08016122   0x00000010   Data   RO         2364    .rodata.AHBPrescTable  system_stm32h5xx.o
    0x08016132   0x08016132   0x00000008   Data   RO         2365    .rodata.APBPrescTable  system_stm32h5xx.o
    0x0801613a   0x0801613a   0x00000008   Data   RO         2310    .rodata.UARTEx_SetNbDataToProcess.denominator  stm32h5xx_hal_uart_ex.o
    0x08016142   0x08016142   0x00000008   Data   RO         2309    .rodata.UARTEx_SetNbDataToProcess.numerator  stm32h5xx_hal_uart_ex.o
    0x0801614a   0x0801614a   0x00000018   Data   RO         2265    .rodata.UARTPrescTable  stm32h5xx_hal_uart.o
    0x08016162   0x08016162   0x00000079   Data   RO           25    .rodata.str1.1      main.o
    0x080161db   0x080161db   0x0000004d   Data   RO          176    .rodata.str1.1      app_tof.o
    0x08016228   0x08016228   0x00000020   Data   RO         2463    Region$$Table       anon$$obj.o


    Execution Region RW_IRAM1 (Exec base: 0x20000000, Load base: 0x08016248, Size: 0x00006848, Max: 0x00008000, ABSOLUTE)

    Exec Addr    Load Addr    Size         Type   Attr      Idx    E Section Name        Object

    0x20000000   0x08016248   0x00000004   Data   RW         2429    .data               mc_w.l(stdout.o)
    0x20000004   0x0801624c   0x0000002c   Data   RW          270    .data.BDTable       vl53lx_api.o
    0x20000030   0x08016278   0x00000004   Data   RW         1216    .data.COM_USART     custom.o
    0x20000034   0x0801627c   0x00000004   Data   RW         2363    .data.SystemCoreClock  system_stm32h5xx.o
    0x20000038   0x08016280   0x00000038   Data   RW         1191    .data.VL53L4CX_RANGING_SENSOR_Driver  vl53l4cx.o
    0x20000070   0x080162b8   0x00000001   Data   RW         2087    .data.uwTickFreq    stm32h5xx_hal.o
    0x20000071   0x080162b9   0x00000003   PAD
    0x20000074   0x080162bc   0x00000004   Data   RW         2086    .data.uwTickPrio    stm32h5xx_hal.o
    0x20000078        -       0x00000001   Zero   RW         1218    .bss.COM_ActiveLogPort  custom.o
    0x20000079   0x080162c0   0x00000003   PAD
    0x2000007c        -       0x00000004   Zero   RW          152    .bss.CUSTOM_RANGING_CompObj  custom_ranging_sensor.o
    0x20000080        -       0x00000004   Zero   RW          153    .bss.CUSTOM_RANGING_Drv  custom_ranging_sensor.o
    0x20000084        -       0x00000010   Zero   RW           21    .bss.Cap            main.o
    0x20000094        -       0x00000004   Zero   RW           79    .bss.I2C1InitCounter  custom_bus.o
    0x20000098        -       0x00000014   Zero   RW           22    .bss.Profile        main.o
    0x200000ac        -       0x00000010   Zero   RW          154    .bss.RANGING_SENSOR_Cap  custom_ranging_sensor.o
    0x200000bc        -       0x00000048   Zero   RW           24    .bss.Result         main.o
    0x20000104   0x080162c0   0x00000004   PAD
    0x20000108        -       0x000024f0   Zero   RW          155    .bss.VL53L4CX_Probe.VL53L4CXObj  custom_ranging_sensor.o
    0x200025f8        -       0x00000100   Zero   RW         1129    .bss._I2CBuffer     vl53lx_platform.o
    0x200026f8        -       0x00000094   Zero   RW         1217    .bss.hcom_uart      custom.o
    0x2000278c        -       0x00000054   Zero   RW           78    .bss.hi2c1          custom_bus.o
    0x200027e0        -       0x00000004   Zero   RW           23    .bss.status         main.o
    0x200027e4        -       0x00000004   Zero   RW          177    .bss.status         app_tof.o
    0x200027e8        -       0x00000004   Zero   RW         2088    .bss.uwTick         stm32h5xx_hal.o
    0x200027ec        -       0x0000005c   Zero   RW         1192    .bss.vl53l4cx_get_result.data  vl53l4cx.o
    0x20002848        -       0x00004000   Zero   RW            1    STACK               startup_stm32h503xx.o


==============================================================================

Image component sizes


      Code (inc. data)   RO Data    RW Data    ZI Data      Debug   Object Name

        76          0         77          0          4       2724   app_tof.o
       492          0          0          4        149       9413   custom.o
       786          0          0          0         88      10129   custom_bus.o
       824          0          0          0       9480      39037   custom_ranging_sensor.o
       150          0          0          0          0       2892   gpio.o
        34          0          0          0          0        580   icache.o
       764          4        121          0        112       5748   main.o
        40         10        600          0      16384        884   startup_stm32h503xx.o
       474          0          0          5          4      11345   stm32h5xx_hal.o
       638          6          0          0          0      12372   stm32h5xx_hal_cortex.o
      1142          0          0          0          0       5054   stm32h5xx_hal_gpio.o
      3040          0          0          0          0      38233   stm32h5xx_hal_i2c.o
       314          0          0          0          0       5517   stm32h5xx_hal_i2c_ex.o
        84          0          0          0          0       3352   stm32h5xx_hal_icache.o
         2          0          0          0          0        382   stm32h5xx_hal_msp.o
      4610         16          0          0          0      12185   stm32h5xx_hal_rcc.o
      8678        152          0          0          0      17262   stm32h5xx_hal_rcc_ex.o
      2350          0         24          0          0      26311   stm32h5xx_hal_uart.o
       542          0         16          0          0       9314   stm32h5xx_hal_uart_ex.o
        34          0          0          0          0       1017   stm32h5xx_it.o
       278          0         24          4          0       5264   system_stm32h5xx.o
      2062         12          0         56         92      40339   vl53l4cx.o
      4298         24          0         44          0      53966   vl53lx_api.o
       726          0          0          0          0      39784   vl53lx_api_calibration.o
     12784        382          0          0          0      73965   vl53lx_api_core.o
      4396          0          0          0          0      22355   vl53lx_api_preset_modes.o
     14258          6          0          0          0      72969   vl53lx_core.o
      2550          0          0          0          0       7984   vl53lx_core_support.o
      1128          0          0          0          0       4779   vl53lx_dmax.o
      4094          0          0          0          0      10780   vl53lx_hist_algos_gen3.o
      2324          0          0          0          0      10699   vl53lx_hist_algos_gen4.o
      1820          0          0          0          0       6469   vl53lx_hist_core.o
       734          0          0          0          0       9289   vl53lx_hist_funcs.o
      1506          0          0          0          0      45548   vl53lx_nvm.o
      1066          0          0          0        256      37586   vl53lx_platform.o
       100          0          0          0          0      34119   vl53lx_platform_ipp.o
      4208          0          0          0          0      73612   vl53lx_register_funcs.o
       900          0          0          0          0       1982   vl53lx_sigma_estimate.o
       454          0          0          0          0      35891   vl53lx_wait.o
       874          0          0          0          0      11685   vl53lx_xtalk.o

    ----------------------------------------------------------------------
     85952        612        894        116      26576     812816   Object Totals
         0          0         32          0          0          0   (incl. Generated)
       318          0          0          3          7          0   (incl. Padding)

    ----------------------------------------------------------------------

      Code (inc. data)   RO Data    RW Data    ZI Data      Debug   Library Member Name

         0          0          0          0          0          0   entry.o
         0          0          0          0          0          0   entry10a.o
         0          0          0          0          0          0   entry11a.o
         8          4          0          0          0          0   entry2.o
         4          0          0          0          0          0   entry5.o
         0          0          0          0          0          0   entry7b.o
         0          0          0          0          0          0   entry8b.o
         8          4          0          0          0          0   entry9a.o
        30          0          0          0          0          0   handlers.o
        36          8          0          0          0         68   init.o
         0          0          0          0          0          0   iusefp.o
        98          0          0          0          0         84   ldiv.o
        30          0          0          0          0         68   llshl.o
        36          0          0          0          0         68   llsshr.o
        32          0          0          0          0         68   llushr.o
        36          0          0          0          0         68   memcpya.o
        36          0          0          0          0        108   memseta.o
      2258         90          0          0          0        452   printfa.o
         0          0          0          4          0          0   stdout.o
        24          0          0          0          0         76   strncpy.o
        44          0          0          0          0         80   uidiv.o
        98          0          0          0          0         92   uldiv.o
        48          0          0          0          0         68   cdrcmple.o
       334          0          0          0          0        148   dadd.o
       222          0          0          0          0        100   ddiv.o
       186          0          0          0          0        176   depilogue.o
        48          0          0          0          0         68   dfixul.o
       228          0          0          0          0         96   dmul.o

    ----------------------------------------------------------------------
      3850        106          0          4          0       1888   Library Totals
         6          0          0          0          0          0   (incl. Padding)

    ----------------------------------------------------------------------

      Code (inc. data)   RO Data    RW Data    ZI Data      Debug   Library Name

      2778        106          0          4          0       1232   mc_w.l
      1066          0          0          0          0        656   mf_w.l

    ----------------------------------------------------------------------
      3850        106          0          4          0       1888   Library Totals

    ----------------------------------------------------------------------

==============================================================================


      Code (inc. data)   RO Data    RW Data    ZI Data      Debug   

     89802        718        894        120      26576     813160   Grand Totals
     89802        718        894        120      26576     813160   ELF Image Totals
     89802        718        894        120          0          0   ROM Totals

==============================================================================

    Total RO  Size (Code + RO Data)                90696 (  88.57kB)
    Total RW  Size (RW Data + ZI Data)             26696 (  26.07kB)
    Total ROM Size (Code + RO Data + RW Data)      90816 (  88.69kB)

==============================================================================

