Component: Arm Compiler for Embedded 6.18 Tool: armlink [5e4cc100]

==============================================================================

Section Cross References

    startup_stm32h503xx.o(RESET) refers to startup_stm32h503xx.o(STACK) for __initial_sp
    startup_stm32h503xx.o(RESET) refers to startup_stm32h503xx.o(.text) for Reset_Handler
    startup_stm32h503xx.o(RESET) refers to stm32h5xx_it.o(.text.NMI_Handler) for NMI_Handler
    startup_stm32h503xx.o(RESET) refers to stm32h5xx_it.o(.text.HardFault_Handler) for HardFault_Handler
    startup_stm32h503xx.o(RESET) refers to stm32h5xx_it.o(.text.MemManage_Handler) for MemManage_Handler
    startup_stm32h503xx.o(RESET) refers to stm32h5xx_it.o(.text.BusFault_Handler) for BusFault_Handler
    startup_stm32h503xx.o(RESET) refers to stm32h5xx_it.o(.text.UsageFault_Handler) for UsageFault_Handler
    startup_stm32h503xx.o(RESET) refers to stm32h5xx_it.o(.text.SVC_Handler) for SVC_Handler
    startup_stm32h503xx.o(RESET) refers to stm32h5xx_it.o(.text.DebugMon_Handler) for DebugMon_Handler
    startup_stm32h503xx.o(RESET) refers to stm32h5xx_it.o(.text.PendSV_Handler) for PendSV_Handler
    startup_stm32h503xx.o(RESET) refers to stm32h5xx_it.o(.text.SysTick_Handler) for SysTick_Handler
    startup_stm32h503xx.o(.text) refers to system_stm32h5xx.o(.text.SystemInit) for SystemInit
    startup_stm32h503xx.o(.text) refers to entry.o(.ARM.Collect$$$$00000000) for __main
    main.o(.text.main) refers to stm32h5xx_hal.o(.text.HAL_Init) for HAL_Init
    main.o(.text.main) refers to main.o(.text.SystemClock_Config) for SystemClock_Config
    main.o(.text.main) refers to gpio.o(.text.MX_GPIO_Init) for MX_GPIO_Init
    main.o(.text.main) refers to icache.o(.text.MX_ICACHE_Init) for MX_ICACHE_Init
    main.o(.text.main) refers to app_tof.o(.text.MX_TOF_Init) for MX_TOF_Init
    main.o(.text.main) refers to app_tof.o(.text.MX_TOF_Process) for MX_TOF_Process
    main.o(.ARM.exidx.text.main) refers to main.o(.text.main) for [Anonymous Symbol]
    main.o(.text.SystemClock_Config) refers to memseta.o(.text) for __aeabi_memclr4
    main.o(.text.SystemClock_Config) refers to stm32h5xx_hal_rcc.o(.text.HAL_RCC_OscConfig) for HAL_RCC_OscConfig
    main.o(.text.SystemClock_Config) refers to stm32h5xx_hal_rcc.o(.text.HAL_RCC_ClockConfig) for HAL_RCC_ClockConfig
    main.o(.ARM.exidx.text.SystemClock_Config) refers to main.o(.text.SystemClock_Config) for [Anonymous Symbol]
    main.o(.ARM.exidx.text.Error_Handler) refers to main.o(.text.Error_Handler) for [Anonymous Symbol]
    gpio.o(.text.MX_GPIO_Init) refers to stm32h5xx_hal_gpio.o(.text.HAL_GPIO_WritePin) for HAL_GPIO_WritePin
    gpio.o(.text.MX_GPIO_Init) refers to stm32h5xx_hal_gpio.o(.text.HAL_GPIO_Init) for HAL_GPIO_Init
    gpio.o(.ARM.exidx.text.MX_GPIO_Init) refers to gpio.o(.text.MX_GPIO_Init) for [Anonymous Symbol]
    icache.o(.text.MX_ICACHE_Init) refers to stm32h5xx_hal_icache.o(.text.HAL_ICACHE_ConfigAssociativityMode) for HAL_ICACHE_ConfigAssociativityMode
    icache.o(.text.MX_ICACHE_Init) refers to main.o(.text.Error_Handler) for Error_Handler
    icache.o(.text.MX_ICACHE_Init) refers to stm32h5xx_hal_icache.o(.text.HAL_ICACHE_Enable) for HAL_ICACHE_Enable
    icache.o(.ARM.exidx.text.MX_ICACHE_Init) refers to icache.o(.text.MX_ICACHE_Init) for [Anonymous Symbol]
    custom_bus.o(.text.BSP_I2C1_Init) refers to custom_bus.o(.bss..L_MergedGlobals) for .L_MergedGlobals
    custom_bus.o(.text.BSP_I2C1_Init) refers to stm32h5xx_hal_i2c.o(.text.HAL_I2C_GetState) for HAL_I2C_GetState
    custom_bus.o(.text.BSP_I2C1_Init) refers to memseta.o(.text) for __aeabi_memclr8
    custom_bus.o(.text.BSP_I2C1_Init) refers to stm32h5xx_hal_rcc_ex.o(.text.HAL_RCCEx_PeriphCLKConfig) for HAL_RCCEx_PeriphCLKConfig
    custom_bus.o(.text.BSP_I2C1_Init) refers to stm32h5xx_hal_gpio.o(.text.HAL_GPIO_Init) for HAL_GPIO_Init
    custom_bus.o(.text.BSP_I2C1_Init) refers to custom_bus.o(.text.MX_I2C1_Init) for MX_I2C1_Init
    custom_bus.o(.text.BSP_I2C1_Init) refers to stm32h5xx_hal_i2c_ex.o(.text.HAL_I2CEx_ConfigAnalogFilter) for HAL_I2CEx_ConfigAnalogFilter
    custom_bus.o(.ARM.exidx.text.BSP_I2C1_Init) refers to custom_bus.o(.text.BSP_I2C1_Init) for [Anonymous Symbol]
    custom_bus.o(.text.MX_I2C1_Init) refers to stm32h5xx_hal_i2c.o(.text.HAL_I2C_Init) for HAL_I2C_Init
    custom_bus.o(.text.MX_I2C1_Init) refers to stm32h5xx_hal_i2c_ex.o(.text.HAL_I2CEx_ConfigAnalogFilter) for HAL_I2CEx_ConfigAnalogFilter
    custom_bus.o(.text.MX_I2C1_Init) refers to stm32h5xx_hal_i2c_ex.o(.text.HAL_I2CEx_ConfigDigitalFilter) for HAL_I2CEx_ConfigDigitalFilter
    custom_bus.o(.ARM.exidx.text.MX_I2C1_Init) refers to custom_bus.o(.text.MX_I2C1_Init) for [Anonymous Symbol]
    custom_bus.o(.text.BSP_I2C1_DeInit) refers to custom_bus.o(.bss..L_MergedGlobals) for .L_MergedGlobals
    custom_bus.o(.text.BSP_I2C1_DeInit) refers to stm32h5xx_hal_gpio.o(.text.HAL_GPIO_DeInit) for HAL_GPIO_DeInit
[...]
    RTC_IRQHandler                           0x08000289   Thumb Code     0  startup_stm32h503xx.o(.text)
    SPI1_IRQHandler                          0x08000289   Thumb Code     0  startup_stm32h503xx.o(.text)
    SPI2_IRQHandler                          0x08000289   Thumb Code     0  startup_stm32h503xx.o(.text)
    SPI3_IRQHandler                          0x08000289   Thumb Code     0  startup_stm32h503xx.o(.text)
    TAMP_IRQHandler                          0x08000289   Thumb Code     0  startup_stm32h503xx.o(.text)
    TIM1_BRK_IRQHandler                      0x08000289   Thumb Code     0  startup_stm32h503xx.o(.text)
    TIM1_CC_IRQHandler                       0x08000289   Thumb Code     0  startup_stm32h503xx.o(.text)
    TIM1_TRG_COM_IRQHandler                  0x08000289   Thumb Code     0  startup_stm32h503xx.o(.text)
    TIM1_UP_IRQHandler                       0x08000289   Thumb Code     0  startup_stm32h503xx.o(.text)
    TIM2_IRQHandler                          0x08000289   Thumb Code     0  startup_stm32h503xx.o(.text)
    TIM3_IRQHandler                          0x08000289   Thumb Code     0  startup_stm32h503xx.o(.text)
    TIM6_IRQHandler                          0x08000289   Thumb Code     0  startup_stm32h503xx.o(.text)
    TIM7_IRQHandler                          0x08000289   Thumb Code     0  startup_stm32h503xx.o(.text)
    USART1_IRQHandler                        0x08000289   Thumb Code     0  startup_stm32h503xx.o(.text)
    USART2_IRQHandler                        0x08000289   Thumb Code     0  startup_stm32h503xx.o(.text)
    USART3_IRQHandler                        0x08000289   Thumb Code     0  startup_stm32h503xx.o(.text)
    USB_DRD_FS_IRQHandler                    0x08000289   Thumb Code     0  startup_stm32h503xx.o(.text)
    WWDG_IRQHandler                          0x08000289   Thumb Code     0  startup_stm32h503xx.o(.text)
    __aeabi_uldivmod                         0x08000295   Thumb Code    98  uldiv.o(.text)
    __aeabi_ldivmod                          0x080002f7   Thumb Code    98  ldiv.o(.text)
    __aeabi_memcpy                           0x08000359   Thumb Code    36  memcpya.o(.text)
    __aeabi_memcpy4                          0x08000359   Thumb Code     0  memcpya.o(.text)
    __aeabi_memcpy8                          0x08000359   Thumb Code     0  memcpya.o(.text)
    __aeabi_memset                           0x0800037d   Thumb Code    14  memseta.o(.text)
    __aeabi_memset4                          0x0800037d   Thumb Code     0  memseta.o(.text)
    __aeabi_memset8                          0x0800037d   Thumb Code     0  memseta.o(.text)
    __aeabi_memclr                           0x0800038b   Thumb Code     4  memseta.o(.text)
    __aeabi_memclr4                          0x0800038b   Thumb Code     0  memseta.o(.text)
    __aeabi_memclr8                          0x0800038b   Thumb Code     0  memseta.o(.text)
    _memset$wrapper                          0x0800038f   Thumb Code    18  memseta.o(.text)
    __aeabi_uidiv                            0x080003a1   Thumb Code     0  uidiv.o(.text)
    __aeabi_uidivmod                         0x080003a1   Thumb Code    44  uidiv.o(.text)
    __aeabi_llsl                             0x080003cd   Thumb Code    30  llshl.o(.text)
    _ll_shift_l                              0x080003cd   Thumb Code     0  llshl.o(.text)
    __aeabi_llsr                             0x080003eb   Thumb Code    32  llushr.o(.text)
    _ll_ushift_r                             0x080003eb   Thumb Code     0  llushr.o(.text)
    __scatterload                            0x0800040d   Thumb Code    28  init.o(.text)
    __scatterload_rt2                        0x0800040d   Thumb Code     0  init.o(.text)
    BSP_COM_Init                             0x08000431   Thumb Code   196  custom.o(.text.BSP_COM_Init)
    BSP_GetTick                              0x080004f5   Thumb Code     4  custom_bus.o(.text.BSP_GetTick)
    BSP_I2C1_DeInit                          0x080004f9   Thumb Code    80  custom_bus.o(.text.BSP_I2C1_DeInit)
    BSP_I2C1_Init                            0x08000549   Thumb Code   242  custom_bus.o(.text.BSP_I2C1_Init)
    BSP_I2C1_Recv                            0x0800063d   Thumb Code    66  custom_bus.o(.text.BSP_I2C1_Recv)
    BSP_I2C1_Send                            0x08000681   Thumb Code    66  custom_bus.o(.text.BSP_I2C1_Send)
    BusFault_Handler                         0x080006c5   Thumb Code     2  stm32h5xx_it.o(.text.BusFault_Handler)
    CUSTOM_RANGING_SENSOR_ConfigProfile      0x080006c9   Thumb Code    44  custom_ranging_sensor.o(.text.CUSTOM_RANGING_SENSOR_ConfigProfile)
    CUSTOM_RANGING_SENSOR_GetCapabilities    0x080006f5   Thumb Code    44  custom_ranging_sensor.o(.text.CUSTOM_RANGING_SENSOR_GetCapabilities)
    CUSTOM_RANGING_SENSOR_GetDistance        0x08000721   Thumb Code    44  custom_ranging_sensor.o(.text.CUSTOM_RANGING_SENSOR_GetDistance)
    CUSTOM_RANGING_SENSOR_Init               0x0800074d   Thumb Code   214  custom_ranging_sensor.o(.text.CUSTOM_RANGING_SENSOR_Init)
    CUSTOM_RANGING_SENSOR_ReadID             0x08000825   Thumb Code    44  custom_ranging_sensor.o(.text.CUSTOM_RANGING_SENSOR_ReadID)
    CUSTOM_RANGING_SENSOR_Start              0x08000851   Thumb Code    44  custom_ranging_sensor.o(.text.CUSTOM_RANGING_SENSOR_Start)
    DebugMon_Handler                         0x0800087d   Thumb Code     2  stm32h5xx_it.o(.text.DebugMon_Handler)
    Error_Handler                            0x08000881   Thumb Code     6  main.o(.text.Error_Handler)
    HAL_Delay                                0x08000889   Thumb Code    40  stm32h5xx_hal.o(.text.HAL_Delay)
    HAL_GPIO_DeInit                          0x080008b1   Thumb Code   250  stm32h5xx_hal_gpio.o(.text.HAL_GPIO_DeInit)
    HAL_GPIO_Init                            0x080009ad   Thumb Code   410  stm32h5xx_hal_gpio.o(.text.HAL_GPIO_Init)
    HAL_GPIO_WritePin                        0x08000b49   Thumb Code    12  stm32h5xx_hal_gpio.o(.text.HAL_GPIO_WritePin)
    HAL_GetTick                              0x08000b55   Thumb Code    12  stm32h5xx_hal.o(.text.HAL_GetTick)
    HAL_I2CEx_ConfigAnalogFilter             0x08000b61   Thumb Code    74  stm32h5xx_hal_i2c_ex.o(.text.HAL_I2CEx_ConfigAnalogFilter)
    HAL_I2CEx_ConfigDigitalFilter            0x08000bad   Thumb Code    72  stm32h5xx_hal_i2c_ex.o(.text.HAL_I2CEx_ConfigDigitalFilter)
    HAL_I2C_DeInit                           0x08000bf5   Thumb Code    54  stm32h5xx_hal_i2c.o(.text.HAL_I2C_DeInit)
    HAL_I2C_GetError                         0x08000c2d   Thumb Code     4  stm32h5xx_hal_i2c.o(.text.HAL_I2C_GetError)
    HAL_I2C_GetState                         0x08000c31   Thumb Code     6  stm32h5xx_hal_i2c.o(.text.HAL_I2C_GetState)
    HAL_I2C_Init                             0x08000c39   Thumb Code   172  stm32h5xx_hal_i2c.o(.text.HAL_I2C_Init)
    HAL_I2C_Master_Receive                   0x08000ce5   Thumb Code   422  stm32h5xx_hal_i2c.o(.text.HAL_I2C_Master_Receive)
    HAL_I2C_Master_Transmit                  0x08000e8d   Thumb Code   418  stm32h5xx_hal_i2c.o(.text.HAL_I2C_Master_Transmit)
    HAL_I2C_MspDeInit                        0x08001031   Thumb Code     2  stm32h5xx_hal_i2c.o(.text.HAL_I2C_MspDeInit)
    HAL_I2C_MspInit                          0x08001035   Thumb Code     2  stm32h5xx_hal_i2c.o(.text.HAL_I2C_MspInit)
    HAL_ICACHE_ConfigAssociativityMode       0x08001039   Thumb Code    32  stm32h5xx_hal_icache.o(.text.HAL_ICACHE_ConfigAssociativityMode)
    HAL_ICACHE_Enable                        0x08001059   Thumb Code    20  stm32h5xx_hal_icache.o(.text.HAL_ICACHE_Enable)
    HAL_IncTick                              0x0800106d   Thumb Code    26  stm32h5xx_hal.o(.text.HAL_IncTick)
    HAL_Init                                 0x08001089   Thumb Code    76  stm32h5xx_hal.o(.text.HAL_Init)
    HAL_InitTick                             0x080010d5   Thumb Code   170  stm32h5xx_hal.o(.text.HAL_InitTick)
    HAL_MspInit                              0x08001181   Thumb Code     2  stm32h5xx_hal_msp.o(.text.HAL_MspInit)
    HAL_NVIC_SetPriority                     0x08001185   Thumb Code    86  stm32h5xx_hal_cortex.o(.text.HAL_NVIC_SetPriority)
    HAL_NVIC_SetPriorityGrouping             0x080011dd   Thumb Code    32  stm32h5xx_hal_cortex.o(.text.HAL_NVIC_SetPriorityGrouping)
    HAL_RCCEx_GetPLL1ClockFreq               0x080011fd   Thumb Code   436  stm32h5xx_hal_rcc_ex.o(.text.HAL_RCCEx_GetPLL1ClockFreq)
    HAL_RCCEx_GetPLL2ClockFreq               0x080013b1   Thumb Code   436  stm32h5xx_hal_rcc_ex.o(.text.HAL_RCCEx_GetPLL2ClockFreq)
    HAL_RCCEx_GetPeriphCLKFreq               0x08001565   Thumb Code  1920  stm32h5xx_hal_rcc_ex.o(.text.HAL_RCCEx_GetPeriphCLKFreq)
    HAL_RCCEx_PeriphCLKConfig                0x08001ce5   Thumb Code  1732  stm32h5xx_hal_rcc_ex.o(.text.HAL_RCCEx_PeriphCLKConfig)
    HAL_RCC_ClockConfig                      0x080023a9   Thumb Code   622  stm32h5xx_hal_rcc.o(.text.HAL_RCC_ClockConfig)
    HAL_RCC_GetHCLKFreq                      0x08002619   Thumb Code    48  stm32h5xx_hal_rcc.o(.text.HAL_RCC_GetHCLKFreq)
    HAL_RCC_GetPCLK1Freq                     0x08002649   Thumb Code    70  stm32h5xx_hal_rcc.o(.text.HAL_RCC_GetPCLK1Freq)
    HAL_RCC_GetPCLK2Freq                     0x08002691   Thumb Code    70  stm32h5xx_hal_rcc.o(.text.HAL_RCC_GetPCLK2Freq)
    HAL_RCC_GetPCLK3Freq                     0x080026d9   Thumb Code    70  stm32h5xx_hal_rcc.o(.text.HAL_RCC_GetPCLK3Freq)
    HAL_RCC_GetSysClockFreq                  0x08002721   Thumb Code   300  stm32h5xx_hal_rcc.o(.text.HAL_RCC_GetSysClockFreq)
    HAL_RCC_OscConfig                        0x0800284d   Thumb Code  1610  stm32h5xx_hal_rcc.o(.text.HAL_RCC_OscConfig)
    HAL_SYSTICK_CLKSourceConfig              0x08002e99   Thumb Code   142  stm32h5xx_hal_cortex.o(.text.HAL_SYSTICK_CLKSourceConfig)
    HAL_SYSTICK_Config                       0x08002f29   Thumb Code    36  stm32h5xx_hal_cortex.o(.text.HAL_SYSTICK_Config)
    HAL_SYSTICK_GetCLKSourceConfig           0x08002f4d   Thumb Code    48  stm32h5xx_hal_cortex.o(.text.HAL_SYSTICK_GetCLKSourceConfig)
    HAL_UARTEx_DisableFifoMode               0x08002f7d   Thumb Code    54  stm32h5xx_hal_uart_ex.o(.text.HAL_UARTEx_DisableFifoMode)
    HAL_UARTEx_SetRxFifoThreshold            0x08002fb5   Thumb Code   140  stm32h5xx_hal_uart_ex.o(.text.HAL_UARTEx_SetRxFifoThreshold)
    HAL_UARTEx_SetTxFifoThreshold            0x08003041   Thumb Code   140  stm32h5xx_hal_uart_ex.o(.text.HAL_UARTEx_SetTxFifoThreshold)
    HAL_UART_Init                            0x080030cd   Thumb Code   104  stm32h5xx_hal_uart.o(.text.HAL_UART_Init)
    HAL_UART_MspInit                         0x08003135   Thumb Code     2  stm32h5xx_hal_uart.o(.text.HAL_UART_MspInit)
    HAL_UART_Transmit                        0x08003139   Thumb Code   416  stm32h5xx_hal_uart.o(.text.HAL_UART_Transmit)
    HardFault_Handler                        0x080032d9   Thumb Code     2  stm32h5xx_it.o(.text.HardFault_Handler)
    MX_GPIO_Init                             0x08003741   Thumb Code    92  gpio.o(.text.MX_GPIO_Init)
    MX_I2C1_Init                             0x0800379d   Thumb Code    78  custom_bus.o(.text.MX_I2C1_Init)
    MX_ICACHE_Init                           0x080037ed   Thumb Code    34  icache.o(.text.MX_ICACHE_Init)
    MX_TOF_Init                              0x08003811   Thumb Code    36  app_tof.o(.text.MX_TOF_Init)
    MX_TOF_Process                           0x08003885   Thumb Code   272  app_tof.o(.text.MX_TOF_Process)
    MX_USART1_UART_Init                      0x08003a19   Thumb Code    92  custom.o(.text.MX_USART1_UART_Init)
    MemManage_Handler                        0x08003a75   Thumb Code     2  stm32h5xx_it.o(.text.MemManage_Handler)
    NMI_Handler                              0x08003a79   Thumb Code     2  stm32h5xx_it.o(.text.NMI_Handler)
    PendSV_Handler                           0x08003a7d   Thumb Code     2  stm32h5xx_it.o(.text.PendSV_Handler)
    SVC_Handler                              0x08003b71   Thumb Code     2  stm32h5xx_it.o(.text.SVC_Handler)
    SysTick_Handler                          0x08003b75   Thumb Code     4  stm32h5xx_it.o(.text.SysTick_Handler)
    SystemClock_Config                       0x08003b79   Thumb Code   198  main.o(.text.SystemClock_Config)
    SystemInit                               0x08003c41   Thumb Code   168  system_stm32h5xx.o(.text.SystemInit)
    UART_AdvFeatureConfig                    0x08003ce9   Thumb Code   232  stm32h5xx_hal_uart.o(.text.UART_AdvFeatureConfig)
    UART_CheckIdleState                      0x08003dd1   Thumb Code   366  stm32h5xx_hal_uart.o(.text.UART_CheckIdleState)
    UART_SetConfig                           0x08003f41   Thumb Code   430  stm32h5xx_hal_uart.o(.text.UART_SetConfig)
    UART_WaitOnFlagUntilTimeout              0x080040f1   Thumb Code   848  stm32h5xx_hal_uart.o(.text.UART_WaitOnFlagUntilTimeout)
    UsageFault_Handler                       0x08004441   Thumb Code     2  stm32h5xx_it.o(.text.UsageFault_Handler)
    V53L1_init_zone_dss_configs              0x08004445   Thumb Code    34  vl53lx_core.o(.text.V53L1_init_zone_dss_configs)
    V53L1_init_zone_results_structure        0x08004469   Thumb Code    50  vl53lx_core.o(.text.V53L1_init_zone_results_structure)
    VL53L4CX_ConfigIT                        0x0800449d   Thumb Code     6  vl53l4cx.o(.text.VL53L4CX_ConfigIT)
    VL53L4CX_ConfigProfile                   0x080044a5   Thumb Code    98  vl53l4cx.o(.text.VL53L4CX_ConfigProfile)
    VL53L4CX_ConfigROI                       0x08004509   Thumb Code    48  vl53l4cx.o(.text.VL53L4CX_ConfigROI)
    VL53L4CX_DeInit                          0x08004539   Thumb Code    36  vl53l4cx.o(.text.VL53L4CX_DeInit)
    VL53L4CX_GetAddress                      0x0800455d   Thumb Code    24  vl53l4cx.o(.text.VL53L4CX_GetAddress)
    VL53L4CX_GetCapabilities                 0x08004575   Thumb Code    32  vl53l4cx.o(.text.VL53L4CX_GetCapabilities)
    VL53L4CX_GetDistance                     0x08004595   Thumb Code  2032  vl53l4cx.o(.text.VL53L4CX_GetDistance)
    VL53L4CX_GetPowerMode                    0x08004d85   Thumb Code     6  vl53l4cx.o(.text.VL53L4CX_GetPowerMode)
    VL53L4CX_Init                            0x08004d8d   Thumb Code    64  vl53l4cx.o(.text.VL53L4CX_Init)
    VL53L4CX_ReadID                          0x08004dcd   Thumb Code    44  vl53l4cx.o(.text.VL53L4CX_ReadID)
    VL53L4CX_RegisterBusIO                   0x08004df9   Thumb Code    56  vl53l4cx.o(.text.VL53L4CX_RegisterBusIO)
    VL53L4CX_SetAddress                      0x08004e31   Thumb Code    36  vl53l4cx.o(.text.VL53L4CX_SetAddress)
    VL53L4CX_SetPowerMode                    0x08004e55   Thumb Code     6  vl53l4cx.o(.text.VL53L4CX_SetPowerMode)
    VL53L4CX_Start                           0x08004e5d   Thumb Code   112  vl53l4cx.o(.text.VL53L4CX_Start)
    VL53L4CX_Stop                            0x08004ecd   Thumb Code    44  vl53l4cx.o(.text.VL53L4CX_Stop)
    VL53LX_ClearInterruptAndStartMeasurement 0x08004ef9   Thumb Code     6  vl53lx_api.o(.text.VL53LX_ClearInterruptAndStartMeasurement)
    VL53LX_DataInit                          0x08004f01   Thumb Code   232  vl53lx_api.o(.text.VL53LX_DataInit)
    VL53LX_GetMeasurementDataReady           0x08004fe9   Thumb Code     4  vl53lx_api.o(.text.VL53LX_GetMeasurementDataReady)
    VL53LX_GetMultiRangingData               0x08004fed   Thumb Code  1326  vl53lx_api.o(.text.VL53LX_GetMultiRangingData)
    VL53LX_PerformRefSpadManagement          0x0800551d   Thumb Code   130  vl53lx_api.o(.text.VL53LX_PerformRefSpadManagement)
    VL53LX_RdByte                            0x080055a1   Thumb Code    58  vl53lx_platform.o(.text.VL53LX_RdByte)
    VL53LX_RdWord                            0x080055dd   Thumb Code    70  vl53lx_platform.o(.text.VL53LX_RdWord)
    VL53LX_ReadMulti                         0x08005625   Thumb Code    58  vl53lx_platform.o(.text.VL53LX_ReadMulti)
    VL53LX_SetDeviceAddress                  0x08005661   Thumb Code    20  vl53lx_api.o(.text.VL53LX_SetDeviceAddress)
    VL53LX_SetDistanceMode                   0x08005675   Thumb Code   224  vl53lx_api.o(.text.VL53LX_SetDistanceMode)
    VL53LX_SetMeasurementTimingBudgetMicroSeconds 0x08005759   Thumb Code   188  vl53lx_api.o(.text.VL53LX_SetMeasurementTimingBudgetMicroSeconds)
    VL53LX_SetUserROI                        0x08005815   Thumb Code   146  vl53lx_api.o(.text.VL53LX_SetUserROI)
    VL53LX_StartMeasurement                  0x080058a9   Thumb Code    44  vl53lx_api.o(.text.VL53LX_StartMeasurement)
    VL53LX_StopMeasurement                   0x080058d5   Thumb Code    20  vl53lx_api.o(.text.VL53LX_StopMeasurement)
    VL53LX_WaitDeviceBooted                  0x080058e9   Thumb Code     8  vl53lx_api.o(.text.VL53LX_WaitDeviceBooted)
    VL53LX_WaitMs                            0x080058f1   Thumb Code    26  vl53lx_platform.o(.text.VL53LX_WaitMs)
    VL53LX_WaitUs                            0x0800590d   Thumb Code    42  vl53lx_platform.o(.text.VL53LX_WaitUs)
    VL53LX_WaitValueMaskEx                   0x08005939   Thumb Code   418  vl53lx_platform.o(.text.VL53LX_WaitValueMaskEx)
    VL53LX_WrByte                            0x08005add   Thumb Code    44  vl53lx_platform.o(.text.VL53LX_WrByte)
    VL53LX_WrWord                            0x08005b09   Thumb Code    48  vl53lx_platform.o(.text.VL53LX_WrWord)
    VL53LX_WriteMulti                        0x08005b39   Thumb Code    68  vl53lx_platform.o(.text.VL53LX_WriteMulti)
    VL53LX_calc_crosstalk_plane_offset_with_margin 0x08005b7d   Thumb Code     8  vl53lx_core.o(.text.VL53LX_calc_crosstalk_plane_offset_with_margin)
    VL53LX_calc_decoded_timeout_us           0x08005b85   Thumb Code    28  vl53lx_core.o(.text.VL53LX_calc_decoded_timeout_us)
    VL53LX_calc_macro_period_us              0x08005ba1   Thumb Code    32  vl53lx_core.o(.text.VL53LX_calc_macro_period_us)
    VL53LX_calc_max_effective_spads          0x08005bc1   Thumb Code   326  vl53lx_core.o(.text.VL53LX_calc_max_effective_spads)
    VL53LX_calc_mm_effective_spads           0x08005d09   Thumb Code   514  vl53lx_core.o(.text.VL53LX_calc_mm_effective_spads)
    VL53LX_calc_pll_period_mm                0x08005f0d   Thumb Code    34  vl53lx_core_support.o(.text.VL53LX_calc_pll_period_mm)
    VL53LX_calc_pll_period_us                0x08005f31   Thumb Code    16  vl53lx_core_support.o(.text.VL53LX_calc_pll_period_us)
    VL53LX_calc_range_ignore_threshold       0x08005f41   Thumb Code   100  vl53lx_core.o(.text.VL53LX_calc_range_ignore_threshold)
    VL53LX_calc_timeout_register_values      0x08005fa5   Thumb Code   616  vl53lx_core.o(.text.VL53LX_calc_timeout_register_values)
    VL53LX_calc_timeout_us                   0x0800620d   Thumb Code    18  vl53lx_core.o(.text.VL53LX_calc_timeout_us)
    VL53LX_check_ll_driver_rd_state          0x08006221   Thumb Code   166  vl53lx_core.o(.text.VL53LX_check_ll_driver_rd_state)
    VL53LX_clear_interrupt                   0x080062c9   Thumb Code    14  vl53lx_core.o(.text.VL53LX_clear_interrupt)
    VL53LX_clear_interrupt_and_enable_next_range 0x080062d9   Thumb Code     6  vl53lx_api_core.o(.text.VL53LX_clear_interrupt_and_enable_next_range)
    VL53LX_compute_histo_merge_nb            0x080062e1   Thumb Code   104  vl53lx_core.o(.text.VL53LX_compute_histo_merge_nb)
    VL53LX_copy_hist_bins_to_static_cfg      0x08006349   Thumb Code    80  vl53lx_api_preset_modes.o(.text.VL53LX_copy_hist_bins_to_static_cfg)
    VL53LX_copy_rtn_good_spads_to_buffer     0x08006399   Thumb Code   162  vl53lx_core.o(.text.VL53LX_copy_rtn_good_spads_to_buffer)
    VL53LX_copy_sys_and_core_results_to_range_results 0x0800643d   Thumb Code   378  vl53lx_api_core.o(.text.VL53LX_copy_sys_and_core_results_to_range_results)
    VL53LX_copy_xtalk_bin_data_to_histogram_data_struct 0x080065b9   Thumb Code    44  vl53lx_core_support.o(.text.VL53LX_copy_xtalk_bin_data_to_histogram_data_struct)
    VL53LX_data_init                         0x080065e5   Thumb Code   592  vl53lx_api_core.o(.text.VL53LX_data_init)
    VL53LX_decode_row_col                    0x08006835   Thumb Code    38  vl53lx_core_support.o(.text.VL53LX_decode_row_col)
    VL53LX_decode_timeout                    0x0800685d   Thumb Code    12  vl53lx_core.o(.text.VL53LX_decode_timeout)
    VL53LX_decode_vcsel_period               0x08006869   Thumb Code    10  vl53lx_core_support.o(.text.VL53LX_decode_vcsel_period)
    VL53LX_disable_firmware                  0x08006875   Thumb Code    14  vl53lx_core.o(.text.VL53LX_disable_firmware)
    VL53LX_disable_powerforce                0x08006885   Thumb Code    14  vl53lx_core.o(.text.VL53LX_disable_powerforce)
    VL53LX_duration_maths                    0x08006895   Thumb Code    40  vl53lx_core_support.o(.text.VL53LX_duration_maths)
    VL53LX_dynamic_xtalk_correction_apply_disable 0x080068bd   Thumb Code    14  vl53lx_api_core.o(.text.VL53LX_dynamic_xtalk_correction_apply_disable)
    VL53LX_dynamic_xtalk_correction_calc_new_xtalk 0x080068cd   Thumb Code   838  vl53lx_core.o(.text.VL53LX_dynamic_xtalk_correction_calc_new_xtalk)
    VL53LX_dynamic_xtalk_correction_corrector 0x08006c15   Thumb Code  1322  vl53lx_core.o(.text.VL53LX_dynamic_xtalk_correction_corrector)
    VL53LX_dynamic_xtalk_correction_data_init 0x08007141   Thumb Code   140  vl53lx_core.o(.text.VL53LX_dynamic_xtalk_correction_data_init)
    VL53LX_dynamic_xtalk_correction_disable  0x080071cd   Thumb Code    14  vl53lx_api_core.o(.text.VL53LX_dynamic_xtalk_correction_disable)
    VL53LX_dynamic_xtalk_correction_single_apply_disable 0x080071dd   Thumb Code    14  vl53lx_api_core.o(.text.VL53LX_dynamic_xtalk_correction_single_apply_disable)
    VL53LX_dynamic_zone_update               0x080071ed   Thumb Code   206  vl53lx_core.o(.text.VL53LX_dynamic_zone_update)
    VL53LX_enable_firmware                   0x080072bd   Thumb Code    14  vl53lx_core.o(.text.VL53LX_enable_firmware)
    VL53LX_enable_powerforce                 0x080072cd   Thumb Code    14  vl53lx_core.o(.text.VL53LX_enable_powerforce)
    VL53LX_encode_row_col                    0x080072dd   Thumb Code    20  vl53lx_core.o(.text.VL53LX_encode_row_col)
    VL53LX_encode_zone_size                  0x080072f1   Thumb Code     8  vl53lx_core.o(.text.VL53LX_encode_zone_size)
    VL53LX_events_per_spad_maths             0x080072f9   Thumb Code    66  vl53lx_core_support.o(.text.VL53LX_events_per_spad_maths)
    VL53LX_f_001                             0x0800733d   Thumb Code   608  vl53lx_dmax.o(.text.VL53LX_f_001)
    VL53LX_f_003                             0x0800759d   Thumb Code   108  vl53lx_hist_algos_gen3.o(.text.VL53LX_f_003)
    VL53LX_f_005                             0x08007609   Thumb Code   862  vl53lx_hist_core.o(.text.VL53LX_f_005)
    VL53LX_f_006                             0x08007969   Thumb Code   372  vl53lx_hist_algos_gen3.o(.text.VL53LX_f_006)
    VL53LX_f_007                             0x08007add   Thumb Code   502  vl53lx_hist_algos_gen3.o(.text.VL53LX_f_007)
    VL53LX_f_008                             0x08007cd5   Thumb Code   128  vl53lx_hist_algos_gen3.o(.text.VL53LX_f_008)
    VL53LX_f_009                             0x08007d55   Thumb Code   214  vl53lx_hist_algos_gen3.o(.text.VL53LX_f_009)
    VL53LX_f_010                             0x08007e2d   Thumb Code   250  vl53lx_hist_algos_gen3.o(.text.VL53LX_f_010)
    VL53LX_f_011                             0x08007f29   Thumb Code   102  vl53lx_hist_algos_gen3.o(.text.VL53LX_f_011)
    VL53LX_f_014                             0x08007f91   Thumb Code   204  vl53lx_hist_algos_gen3.o(.text.VL53LX_f_014)
    VL53LX_f_015                             0x0800805d   Thumb Code   698  vl53lx_hist_algos_gen3.o(.text.VL53LX_f_015)
    VL53LX_f_016                             0x08008319   Thumb Code  2376  vl53lx_hist_algos_gen3.o(.text.VL53LX_f_016)
    VL53LX_f_017                             0x08008c61   Thumb Code   186  vl53lx_hist_algos_gen3.o(.text.VL53LX_f_017)
    VL53LX_f_018                             0x08008d1d   Thumb Code   164  vl53lx_hist_core.o(.text.VL53LX_f_018)
    VL53LX_f_019                             0x08008dc1   Thumb Code    84  vl53lx_hist_core.o(.text.VL53LX_f_019)
    VL53LX_f_022                             0x08008e15   Thumb Code    98  vl53lx_hist_core.o(.text.VL53LX_f_022)
    VL53LX_f_023                             0x08008e79   Thumb Code   536  vl53lx_sigma_estimate.o(.text.VL53LX_f_023)
    VL53LX_f_025                             0x08009091   Thumb Code   740  vl53lx_hist_algos_gen4.o(.text.VL53LX_f_025)
    VL53LX_f_026                             0x08009375   Thumb Code   152  vl53lx_hist_algos_gen4.o(.text.VL53LX_f_026)
    VL53LX_f_027                             0x0800940d   Thumb Code   368  vl53lx_hist_algos_gen4.o(.text.VL53LX_f_027)
    VL53LX_f_031                             0x0800957d   Thumb Code   964  vl53lx_hist_core.o(.text.VL53LX_f_031)
    VL53LX_f_032                             0x08009941   Thumb Code   250  vl53lx_xtalk.o(.text.VL53LX_f_032)
    VL53LX_f_033                             0x08009a3d   Thumb Code   368  vl53lx_xtalk.o(.text.VL53LX_f_033)
    VL53LX_get_customer_nvm_managed          0x08009bad   Thumb Code    88  vl53lx_register_funcs.o(.text.VL53LX_get_customer_nvm_managed)
    VL53LX_get_device_results                0x08009c05   Thumb Code  1920  vl53lx_api_core.o(.text.VL53LX_get_device_results)
    VL53LX_get_histogram_bin_data            0x0800a385   Thumb Code  5660  vl53lx_api_core.o(.text.VL53LX_get_histogram_bin_data)
    VL53LX_get_nvm_copy_data                 0x0800b9a1   Thumb Code    44  vl53lx_register_funcs.o(.text.VL53LX_get_nvm_copy_data)
    VL53LX_get_preset_mode_timing_cfg        0x0800b9cd   Thumb Code    80  vl53lx_api_core.o(.text.VL53LX_get_preset_mode_timing_cfg)
    VL53LX_get_static_nvm_managed            0x0800ba1d   Thumb Code   120  vl53lx_register_funcs.o(.text.VL53LX_get_static_nvm_managed)
    VL53LX_get_timeouts_us                   0x0800ba95   Thumb Code   108  vl53lx_api_core.o(.text.VL53LX_get_timeouts_us)
    VL53LX_get_tuning_parm                   0x0800bb01   Thumb Code  1904  vl53lx_api_core.o(.text.VL53LX_get_tuning_parm)
    VL53LX_hist_calc_zero_distance_phase     0x0800c271   Thumb Code    60  vl53lx_core_support.o(.text.VL53LX_hist_calc_zero_distance_phase)
    VL53LX_hist_combine_mm1_mm2_offsets      0x0800c2ad   Thumb Code   172  vl53lx_core.o(.text.VL53LX_hist_combine_mm1_mm2_offsets)
    VL53LX_hist_copy_and_scale_ambient_info  0x0800c359   Thumb Code   152  vl53lx_core.o(.text.VL53LX_hist_copy_and_scale_ambient_info)
    VL53LX_hist_copy_results_to_sys_and_core 0x0800c3f1   Thumb Code   290  vl53lx_core.o(.text.VL53LX_hist_copy_results_to_sys_and_core)
    VL53LX_hist_estimate_ambient_from_ambient_bins 0x0800c515   Thumb Code   180  vl53lx_core_support.o(.text.VL53LX_hist_estimate_ambient_from_ambient_bins)
    VL53LX_hist_estimate_ambient_from_thresholded_bins 0x0800c5c9   Thumb Code   748  vl53lx_core_support.o(.text.VL53LX_hist_estimate_ambient_from_thresholded_bins)
    VL53LX_hist_events_consistency_check     0x0800c8b5   Thumb Code   322  vl53lx_core.o(.text.VL53LX_hist_events_consistency_check)
    VL53LX_hist_get_bin_sequence_config      0x0800c9f9   Thumb Code   394  vl53lx_core.o(.text.VL53LX_hist_get_bin_sequence_config)
    VL53LX_hist_phase_consistency_check      0x0800cb85   Thumb Code  1104  vl53lx_core.o(.text.VL53LX_hist_phase_consistency_check)
    VL53LX_hist_process_data                 0x0800cfd5   Thumb Code   462  vl53lx_hist_funcs.o(.text.VL53LX_hist_process_data)
    VL53LX_hist_remove_ambient_bins          0x0800d1a5   Thumb Code   426  vl53lx_core_support.o(.text.VL53LX_hist_remove_ambient_bins)
    VL53LX_hist_wrap_dmax                    0x0800d351   Thumb Code    46  vl53lx_core.o(.text.VL53LX_hist_wrap_dmax)
    VL53LX_hist_xmonitor_consistency_check   0x0800d381   Thumb Code   102  vl53lx_core.o(.text.VL53LX_hist_xmonitor_consistency_check)
    VL53LX_i2c_decode_core_results           0x0800d3e9   Thumb Code   124  vl53lx_register_funcs.o(.text.VL53LX_i2c_decode_core_results)
    VL53LX_i2c_decode_customer_nvm_managed   0x0800d465   Thumb Code   160  vl53lx_register_funcs.o(.text.VL53LX_i2c_decode_customer_nvm_managed)
    VL53LX_i2c_decode_debug_results          0x0800d505   Thumb Code   438  vl53lx_register_funcs.o(.text.VL53LX_i2c_decode_debug_results)
    VL53LX_i2c_decode_int16_t                0x0800d6bd   Thumb Code   152  vl53lx_core.o(.text.VL53LX_i2c_decode_int16_t)
    VL53LX_i2c_decode_int32_t                0x0800d755   Thumb Code   128  vl53lx_core.o(.text.VL53LX_i2c_decode_int32_t)
    VL53LX_i2c_decode_nvm_copy_data          0x0800d7d5   Thumb Code   334  vl53lx_register_funcs.o(.text.VL53LX_i2c_decode_nvm_copy_data)
    VL53LX_i2c_decode_system_results         0x0800d925   Thumb Code   290  vl53lx_register_funcs.o(.text.VL53LX_i2c_decode_system_results)
    VL53LX_i2c_decode_uint16_t               0x0800da49   Thumb Code   114  vl53lx_core.o(.text.VL53LX_i2c_decode_uint16_t)
    VL53LX_i2c_decode_uint32_t               0x0800dabd   Thumb Code    90  vl53lx_core.o(.text.VL53LX_i2c_decode_uint32_t)
    VL53LX_i2c_encode_customer_nvm_managed   0x0800db19   Thumb Code   168  vl53lx_register_funcs.o(.text.VL53LX_i2c_encode_customer_nvm_managed)
    VL53LX_i2c_encode_dynamic_config         0x0800dbc1   Thumb Code   138  vl53lx_register_funcs.o(.text.VL53LX_i2c_encode_dynamic_config)
    VL53LX_i2c_encode_general_config         0x0800dc4d   Thumb Code   144  vl53lx_register_funcs.o(.text.VL53LX_i2c_encode_general_config)
    VL53LX_i2c_encode_int16_t                0x0800dcdd   Thumb Code   108  vl53lx_core.o(.text.VL53LX_i2c_encode_int16_t)
    VL53LX_i2c_encode_static_config          0x0800dd49   Thumb Code   226  vl53lx_register_funcs.o(.text.VL53LX_i2c_encode_static_config)
    VL53LX_i2c_encode_static_nvm_managed     0x0800de2d   Thumb Code   106  vl53lx_register_funcs.o(.text.VL53LX_i2c_encode_static_nvm_managed)
    VL53LX_i2c_encode_system_control         0x0800de99   Thumb Code    52  vl53lx_register_funcs.o(.text.VL53LX_i2c_encode_system_control)
    VL53LX_i2c_encode_timing_config          0x0800decd   Thumb Code   140  vl53lx_register_funcs.o(.text.VL53LX_i2c_encode_timing_config)
    VL53LX_i2c_encode_uint16_t               0x0800df59   Thumb Code   118  vl53lx_core.o(.text.VL53LX_i2c_encode_uint16_t)
    VL53LX_i2c_encode_uint32_t               0x0800dfd1   Thumb Code   102  vl53lx_core.o(.text.VL53LX_i2c_encode_uint32_t)
    VL53LX_init_and_start_range              0x0800e039   Thumb Code   594  vl53lx_api_core.o(.text.VL53LX_init_and_start_range)
    VL53LX_init_hist_gen3_dmax_config_struct 0x0800e28d   Thumb Code    56  vl53lx_api_preset_modes.o(.text.VL53LX_init_hist_gen3_dmax_config_struct)
    VL53LX_init_hist_post_process_config_struct 0x0800e2c5   Thumb Code   110  vl53lx_api_preset_modes.o(.text.VL53LX_init_hist_post_process_config_struct)
    VL53LX_init_histogram_bin_data_struct    0x0800e335   Thumb Code   336  vl53lx_core_support.o(.text.VL53LX_init_histogram_bin_data_struct)
    VL53LX_init_histogram_config_structure   0x0800e485   Thumb Code   154  vl53lx_core.o(.text.VL53LX_init_histogram_config_structure)
    VL53LX_init_histogram_multizone_config_structure 0x0800e521   Thumb Code   148  vl53lx_core.o(.text.VL53LX_init_histogram_multizone_config_structure)
    VL53LX_init_ll_driver_state              0x0800e5b5   Thumb Code    38  vl53lx_core.o(.text.VL53LX_init_ll_driver_state)
    VL53LX_init_offset_cal_config_struct     0x0800e5dd   Thumb Code    36  vl53lx_api_preset_modes.o(.text.VL53LX_init_offset_cal_config_struct)
    VL53LX_init_refspadchar_config_struct    0x0800e601   Thumb Code    34  vl53lx_api_preset_modes.o(.text.VL53LX_init_refspadchar_config_struct)
    VL53LX_init_ssc_config_struct            0x0800e625   Thumb Code    26  vl53lx_api_preset_modes.o(.text.VL53LX_init_ssc_config_struct)
    VL53LX_init_tuning_parm_storage_struct   0x0800e641   Thumb Code   396  vl53lx_api_preset_modes.o(.text.VL53LX_init_tuning_parm_storage_struct)
    VL53LX_init_version                      0x0800e7cd   Thumb Code    20  vl53lx_core.o(.text.VL53LX_init_version)
    VL53LX_init_xtalk_bin_data_struct        0x0800e7e1   Thumb Code   152  vl53lx_core.o(.text.VL53LX_init_xtalk_bin_data_struct)
    VL53LX_init_xtalk_config_struct          0x0800e879   Thumb Code    98  vl53lx_api_preset_modes.o(.text.VL53LX_init_xtalk_config_struct)
    VL53LX_init_xtalk_extract_config_struct  0x0800e8dd   Thumb Code    58  vl53lx_api_preset_modes.o(.text.VL53LX_init_xtalk_extract_config_struct)
    VL53LX_init_zone_cal_config_struct       0x0800e919   Thumb Code    38  vl53lx_api_preset_modes.o(.text.VL53LX_init_zone_cal_config_struct)
    VL53LX_ipp_hist_process_data             0x0800e941   Thumb Code    40  vl53lx_platform_ipp.o(.text.VL53LX_ipp_hist_process_data)
    VL53LX_is_new_data_ready                 0x0800e969   Thumb Code    44  vl53lx_wait.o(.text.VL53LX_is_new_data_ready)
    VL53LX_isqrt                             0x0800e995   Thumb Code   142  vl53lx_core_support.o(.text.VL53LX_isqrt)
    VL53LX_load_patch                        0x0800ea25   Thumb Code   240  vl53lx_api_core.o(.text.VL53LX_load_patch)
    VL53LX_low_power_auto_data_init          0x0800eb15   Thumb Code    34  vl53lx_core.o(.text.VL53LX_low_power_auto_data_init)
    VL53LX_low_power_auto_data_stop_range    0x0800eb39   Thumb Code    52  vl53lx_core.o(.text.VL53LX_low_power_auto_data_stop_range)
    VL53LX_low_power_auto_setup_manual_calibration 0x0800eb6d   Thumb Code    74  vl53lx_core.o(.text.VL53LX_low_power_auto_setup_manual_calibration)
    VL53LX_low_power_auto_update_DSS         0x0800ebb9   Thumb Code   102  vl53lx_core.o(.text.VL53LX_low_power_auto_update_DSS)
    VL53LX_multizone_hist_bins_update        0x0800ec21   Thumb Code   158  vl53lx_core.o(.text.VL53LX_multizone_hist_bins_update)
    VL53LX_nvm_decode_cal_peak_rate_map      0x0800ecc1   Thumb Code   354  vl53lx_nvm.o(.text.VL53LX_nvm_decode_cal_peak_rate_map)
    VL53LX_nvm_enable                        0x0800ee25   Thumb Code   108  vl53lx_nvm.o(.text.VL53LX_nvm_enable)
    VL53LX_nvm_read                          0x0800ee91   Thumb Code   120  vl53lx_nvm.o(.text.VL53LX_nvm_read)
    VL53LX_poll_for_boot_completion          0x0800ef09   Thumb Code    66  vl53lx_wait.o(.text.VL53LX_poll_for_boot_completion)
    VL53LX_preset_mode_histogram_long_range  0x0800ef4d   Thumb Code   304  vl53lx_api_preset_modes.o(.text.VL53LX_preset_mode_histogram_long_range)
    VL53LX_preset_mode_histogram_medium_range 0x0800f07d   Thumb Code   300  vl53lx_api_preset_modes.o(.text.VL53LX_preset_mode_histogram_medium_range)
    VL53LX_preset_mode_histogram_ranging     0x0800f1a9   Thumb Code   306  vl53lx_api_preset_modes.o(.text.VL53LX_preset_mode_histogram_ranging)
    VL53LX_preset_mode_histogram_short_range 0x0800f2dd   Thumb Code   300  vl53lx_api_preset_modes.o(.text.VL53LX_preset_mode_histogram_short_range)
    VL53LX_preset_mode_standard_ranging      0x0800f409   Thumb Code   358  vl53lx_api_preset_modes.o(.text.VL53LX_preset_mode_standard_ranging)
    VL53LX_range_maths                       0x0800f571   Thumb Code   180  vl53lx_core_support.o(.text.VL53LX_range_maths)
    VL53LX_rate_maths                        0x0800f625   Thumb Code    58  vl53lx_core_support.o(.text.VL53LX_rate_maths)
    VL53LX_rate_per_spad_maths               0x0800f661   Thumb Code    34  vl53lx_core_support.o(.text.VL53LX_rate_per_spad_maths)
    VL53LX_read_nvm_additional_offset_cal_data 0x0800f685   Thumb Code    74  vl53lx_nvm.o(.text.VL53LX_read_nvm_additional_offset_cal_data)
    VL53LX_read_nvm_cal_peak_rate_map        0x0800f6d1   Thumb Code    38  vl53lx_nvm.o(.text.VL53LX_read_nvm_cal_peak_rate_map)
    VL53LX_read_nvm_fmt_range_results_data   0x0800f6f9   Thumb Code   122  vl53lx_nvm.o(.text.VL53LX_read_nvm_fmt_range_results_data)
    VL53LX_read_nvm_optical_centre           0x0800f775   Thumb Code    50  vl53lx_nvm.o(.text.VL53LX_read_nvm_optical_centre)
    VL53LX_read_nvm_raw_data                 0x0800f7a9   Thumb Code    88  vl53lx_nvm.o(.text.VL53LX_read_nvm_raw_data)
    VL53LX_read_p2p_data                     0x0800f801   Thumb Code   394  vl53lx_api_core.o(.text.VL53LX_read_p2p_data)
    VL53LX_run_device_test                   0x0800f98d   Thumb Code   128  vl53lx_api_calibration.o(.text.VL53LX_run_device_test)
    VL53LX_run_ref_spad_char                 0x0800fa0d   Thumb Code   226  vl53lx_api_calibration.o(.text.VL53LX_run_ref_spad_char)
    VL53LX_save_cfg_data                     0x0800faf1   Thumb Code    48  vl53lx_core.o(.text.VL53LX_save_cfg_data)
    VL53LX_set_dmax_mode                     0x0800fb21   Thumb Code     8  vl53lx_api_core.o(.text.VL53LX_set_dmax_mode)
    VL53LX_set_preset_mode                   0x0800fb29   Thumb Code   292  vl53lx_api_core.o(.text.VL53LX_set_preset_mode)
    VL53LX_set_ref_spad_char_config          0x0800fc4d   Thumb Code   196  vl53lx_core.o(.text.VL53LX_set_ref_spad_char_config)
    VL53LX_set_system_control                0x0800fd11   Thumb Code    70  vl53lx_register_funcs.o(.text.VL53LX_set_system_control)
    VL53LX_set_timeouts_us                   0x0800fd59   Thumb Code    60  vl53lx_api_core.o(.text.VL53LX_set_timeouts_us)
    VL53LX_set_zone_config                   0x0800fd95   Thumb Code    64  vl53lx_api_core.o(.text.VL53LX_set_zone_config)
    VL53LX_start_test                        0x0800fdd5   Thumb Code     8  vl53lx_core.o(.text.VL53LX_start_test)
    VL53LX_stop_range                        0x0800fddd   Thumb Code    94  vl53lx_api_core.o(.text.VL53LX_stop_range)
    VL53LX_unload_patch                      0x0800fe3d   Thumb Code    54  vl53lx_api_core.o(.text.VL53LX_unload_patch)
    VL53LX_update_ll_driver_cfg_state        0x0800fe75   Thumb Code   386  vl53lx_core.o(.text.VL53LX_update_ll_driver_cfg_state)
    VL53LX_update_ll_driver_rd_state         0x0800fff9   Thumb Code   288  vl53lx_core.o(.text.VL53LX_update_ll_driver_rd_state)
    VL53LX_wait_for_test_completion          0x08010119   Thumb Code    94  vl53lx_wait.o(.text.VL53LX_wait_for_test_completion)
    VL53LX_xtalk_cal_data_init               0x08010179   Thumb Code    28  vl53lx_core.o(.text.VL53LX_xtalk_cal_data_init)
    fputc                                    0x08010195   Thumb Code    50  custom.o(.text.fputc)
    main                                     0x080101c9   Thumb Code    26  main.o(.text.main)
    __0printf$6                              0x080101e5   Thumb Code    22  printf6.o(i.__0printf$6)
    __1printf$6                              0x080101e5   Thumb Code     0  printf6.o(i.__0printf$6)
    __2printf                                0x080101e5   Thumb Code     0  printf6.o(i.__0printf$6)
    __scatterload_copy                       0x08010205   Thumb Code    14  handlers.o(i.__scatterload_copy)
    __scatterload_null                       0x08010213   Thumb Code     2  handlers.o(i.__scatterload_null)
    __scatterload_zeroinit                   0x08010215   Thumb Code    14  handlers.o(i.__scatterload_zeroinit)
    putchar                                  0x08010569   Thumb Code     6  putchar.o(i.putchar)
    puts                                     0x08010575   Thumb Code    30  puts.o(i.puts)
    AHBPrescTable                            0x08010598   Data          16  system_stm32h5xx.o(.rodata.AHBPrescTable)
    APBPrescTable                            0x080105a8   Data           8  system_stm32h5xx.o(.rodata.APBPrescTable)
    UARTPrescTable                           0x080105b0   Data          24  stm32h5xx_hal_uart.o(.rodata.UARTPrescTable)
    Region$$Table$$Base                      0x080105d8   Number         0  anon$$obj.o(Region$$Table)
    Region$$Table$$Limit                     0x080105f8   Number         0  anon$$obj.o(Region$$Table)
    __stdout                                 0x20000000   Data           4  stdout.o(.data)
    uwTickFreq                               0x20000004   Data           1  stm32h5xx_hal.o(.data..L_MergedGlobals)
    uwTickPrio                               0x20000008   Data           4  stm32h5xx_hal.o(.data..L_MergedGlobals)
    COM_USART                                0x20000038   Data           4  custom.o(.data.COM_USART)
    SystemCoreClock                          0x2000003c   Data           4  system_stm32h5xx.o(.data.SystemCoreClock)
    VL53L4CX_RANGING_SENSOR_Driver           0x20000040   Data          56  vl53l4cx.o(.data.VL53L4CX_RANGING_SENSOR_Driver)
    hi2c1                                    0x2000007c   Data          84  custom_bus.o(.bss..L_MergedGlobals)
    CUSTOM_RANGING_CompObj                   0x200000d0   Data           4  custom_ranging_sensor.o(.bss..L_MergedGlobals)
    _I2CBuffer                               0x20002648   Data         256  vl53lx_platform.o(.bss._I2CBuffer)
    hcom_uart                                0x20002748   Data         148  custom.o(.bss.hcom_uart)
    uwTick                                   0x200027dc   Data           4  stm32h5xx_hal.o(.bss.uwTick)
    __initial_sp                             0x20006840   Data           0  startup_stm32h503xx.o(STACK)



==============================================================================

Memory Map of the image

  Image Entry point : 0x08000259

  Load Region LR_IROM1 (Base: 0x08000000, Size: 0x00010670, Max: 0x00020000, ABSOLUTE)

    Execution Region ER_IROM1 (Exec base: 0x08000000, Load base: 0x08000000, Size: 0x000105f8, Max: 0x00020000, ABSOLUTE)

    Exec Addr    Load Addr    Size         Type   Attr      Idx    E Section Name        Object

    0x08000000   0x08000000   0x00000258   Data   RO            3    RESET               startup_stm32h503xx.o
    0x08000258   0x08000258   0x00000000   Code   RO         2226  * .ARM.Collect$$$$00000000  mc_w.l(entry.o)
    0x08000258   0x08000258   0x00000004   Code   RO         2506    .ARM.Collect$$$$00000001  mc_w.l(entry2.o)
    0x0800025c   0x0800025c   0x00000004   Code   RO         2509    .ARM.Collect$$$$00000004  mc_w.l(entry5.o)
    0x08000260   0x08000260   0x00000000   Code   RO         2511    .ARM.Collect$$$$00000008  mc_w.l(entry7b.o)
    0x08000260   0x08000260   0x00000000   Code   RO         2513    .ARM.Collect$$$$0000000A  mc_w.l(entry8b.o)
    0x08000260   0x08000260   0x00000008   Code   RO         2514    .ARM.Collect$$$$0000000B  mc_w.l(entry9a.o)
    0x08000268   0x08000268   0x00000000   Code   RO         2516    .ARM.Collect$$$$0000000D  mc_w.l(entry10a.o)
    0x08000268   0x08000268   0x00000000   Code   RO         2518    .ARM.Collect$$$$0000000F  mc_w.l(entry11a.o)
    0x08000268   0x08000268   0x00000004   Code   RO         2507    .ARM.Collect$$$$00002712  mc_w.l(entry2.o)
    0x0800026c   0x0800026c   0x00000028   Code   RO            4    .text               startup_stm32h503xx.o
    0x08000294   0x08000294   0x00000062   Code   RO         2235    .text               mc_w.l(uldiv.o)
    0x080002f6   0x080002f6   0x00000062   Code   RO         2237    .text               mc_w.l(ldiv.o)
    0x08000358   0x08000358   0x00000024   Code   RO         2239    .text               mc_w.l(memcpya.o)
    0x0800037c   0x0800037c   0x00000024   Code   RO         2241    .text               mc_w.l(memseta.o)
    0x080003a0   0x080003a0   0x0000002c   Code   RO         2530    .text               mc_w.l(uidiv.o)
    0x080003cc   0x080003cc   0x0000001e   Code   RO         2532    .text               mc_w.l(llshl.o)
    0x080003ea   0x080003ea   0x00000020   Code   RO         2534    .text               mc_w.l(llushr.o)
    0x0800040a   0x0800040a   0x00000002   PAD
    0x0800040c   0x0800040c   0x00000024   Code   RO         2547    .text               mc_w.l(init.o)
    0x08000430   0x08000430   0x000000c4   Code   RO         2206    .text.BSP_COM_Init  custom.o
    0x080004f4   0x080004f4   0x00000004   Code   RO           64    .text.BSP_GetTick   custom_bus.o
    0x080004f8   0x080004f8   0x00000050   Code   RO           48    .text.BSP_I2C1_DeInit  custom_bus.o
    0x08000548   0x08000548   0x000000f2   Code   RO           44    .text.BSP_I2C1_Init  custom_bus.o
    0x0800063a   0x0800063a   0x00000002   PAD
    0x0800063c   0x0800063c   0x00000042   Code   RO           62    .text.BSP_I2C1_Recv  custom_bus.o
    0x0800067e   0x0800067e   0x00000002   PAD
    0x08000680   0x08000680   0x00000042   Code   RO           60    .text.BSP_I2C1_Send  custom_bus.o
    0x080006c2   0x080006c2   0x00000002   PAD
    0x080006c4   0x080006c4   0x00000002   Code   RO           81    .text.BusFault_Handler  stm32h5xx_it.o
    0x080006c6   0x080006c6   0x00000002   PAD
    0x080006c8   0x080006c8   0x0000002c   Code   RO         1157    .text.CUSTOM_RANGING_SENSOR_ConfigProfile  custom_ranging_sensor.o
    0x080006f4   0x080006f4   0x0000002c   Code   RO         1155    .text.CUSTOM_RANGING_SENSOR_GetCapabilities  custom_ranging_sensor.o
    0x08000720   0x08000720   0x0000002c   Code   RO         1163    .text.CUSTOM_RANGING_SENSOR_GetDistance  custom_ranging_sensor.o
    0x0800074c   0x0800074c   0x000000d6   Code   RO         1149    .text.CUSTOM_RANGING_SENSOR_Init  custom_ranging_sensor.o
    0x08000822   0x08000822   0x00000002   PAD
    0x08000824   0x08000824   0x0000002c   Code   RO         1153    .text.CUSTOM_RANGING_SENSOR_ReadID  custom_ranging_sensor.o
    0x08000850   0x08000850   0x0000002c   Code   RO         1165    .text.CUSTOM_RANGING_SENSOR_Start  custom_ranging_sensor.o
    0x0800087c   0x0800087c   0x00000002   Code   RO           87    .text.DebugMon_Handler  stm32h5xx_it.o
    0x0800087e   0x0800087e   0x00000002   PAD
    0x08000880   0x08000880   0x00000006   Code   RO           15    .text.Error_Handler  main.o
    0x08000886   0x08000886   0x00000002   PAD
    0x08000888   0x08000888   0x00000028   Code   RO          790    .text.HAL_Delay     stm32h5xx_hal.o
    0x080008b0   0x080008b0   0x000000fa   Code   RO          572    .text.HAL_GPIO_DeInit  stm32h5xx_hal_gpio.o
    0x080009aa   0x080009aa   0x00000002   PAD
    0x080009ac   0x080009ac   0x0000019a   Code   RO          570    .text.HAL_GPIO_Init  stm32h5xx_hal_gpio.o
    0x08000b46   0x08000b46   0x00000002   PAD
    0x08000b48   0x08000b48   0x0000000c   Code   RO          576    .text.HAL_GPIO_WritePin  stm32h5xx_hal_gpio.o
    0x08000b54   0x08000b54   0x0000000c   Code   RO          782    .text.HAL_GetTick   stm32h5xx_hal.o
    0x08000b60   0x08000b60   0x0000004a   Code   RO          262    .text.HAL_I2CEx_ConfigAnalogFilter  stm32h5xx_hal_i2c_ex.o
    0x08000baa   0x08000baa   0x00000002   PAD
    0x08000bac   0x08000bac   0x00000048   Code   RO          264    .text.HAL_I2CEx_ConfigDigitalFilter  stm32h5xx_hal_i2c_ex.o
    0x08000bf4   0x08000bf4   0x00000036   Code   RO          112    .text.HAL_I2C_DeInit  stm32h5xx_hal_i2c.o
    0x08000c2a   0x08000c2a   0x00000002   PAD
    0x08000c2c   0x08000c2c   0x00000004   Code   RO          238    .text.HAL_I2C_GetError  stm32h5xx_hal_i2c.o
    0x08000c30   0x08000c30   0x00000006   Code   RO          234    .text.HAL_I2C_GetState  stm32h5xx_hal_i2c.o
    0x08000c36   0x08000c36   0x00000002   PAD
    0x08000c38   0x08000c38   0x000000ac   Code   RO          108    .text.HAL_I2C_Init  stm32h5xx_hal_i2c.o
    0x08000ce4   0x08000ce4   0x000001a6   Code   RO          124    .text.HAL_I2C_Master_Receive  stm32h5xx_hal_i2c.o
    0x08000e8a   0x08000e8a   0x00000002   PAD
    0x08000e8c   0x08000e8c   0x000001a2   Code   RO          116    .text.HAL_I2C_Master_Transmit  stm32h5xx_hal_i2c.o
    0x0800102e   0x0800102e   0x00000002   PAD
    0x08001030   0x08001030   0x00000002   Code   RO          114    .text.HAL_I2C_MspDeInit  stm32h5xx_hal_i2c.o
    0x08001032   0x08001032   0x00000002   PAD
    0x08001034   0x08001034   0x00000002   Code   RO          110    .text.HAL_I2C_MspInit  stm32h5xx_hal_i2c.o
    0x08001036   0x08001036   0x00000002   PAD
    0x08001038   0x08001038   0x00000020   Code   RO         1092    .text.HAL_ICACHE_ConfigAssociativityMode  stm32h5xx_hal_icache.o
    0x08001058   0x08001058   0x00000014   Code   RO         1096    .text.HAL_ICACHE_Enable  stm32h5xx_hal_icache.o
    0x0800106c   0x0800106c   0x0000001a   Code   RO          780    .text.HAL_IncTick   stm32h5xx_hal.o
    0x08001086   0x08001086   0x00000002   PAD
    0x08001088   0x08001088   0x0000004c   Code   RO          770    .text.HAL_Init      stm32h5xx_hal.o
    0x080010d4   0x080010d4   0x000000aa   Code   RO          772    .text.HAL_InitTick  stm32h5xx_hal.o
    0x0800117e   0x0800117e   0x00000002   PAD
    0x08001180   0x08001180   0x00000002   Code   RO          100    .text.HAL_MspInit   stm32h5xx_hal_msp.o
    0x08001182   0x08001182   0x00000002   PAD
    0x08001184   0x08001184   0x00000056   Code   RO          718    .text.HAL_NVIC_SetPriority  stm32h5xx_hal_cortex.o
    0x080011da   0x080011da   0x00000002   PAD
    0x080011dc   0x080011dc   0x00000020   Code   RO          716    .text.HAL_NVIC_SetPriorityGrouping  stm32h5xx_hal_cortex.o
    0x080011fc   0x080011fc   0x000001b4   Code   RO          443    .text.HAL_RCCEx_GetPLL1ClockFreq  stm32h5xx_hal_rcc_ex.o
    0x080013b0   0x080013b0   0x000001b4   Code   RO          445    .text.HAL_RCCEx_GetPLL2ClockFreq  stm32h5xx_hal_rcc_ex.o
    0x08001564   0x08001564   0x00000780   Code   RO          447    .text.HAL_RCCEx_GetPeriphCLKFreq  stm32h5xx_hal_rcc_ex.o
    0x08001ce4   0x08001ce4   0x000006c4   Code   RO          437    .text.HAL_RCCEx_PeriphCLKConfig  stm32h5xx_hal_rcc_ex.o
    0x080023a8   0x080023a8   0x0000026e   Code   RO          401    .text.HAL_RCC_ClockConfig  stm32h5xx_hal_rcc.o
    0x08002616   0x08002616   0x00000002   PAD
    0x08002618   0x08002618   0x00000030   Code   RO          399    .text.HAL_RCC_GetHCLKFreq  stm32h5xx_hal_rcc.o
    0x08002648   0x08002648   0x00000046   Code   RO          407    .text.HAL_RCC_GetPCLK1Freq  stm32h5xx_hal_rcc.o
    0x0800268e   0x0800268e   0x00000002   PAD
    0x08002690   0x08002690   0x00000046   Code   RO          409    .text.HAL_RCC_GetPCLK2Freq  stm32h5xx_hal_rcc.o
    0x080026d6   0x080026d6   0x00000002   PAD
    0x080026d8   0x080026d8   0x00000046   Code   RO          411    .text.HAL_RCC_GetPCLK3Freq  stm32h5xx_hal_rcc.o
    0x0800271e   0x0800271e   0x00000002   PAD
    0x08002720   0x08002720   0x0000012c   Code   RO          403    .text.HAL_RCC_GetSysClockFreq  stm32h5xx_hal_rcc.o
    0x0800284c   0x0800284c   0x0000064a   Code   RO          397    .text.HAL_RCC_OscConfig  stm32h5xx_hal_rcc.o
    0x08002e96   0x08002e96   0x00000002   PAD
    0x08002e98   0x08002e98   0x0000008e   Code   RO          742    .text.HAL_SYSTICK_CLKSourceConfig  stm32h5xx_hal_cortex.o
    0x08002f26   0x08002f26   0x00000002   PAD
    0x08002f28   0x08002f28   0x00000024   Code   RO          740    .text.HAL_SYSTICK_Config  stm32h5xx_hal_cortex.o
    0x08002f4c   0x08002f4c   0x00000030   Code   RO          744    .text.HAL_SYSTICK_GetCLKSourceConfig  stm32h5xx_hal_cortex.o
    0x08002f7c   0x08002f7c   0x00000036   Code   RO         1069    .text.HAL_UARTEx_DisableFifoMode  stm32h5xx_hal_uart_ex.o
    0x08002fb2   0x08002fb2   0x00000002   PAD
    0x08002fb4   0x08002fb4   0x0000008c   Code   RO         1073    .text.HAL_UARTEx_SetRxFifoThreshold  stm32h5xx_hal_uart_ex.o
    0x08003040   0x08003040   0x0000008c   Code   RO         1071    .text.HAL_UARTEx_SetTxFifoThreshold  stm32h5xx_hal_uart_ex.o
    0x080030cc   0x080030cc   0x00000068   Code   RO          908    .text.HAL_UART_Init  stm32h5xx_hal_uart.o
    0x08003134   0x08003134   0x00000002   Code   RO          910    .text.HAL_UART_MspInit  stm32h5xx_hal_uart.o
    0x08003136   0x08003136   0x00000002   PAD
    0x08003138   0x08003138   0x000001a0   Code   RO          928    .text.HAL_UART_Transmit  stm32h5xx_hal_uart.o
    0x080032d8   0x080032d8   0x00000002   Code   RO           77    .text.HardFault_Handler  stm32h5xx_it.o
    0x080032da   0x080032da   0x00000002   PAD
    0x080032dc   0x080032dc   0x00000160   Code   RO          252    .text.I2C_IsErrorOccurred  stm32h5xx_hal_i2c.o
    0x0800343c   0x0800343c   0x00000102   Code   RO          118    .text.I2C_WaitOnFlagUntilTimeout  stm32h5xx_hal_i2c.o
    0x0800353e   0x0800353e   0x00000002   PAD
    0x08003540   0x08003540   0x000000d2   Code   RO          126    .text.I2C_WaitOnRXNEFlagUntilTimeout  stm32h5xx_hal_i2c.o
    0x08003612   0x08003612   0x00000002   PAD
    0x08003614   0x08003614   0x00000080   Code   RO          122    .text.I2C_WaitOnSTOPFlagUntilTimeout  stm32h5xx_hal_i2c.o
    0x08003694   0x08003694   0x000000ac   Code   RO          120    .text.I2C_WaitOnTXISFlagUntilTimeout  stm32h5xx_hal_i2c.o
    0x08003740   0x08003740   0x0000005c   Code   RO           25    .text.MX_GPIO_Init  gpio.o
    0x0800379c   0x0800379c   0x0000004e   Code   RO           46    .text.MX_I2C1_Init  custom_bus.o
    0x080037ea   0x080037ea   0x00000002   PAD
    0x080037ec   0x080037ec   0x00000022   Code   RO           35    .text.MX_ICACHE_Init  icache.o
    0x0800380e   0x0800380e   0x00000002   PAD
    0x08003810   0x08003810   0x00000074   Code   RO         1187    .text.MX_TOF_Init   app_tof.o
    0x08003884   0x08003884   0x00000194   Code   RO         1189    .text.MX_TOF_Process  app_tof.o
    0x08003a18   0x08003a18   0x0000005c   Code   RO         2208    .text.MX_USART1_UART_Init  custom.o
    0x08003a74   0x08003a74   0x00000002   Code   RO           79    .text.MemManage_Handler  stm32h5xx_it.o
    0x08003a76   0x08003a76   0x00000002   PAD
    0x08003a78   0x08003a78   0x00000002   Code   RO           75    .text.NMI_Handler   stm32h5xx_it.o
    0x08003a7a   0x08003a7a   0x00000002   PAD
    0x08003a7c   0x08003a7c   0x00000002   Code   RO           89    .text.PendSV_Handler  stm32h5xx_it.o
    0x08003a7e   0x08003a7e   0x00000002   PAD
    0x08003a80   0x08003a80   0x000000f0   Code   RO          439    .text.RCCEx_PLL2_Config  stm32h5xx_hal_rcc_ex.o
    0x08003b70   0x08003b70   0x00000002   Code   RO           85    .text.SVC_Handler   stm32h5xx_it.o
    0x08003b72   0x08003b72   0x00000002   PAD
    0x08003b74   0x08003b74   0x00000004   Code   RO           91    .text.SysTick_Handler  stm32h5xx_it.o
    0x08003b78   0x08003b78   0x000000c6   Code   RO           13    .text.SystemClock_Config  main.o
    0x08003c3e   0x08003c3e   0x00000002   PAD
    0x08003c40   0x08003c40   0x000000a8   Code   RO         1134    .text.SystemInit    system_stm32h5xx.o
    0x08003ce8   0x08003ce8   0x000000e8   Code   RO          912    .text.UART_AdvFeatureConfig  stm32h5xx_hal_uart.o
    0x08003dd0   0x08003dd0   0x0000016e   Code   RO          916    .text.UART_CheckIdleState  stm32h5xx_hal_uart.o
    0x08003f3e   0x08003f3e   0x00000002   PAD
    0x08003f40   0x08003f40   0x000001ae   Code   RO          914    .text.UART_SetConfig  stm32h5xx_hal_uart.o
    0x080040ee   0x080040ee   0x00000002   PAD
    0x080040f0   0x080040f0   0x00000350   Code   RO          930    .text.UART_WaitOnFlagUntilTimeout  stm32h5xx_hal_uart.o
    0x08004440   0x08004440   0x00000002   Code   RO           83    .text.UsageFault_Handler  stm32h5xx_it.o
    0x08004442   0x08004442   0x00000002   PAD
    0x08004444   0x08004444   0x00000022   Code   RO         1482    .text.V53L1_init_zone_dss_configs  vl53lx_core.o
    0x08004466   0x08004466   0x00000002   PAD
    0x08004468   0x08004468   0x00000032   Code   RO         1480    .text.V53L1_init_zone_results_structure  vl53lx_core.o
    0x0800449a   0x0800449a   0x00000002   PAD
    0x0800449c   0x0800449c   0x00000006   Code   RO         2172    .text.VL53L4CX_ConfigIT  vl53l4cx.o
    0x080044a2   0x080044a2   0x00000002   PAD
    0x080044a4   0x080044a4   0x00000062   Code   RO         2168    .text.VL53L4CX_ConfigProfile  vl53l4cx.o
    0x08004506   0x08004506   0x00000002   PAD
    0x08004508   0x08004508   0x00000030   Code   RO         2170    .text.VL53L4CX_ConfigROI  vl53l4cx.o
    0x08004538   0x08004538   0x00000024   Code   RO         2162    .text.VL53L4CX_DeInit  vl53l4cx.o
    0x0800455c   0x0800455c   0x00000018   Code   RO         2182    .text.VL53L4CX_GetAddress  vl53l4cx.o
    0x08004574   0x08004574   0x00000020   Code   RO         2166    .text.VL53L4CX_GetCapabilities  vl53l4cx.o
    0x08004594   0x08004594   0x000007f0   Code   RO         2174    .text.VL53L4CX_GetDistance  vl53l4cx.o
    0x08004d84   0x08004d84   0x00000006   Code   RO         2186    .text.VL53L4CX_GetPowerMode  vl53l4cx.o
    0x08004d8a   0x08004d8a   0x00000002   PAD
    0x08004d8c   0x08004d8c   0x00000040   Code   RO         2160    .text.VL53L4CX_Init  vl53l4cx.o
    0x08004dcc   0x08004dcc   0x0000002c   Code   RO         2164    .text.VL53L4CX_ReadID  vl53l4cx.o
    0x08004df8   0x08004df8   0x00000038   Code   RO         2188    .text.VL53L4CX_RegisterBusIO  vl53l4cx.o
    0x08004e30   0x08004e30   0x00000024   Code   RO         2180    .text.VL53L4CX_SetAddress  vl53l4cx.o
    0x08004e54   0x08004e54   0x00000006   Code   RO         2184    .text.VL53L4CX_SetPowerMode  vl53l4cx.o
    0x08004e5a   0x08004e5a   0x00000002   PAD
    0x08004e5c   0x08004e5c   0x00000070   Code   RO         2176    .text.VL53L4CX_Start  vl53l4cx.o
    0x08004ecc   0x08004ecc   0x0000002c   Code   RO         2178    .text.VL53L4CX_Stop  vl53l4cx.o
    0x08004ef8   0x08004ef8   0x00000006   Code   RO         1233    .text.VL53LX_ClearInterruptAndStartMeasurement  vl53lx_api.o
    0x08004efe   0x08004efe   0x00000002   PAD
    0x08004f00   0x08004f00   0x000000e8   Code   RO         1211    .text.VL53LX_DataInit  vl53lx_api.o
    0x08004fe8   0x08004fe8   0x00000004   Code   RO         1235    .text.VL53LX_GetMeasurementDataReady  vl53lx_api.o
    0x08004fec   0x08004fec   0x0000052e   Code   RO         1239    .text.VL53LX_GetMultiRangingData  vl53lx_api.o
    0x0800551a   0x0800551a   0x00000002   PAD
    0x0800551c   0x0800551c   0x00000082   Code   RO         1247    .text.VL53LX_PerformRefSpadManagement  vl53lx_api.o
    0x0800559e   0x0800559e   0x00000002   PAD
    0x080055a0   0x080055a0   0x0000003a   Code   RO         2117    .text.VL53LX_RdByte  vl53lx_platform.o
    0x080055da   0x080055da   0x00000002   PAD
    0x080055dc   0x080055dc   0x00000046   Code   RO         2119    .text.VL53LX_RdWord  vl53lx_platform.o
    0x08005622   0x08005622   0x00000002   PAD
    0x08005624   0x08005624   0x0000003a   Code   RO         2107    .text.VL53LX_ReadMulti  vl53lx_platform.o
    0x0800565e   0x0800565e   0x00000002   PAD
    0x08005660   0x08005660   0x00000014   Code   RO         1209    .text.VL53LX_SetDeviceAddress  vl53lx_api.o
    0x08005674   0x08005674   0x000000e4   Code   RO         1219    .text.VL53LX_SetDistanceMode  vl53lx_api.o
    0x08005758   0x08005758   0x000000bc   Code   RO         1213    .text.VL53LX_SetMeasurementTimingBudgetMicroSeconds  vl53lx_api.o
    0x08005814   0x08005814   0x00000092   Code   RO         1225    .text.VL53LX_SetUserROI  vl53lx_api.o
    0x080058a6   0x080058a6   0x00000002   PAD
    0x080058a8   0x080058a8   0x0000002c   Code   RO         1229    .text.VL53LX_StartMeasurement  vl53lx_api.o
    0x080058d4   0x080058d4   0x00000014   Code   RO         1231    .text.VL53LX_StopMeasurement  vl53lx_api.o
    0x080058e8   0x080058e8   0x00000008   Code   RO         1217    .text.VL53LX_WaitDeviceBooted  vl53lx_api.o
    0x080058f0   0x080058f0   0x0000001a   Code   RO         2127    .text.VL53LX_WaitMs  vl53lx_platform.o
    0x0800590a   0x0800590a   0x00000002   PAD
    0x0800590c   0x0800590c   0x0000002a   Code   RO         2129    .text.VL53LX_WaitUs  vl53lx_platform.o
    0x08005936   0x08005936   0x00000002   PAD
    0x08005938   0x08005938   0x000001a2   Code   RO         2131    .text.VL53LX_WaitValueMaskEx  vl53lx_platform.o
    0x08005ada   0x08005ada   0x00000002   PAD
    0x08005adc   0x08005adc   0x0000002c   Code   RO         2109    .text.VL53LX_WrByte  vl53lx_platform.o
    0x08005b08   0x08005b08   0x00000030   Code   RO         2111    .text.VL53LX_WrWord  vl53lx_platform.o
    0x08005b38   0x08005b38   0x00000044   Code   RO         2105    .text.VL53LX_WriteMulti  vl53lx_platform.o
    0x08005b7c   0x08005b7c   0x00000008   Code   RO         1538    .text.VL53LX_calc_crosstalk_plane_offset_with_margin  vl53lx_core.o
    0x08005b84   0x08005b84   0x0000001c   Code   RO         1540    .text.VL53LX_calc_decoded_timeout_us  vl53lx_core.o
    0x08005ba0   0x08005ba0   0x00000020   Code   RO         1526    .text.VL53LX_calc_macro_period_us  vl53lx_core.o
    0x08005bc0   0x08005bc0   0x00000146   Code   RO         1594    .text.VL53LX_calc_max_effective_spads  vl53lx_core.o
    0x08005d06   0x08005d06   0x00000002   PAD
    0x08005d08   0x08005d08   0x00000202   Code   RO         1568    .text.VL53LX_calc_mm_effective_spads  vl53lx_core.o
    0x08005f0a   0x08005f0a   0x00000002   PAD
    0x08005f0c   0x08005f0c   0x00000022   Code   RO         1676    .text.VL53LX_calc_pll_period_mm  vl53lx_core_support.o
    0x08005f2e   0x08005f2e   0x00000002   PAD
    0x08005f30   0x08005f30   0x00000010   Code   RO         1658    .text.VL53LX_calc_pll_period_us  vl53lx_core_support.o
    0x08005f40   0x08005f40   0x00000064   Code   RO         1528    .text.VL53LX_calc_range_ignore_threshold  vl53lx_core.o
    0x08005fa4   0x08005fa4   0x00000268   Code   RO         1544    .text.VL53LX_calc_timeout_register_values  vl53lx_core.o
    0x0800620c   0x0800620c   0x00000012   Code   RO         1536    .text.VL53LX_calc_timeout_us  vl53lx_core.o
    0x0800621e   0x0800621e   0x00000002   PAD
    0x08006220   0x08006220   0x000000a6   Code   RO         1472    .text.VL53LX_check_ll_driver_rd_state  vl53lx_core.o
    0x080062c6   0x080062c6   0x00000002   PAD
    0x080062c8   0x080062c8   0x0000000e   Code   RO         1522    .text.VL53LX_clear_interrupt  vl53lx_core.o
    0x080062d6   0x080062d6   0x00000002   PAD
    0x080062d8   0x080062d8   0x00000006   Code   RO         1364    .text.VL53LX_clear_interrupt_and_enable_next_range  vl53lx_api_core.o
    0x080062de   0x080062de   0x00000002   PAD
    0x080062e0   0x080062e0   0x00000068   Code   RO         1630    .text.VL53LX_compute_histo_merge_nb  vl53lx_core.o
    0x08006348   0x08006348   0x00000050   Code   RO         1454    .text.VL53LX_copy_hist_bins_to_static_cfg  vl53lx_api_preset_modes.o
    0x08006398   0x08006398   0x000000a2   Code   RO         1476    .text.VL53LX_copy_rtn_good_spads_to_buffer  vl53lx_core.o
    0x0800643a   0x0800643a   0x00000002   PAD
    0x0800643c   0x0800643c   0x0000017a   Code   RO         1362    .text.VL53LX_copy_sys_and_core_results_to_range_results  vl53lx_api_core.o
    0x080065b6   0x080065b6   0x00000002   PAD
    0x080065b8   0x080065b8   0x0000002c   Code   RO         1684    .text.VL53LX_copy_xtalk_bin_data_to_histogram_data_struct  vl53lx_core_support.o
    0x080065e4   0x080065e4   0x00000250   Code   RO         1310    .text.VL53LX_data_init  vl53lx_api_core.o
    0x08006834   0x08006834   0x00000026   Code   RO         1688    .text.VL53LX_decode_row_col  vl53lx_core_support.o
    0x0800685a   0x0800685a   0x00000002   PAD
    0x0800685c   0x0800685c   0x0000000c   Code   RO         1542    .text.VL53LX_decode_timeout  vl53lx_core.o
    0x08006868   0x08006868   0x0000000a   Code   RO         1668    .text.VL53LX_decode_vcsel_period  vl53lx_core_support.o
    0x08006872   0x08006872   0x00000002   PAD
    0x08006874   0x08006874   0x0000000e   Code   RO         1514    .text.VL53LX_disable_firmware  vl53lx_core.o
    0x08006882   0x08006882   0x00000002   PAD
    0x08006884   0x08006884   0x0000000e   Code   RO         1520    .text.VL53LX_disable_powerforce  vl53lx_core.o
    0x08006892   0x08006892   0x00000002   PAD
    0x08006894   0x08006894   0x00000028   Code   RO         1660    .text.VL53LX_duration_maths  vl53lx_core_support.o
    0x080068bc   0x080068bc   0x0000000e   Code   RO         1382    .text.VL53LX_dynamic_xtalk_correction_apply_disable  vl53lx_api_core.o
    0x080068ca   0x080068ca   0x00000002   PAD
    0x080068cc   0x080068cc   0x00000346   Code   RO         1628    .text.VL53LX_dynamic_xtalk_correction_calc_new_xtalk  vl53lx_core.o
    0x08006c12   0x08006c12   0x00000002   PAD
    0x08006c14   0x08006c14   0x0000052a   Code   RO         1632    .text.VL53LX_dynamic_xtalk_correction_corrector  vl53lx_core.o
    0x0800713e   0x0800713e   0x00000002   PAD
    0x08007140   0x08007140   0x0000008c   Code   RO         1636    .text.VL53LX_dynamic_xtalk_correction_data_init  vl53lx_core.o
    0x080071cc   0x080071cc   0x0000000e   Code   RO         1380    .text.VL53LX_dynamic_xtalk_correction_disable  vl53lx_api_core.o
    0x080071da   0x080071da   0x00000002   PAD
    0x080071dc   0x080071dc   0x0000000e   Code   RO         1386    .text.VL53LX_dynamic_xtalk_correction_single_apply_disable  vl53lx_api_core.o
    0x080071ea   0x080071ea   0x00000002   PAD
    0x080071ec   0x080071ec   0x000000ce   Code   RO         1604    .text.VL53LX_dynamic_zone_update  vl53lx_core.o
    0x080072ba   0x080072ba   0x00000002   PAD
    0x080072bc   0x080072bc   0x0000000e   Code   RO         1512    .text.VL53LX_enable_firmware  vl53lx_core.o
    0x080072ca   0x080072ca   0x00000002   PAD
    0x080072cc   0x080072cc   0x0000000e   Code   RO         1518    .text.VL53LX_enable_powerforce  vl53lx_core.o
    0x080072da   0x080072da   0x00000002   PAD
    0x080072dc   0x080072dc   0x00000014   Code   RO         1584    .text.VL53LX_encode_row_col  vl53lx_core.o
    0x080072f0   0x080072f0   0x00000008   Code   RO         1588    .text.VL53LX_encode_zone_size  vl53lx_core.o
    0x080072f8   0x080072f8   0x00000042   Code   RO         1662    .text.VL53LX_events_per_spad_maths  vl53lx_core_support.o
    0x0800733a   0x0800733a   0x00000002   PAD
    0x0800733c   0x0800733c   0x00000260   Code   RO         1700    .text.VL53LX_f_001  vl53lx_dmax.o
    0x0800759c   0x0800759c   0x0000006c   Code   RO         1712    .text.VL53LX_f_003  vl53lx_hist_algos_gen3.o
    0x08007608   0x08007608   0x0000035e   Code   RO         1782    .text.VL53LX_f_005  vl53lx_hist_core.o
    0x08007966   0x08007966   0x00000002   PAD
    0x08007968   0x08007968   0x00000174   Code   RO         1714    .text.VL53LX_f_006  vl53lx_hist_algos_gen3.o
    0x08007adc   0x08007adc   0x000001f6   Code   RO         1716    .text.VL53LX_f_007  vl53lx_hist_algos_gen3.o
    0x08007cd2   0x08007cd2   0x00000002   PAD
    0x08007cd4   0x08007cd4   0x00000080   Code   RO         1718    .text.VL53LX_f_008  vl53lx_hist_algos_gen3.o
    0x08007d54   0x08007d54   0x000000d6   Code   RO         1720    .text.VL53LX_f_009  vl53lx_hist_algos_gen3.o
    0x08007e2a   0x08007e2a   0x00000002   PAD
    0x08007e2c   0x08007e2c   0x000000fa   Code   RO         1724    .text.VL53LX_f_010  vl53lx_hist_algos_gen3.o
    0x08007f26   0x08007f26   0x00000002   PAD
    0x08007f28   0x08007f28   0x00000066   Code   RO         1730    .text.VL53LX_f_011  vl53lx_hist_algos_gen3.o
    0x08007f8e   0x08007f8e   0x00000002   PAD
    0x08007f90   0x08007f90   0x000000cc   Code   RO         1732    .text.VL53LX_f_014  vl53lx_hist_algos_gen3.o
    0x0800805c   0x0800805c   0x000002ba   Code   RO         1726    .text.VL53LX_f_015  vl53lx_hist_algos_gen3.o
    0x08008316   0x08008316   0x00000002   PAD
    0x08008318   0x08008318   0x00000948   Code   RO         1722    .text.VL53LX_f_016  vl53lx_hist_algos_gen3.o
    0x08008c60   0x08008c60   0x000000ba   Code   RO         1734    .text.VL53LX_f_017  vl53lx_hist_algos_gen3.o
    0x08008d1a   0x08008d1a   0x00000002   PAD
    0x08008d1c   0x08008d1c   0x000000a4   Code   RO         1776    .text.VL53LX_f_018  vl53lx_hist_core.o
    0x08008dc0   0x08008dc0   0x00000054   Code   RO         1778    .text.VL53LX_f_019  vl53lx_hist_core.o
    0x08008e14   0x08008e14   0x00000062   Code   RO         1774    .text.VL53LX_f_022  vl53lx_hist_core.o
    0x08008e76   0x08008e76   0x00000002   PAD
    0x08008e78   0x08008e78   0x00000218   Code   RO         2027    .text.VL53LX_f_023  vl53lx_sigma_estimate.o
    0x08009090   0x08009090   0x000002e4   Code   RO         1744    .text.VL53LX_f_025  vl53lx_hist_algos_gen4.o
    0x08009374   0x08009374   0x00000098   Code   RO         1746    .text.VL53LX_f_026  vl53lx_hist_algos_gen4.o
    0x0800940c   0x0800940c   0x00000170   Code   RO         1748    .text.VL53LX_f_027  vl53lx_hist_algos_gen4.o
    0x0800957c   0x0800957c   0x000003c4   Code   RO         1786    .text.VL53LX_f_031  vl53lx_hist_core.o
    0x08009940   0x08009940   0x000000fa   Code   RO         2087    .text.VL53LX_f_032  vl53lx_xtalk.o
    0x08009a3a   0x08009a3a   0x00000002   PAD
    0x08009a3c   0x08009a3c   0x00000170   Code   RO         2089    .text.VL53LX_f_033  vl53lx_xtalk.o
    0x08009bac   0x08009bac   0x00000058   Code   RO         1865    .text.VL53LX_get_customer_nvm_managed  vl53lx_register_funcs.o
    0x08009c04   0x08009c04   0x00000780   Code   RO         1356    .text.VL53LX_get_device_results  vl53lx_api_core.o
    0x0800a384   0x0800a384   0x0000161c   Code   RO         1358    .text.VL53LX_get_histogram_bin_data  vl53lx_api_core.o
    0x0800b9a0   0x0800b9a0   0x0000002c   Code   RO         1937    .text.VL53LX_get_nvm_copy_data  vl53lx_register_funcs.o
    0x0800b9cc   0x0800b9cc   0x00000050   Code   RO         1340    .text.VL53LX_get_preset_mode_timing_cfg  vl53lx_api_core.o
    0x0800ba1c   0x0800ba1c   0x00000078   Code   RO         1857    .text.VL53LX_get_static_nvm_managed  vl53lx_register_funcs.o
    0x0800ba94   0x0800ba94   0x0000006c   Code   RO         1328    .text.VL53LX_get_timeouts_us  vl53lx_api_core.o
    0x0800bb00   0x0800bb00   0x00000770   Code   RO         1304    .text.VL53LX_get_tuning_parm  vl53lx_api_core.o
    0x0800c270   0x0800c270   0x0000003c   Code   RO         1666    .text.VL53LX_hist_calc_zero_distance_phase  vl53lx_core_support.o
    0x0800c2ac   0x0800c2ac   0x000000ac   Code   RO         1566    .text.VL53LX_hist_combine_mm1_mm2_offsets  vl53lx_core.o
    0x0800c358   0x0800c358   0x00000098   Code   RO         1552    .text.VL53LX_hist_copy_and_scale_ambient_info  vl53lx_core.o
    0x0800c3f0   0x0800c3f0   0x00000122   Code   RO         1596    .text.VL53LX_hist_copy_results_to_sys_and_core  vl53lx_core.o
    0x0800c512   0x0800c512   0x00000002   PAD
    0x0800c514   0x0800c514   0x000000b4   Code   RO         1690    .text.VL53LX_hist_estimate_ambient_from_ambient_bins  vl53lx_core_support.o
    0x0800c5c8   0x0800c5c8   0x000002ec   Code   RO         1670    .text.VL53LX_hist_estimate_ambient_from_thresholded_bins  vl53lx_core_support.o
    0x0800c8b4   0x0800c8b4   0x00000142   Code   RO         1558    .text.VL53LX_hist_events_consistency_check  vl53lx_core.o
    0x0800c9f6   0x0800c9f6   0x00000002   PAD
    0x0800c9f8   0x0800c9f8   0x0000018a   Code   RO         1554    .text.VL53LX_hist_get_bin_sequence_config  vl53lx_core.o
    0x0800cb82   0x0800cb82   0x00000002   PAD
    0x0800cb84   0x0800cb84   0x00000450   Code   RO         1556    .text.VL53LX_hist_phase_consistency_check  vl53lx_core.o
    0x0800cfd4   0x0800cfd4   0x000001ce   Code   RO         1796    .text.VL53LX_hist_process_data  vl53lx_hist_funcs.o
    0x0800d1a2   0x0800d1a2   0x00000002   PAD
    0x0800d1a4   0x0800d1a4   0x000001aa   Code   RO         1674    .text.VL53LX_hist_remove_ambient_bins  vl53lx_core_support.o
    0x0800d34e   0x0800d34e   0x00000002   PAD
    0x0800d350   0x0800d350   0x0000002e   Code   RO         1564    .text.VL53LX_hist_wrap_dmax  vl53lx_core.o
    0x0800d37e   0x0800d37e   0x00000002   PAD
    0x0800d380   0x0800d380   0x00000066   Code   RO         1562    .text.VL53LX_hist_xmonitor_consistency_check  vl53lx_core.o
    0x0800d3e6   0x0800d3e6   0x00000002   PAD
    0x0800d3e8   0x0800d3e8   0x0000007c   Code   RO         1917    .text.VL53LX_i2c_decode_core_results  vl53lx_register_funcs.o
    0x0800d464   0x0800d464   0x000000a0   Code   RO         1861    .text.VL53LX_i2c_decode_customer_nvm_managed  vl53lx_register_funcs.o
    0x0800d504   0x0800d504   0x000001b6   Code   RO         1925    .text.VL53LX_i2c_decode_debug_results  vl53lx_register_funcs.o
    0x0800d6ba   0x0800d6ba   0x00000002   PAD
    0x0800d6bc   0x0800d6bc   0x00000098   Code   RO         1496    .text.VL53LX_i2c_decode_int16_t  vl53lx_core.o
    0x0800d754   0x0800d754   0x00000080   Code   RO         1506    .text.VL53LX_i2c_decode_int32_t  vl53lx_core.o
    0x0800d7d4   0x0800d7d4   0x0000014e   Code   RO         1933    .text.VL53LX_i2c_decode_nvm_copy_data  vl53lx_register_funcs.o
    0x0800d922   0x0800d922   0x00000002   PAD
    0x0800d924   0x0800d924   0x00000122   Code   RO         1909    .text.VL53LX_i2c_decode_system_results  vl53lx_register_funcs.o
    0x0800da46   0x0800da46   0x00000002   PAD
    0x0800da48   0x0800da48   0x00000072   Code   RO         1492    .text.VL53LX_i2c_decode_uint16_t  vl53lx_core.o
    0x0800daba   0x0800daba   0x00000002   PAD
    0x0800dabc   0x0800dabc   0x0000005a   Code   RO         1500    .text.VL53LX_i2c_decode_uint32_t  vl53lx_core.o
    0x0800db16   0x0800db16   0x00000002   PAD
    0x0800db18   0x0800db18   0x000000a8   Code   RO         1859    .text.VL53LX_i2c_encode_customer_nvm_managed  vl53lx_register_funcs.o
    0x0800dbc0   0x0800dbc0   0x0000008a   Code   RO         1891    .text.VL53LX_i2c_encode_dynamic_config  vl53lx_register_funcs.o
    0x0800dc4a   0x0800dc4a   0x00000002   PAD
    0x0800dc4c   0x0800dc4c   0x00000090   Code   RO         1875    .text.VL53LX_i2c_encode_general_config  vl53lx_register_funcs.o
    0x0800dcdc   0x0800dcdc   0x0000006c   Code   RO         1494    .text.VL53LX_i2c_encode_int16_t  vl53lx_core.o
    0x0800dd48   0x0800dd48   0x000000e2   Code   RO         1867    .text.VL53LX_i2c_encode_static_config  vl53lx_register_funcs.o
    0x0800de2a   0x0800de2a   0x00000002   PAD
    0x0800de2c   0x0800de2c   0x0000006a   Code   RO         1851    .text.VL53LX_i2c_encode_static_nvm_managed  vl53lx_register_funcs.o
    0x0800de96   0x0800de96   0x00000002   PAD
    0x0800de98   0x0800de98   0x00000034   Code   RO         1899    .text.VL53LX_i2c_encode_system_control  vl53lx_register_funcs.o
    0x0800decc   0x0800decc   0x0000008c   Code   RO         1883    .text.VL53LX_i2c_encode_timing_config  vl53lx_register_funcs.o
    0x0800df58   0x0800df58   0x00000076   Code   RO         1490    .text.VL53LX_i2c_encode_uint16_t  vl53lx_core.o
    0x0800dfce   0x0800dfce   0x00000002   PAD
    0x0800dfd0   0x0800dfd0   0x00000066   Code   RO         1498    .text.VL53LX_i2c_encode_uint32_t  vl53lx_core.o
    0x0800e036   0x0800e036   0x00000002   PAD
    0x0800e038   0x0800e038   0x00000252   Code   RO         1348    .text.VL53LX_init_and_start_range  vl53lx_api_core.o
    0x0800e28a   0x0800e28a   0x00000002   PAD
    0x0800e28c   0x0800e28c   0x00000038   Code   RO         1440    .text.VL53LX_init_hist_gen3_dmax_config_struct  vl53lx_api_preset_modes.o
    0x0800e2c4   0x0800e2c4   0x0000006e   Code   RO         1434    .text.VL53LX_init_hist_post_process_config_struct  vl53lx_api_preset_modes.o
    0x0800e332   0x0800e332   0x00000002   PAD
    0x0800e334   0x0800e334   0x00000150   Code   RO         1686    .text.VL53LX_init_histogram_bin_data_struct  vl53lx_core_support.o
    0x0800e484   0x0800e484   0x0000009a   Code   RO         1484    .text.VL53LX_init_histogram_config_structure  vl53lx_core.o
    0x0800e51e   0x0800e51e   0x00000002   PAD
    0x0800e520   0x0800e520   0x00000094   Code   RO         1486    .text.VL53LX_init_histogram_multizone_config_structure  vl53lx_core.o
    0x0800e5b4   0x0800e5b4   0x00000026   Code   RO         1466    .text.VL53LX_init_ll_driver_state  vl53lx_core.o
    0x0800e5da   0x0800e5da   0x00000002   PAD
    0x0800e5dc   0x0800e5dc   0x00000024   Code   RO         1430    .text.VL53LX_init_offset_cal_config_struct  vl53lx_api_preset_modes.o
    0x0800e600   0x0800e600   0x00000022   Code   RO         1422    .text.VL53LX_init_refspadchar_config_struct  vl53lx_api_preset_modes.o
    0x0800e622   0x0800e622   0x00000002   PAD
    0x0800e624   0x0800e624   0x0000001a   Code   RO         1424    .text.VL53LX_init_ssc_config_struct  vl53lx_api_preset_modes.o
    0x0800e63e   0x0800e63e   0x00000002   PAD
    0x0800e640   0x0800e640   0x0000018c   Code   RO         1438    .text.VL53LX_init_tuning_parm_storage_struct  vl53lx_api_preset_modes.o
    0x0800e7cc   0x0800e7cc   0x00000014   Code   RO         1464    .text.VL53LX_init_version  vl53lx_core.o
    0x0800e7e0   0x0800e7e0   0x00000098   Code   RO         1488    .text.VL53LX_init_xtalk_bin_data_struct  vl53lx_core.o
    0x0800e878   0x0800e878   0x00000062   Code   RO         1426    .text.VL53LX_init_xtalk_config_struct  vl53lx_api_preset_modes.o
    0x0800e8da   0x0800e8da   0x00000002   PAD
    0x0800e8dc   0x0800e8dc   0x0000003a   Code   RO         1428    .text.VL53LX_init_xtalk_extract_config_struct  vl53lx_api_preset_modes.o
    0x0800e916   0x0800e916   0x00000002   PAD
    0x0800e918   0x0800e918   0x00000026   Code   RO         1432    .text.VL53LX_init_zone_cal_config_struct  vl53lx_api_preset_modes.o
    0x0800e93e   0x0800e93e   0x00000002   PAD
    0x0800e940   0x0800e940   0x00000028   Code   RO         2145    .text.VL53LX_ipp_hist_process_data  vl53lx_platform_ipp.o
    0x0800e968   0x0800e968   0x0000002c   Code   RO         2055    .text.VL53LX_is_new_data_ready  vl53lx_wait.o
    0x0800e994   0x0800e994   0x0000008e   Code   RO         1664    .text.VL53LX_isqrt  vl53lx_core_support.o
    0x0800ea22   0x0800ea22   0x00000002   PAD
    0x0800ea24   0x0800ea24   0x000000f0   Code   RO         1302    .text.VL53LX_load_patch  vl53lx_api_core.o
    0x0800eb14   0x0800eb14   0x00000022   Code   RO         1640    .text.VL53LX_low_power_auto_data_init  vl53lx_core.o
    0x0800eb36   0x0800eb36   0x00000002   PAD
    0x0800eb38   0x0800eb38   0x00000034   Code   RO         1642    .text.VL53LX_low_power_auto_data_stop_range  vl53lx_core.o
    0x0800eb6c   0x0800eb6c   0x0000004a   Code   RO         1646    .text.VL53LX_low_power_auto_setup_manual_calibration  vl53lx_core.o
    0x0800ebb6   0x0800ebb6   0x00000002   PAD
    0x0800ebb8   0x0800ebb8   0x00000066   Code   RO         1648    .text.VL53LX_low_power_auto_update_DSS  vl53lx_core.o
    0x0800ec1e   0x0800ec1e   0x00000002   PAD
    0x0800ec20   0x0800ec20   0x0000009e   Code   RO         1606    .text.VL53LX_multizone_hist_bins_update  vl53lx_core.o
    0x0800ecbe   0x0800ecbe   0x00000002   PAD
    0x0800ecc0   0x0800ecc0   0x00000162   Code   RO         1818    .text.VL53LX_nvm_decode_cal_peak_rate_map  vl53lx_nvm.o
    0x0800ee22   0x0800ee22   0x00000002   PAD
    0x0800ee24   0x0800ee24   0x0000006c   Code   RO         1808    .text.VL53LX_nvm_enable  vl53lx_nvm.o
    0x0800ee90   0x0800ee90   0x00000078   Code   RO         1810    .text.VL53LX_nvm_read  vl53lx_nvm.o
    0x0800ef08   0x0800ef08   0x00000042   Code   RO         2047    .text.VL53LX_poll_for_boot_completion  vl53lx_wait.o
    0x0800ef4a   0x0800ef4a   0x00000002   PAD
    0x0800ef4c   0x0800ef4c   0x00000130   Code   RO         1448    .text.VL53LX_preset_mode_histogram_long_range  vl53lx_api_preset_modes.o
    0x0800f07c   0x0800f07c   0x0000012c   Code   RO         1450    .text.VL53LX_preset_mode_histogram_medium_range  vl53lx_api_preset_modes.o
    0x0800f1a8   0x0800f1a8   0x00000132   Code   RO         1444    .text.VL53LX_preset_mode_histogram_ranging  vl53lx_api_preset_modes.o
    0x0800f2da   0x0800f2da   0x00000002   PAD
    0x0800f2dc   0x0800f2dc   0x0000012c   Code   RO         1452    .text.VL53LX_preset_mode_histogram_short_range  vl53lx_api_preset_modes.o
    0x0800f408   0x0800f408   0x00000166   Code   RO         1442    .text.VL53LX_preset_mode_standard_ranging  vl53lx_api_preset_modes.o
    0x0800f56e   0x0800f56e   0x00000002   PAD
    0x0800f570   0x0800f570   0x000000b4   Code   RO         1682    .text.VL53LX_range_maths  vl53lx_core_support.o
    0x0800f624   0x0800f624   0x0000003a   Code   RO         1678    .text.VL53LX_rate_maths  vl53lx_core_support.o
    0x0800f65e   0x0800f65e   0x00000002   PAD
    0x0800f660   0x0800f660   0x00000022   Code   RO         1680    .text.VL53LX_rate_per_spad_maths  vl53lx_core_support.o
    0x0800f682   0x0800f682   0x00000002   PAD
    0x0800f684   0x0800f684   0x0000004a   Code   RO         1838    .text.VL53LX_read_nvm_additional_offset_cal_data  vl53lx_nvm.o
    0x0800f6ce   0x0800f6ce   0x00000002   PAD
    0x0800f6d0   0x0800f6d0   0x00000026   Code   RO         1836    .text.VL53LX_read_nvm_cal_peak_rate_map  vl53lx_nvm.o
    0x0800f6f6   0x0800f6f6   0x00000002   PAD
    0x0800f6f8   0x0800f6f8   0x0000007a   Code   RO         1840    .text.VL53LX_read_nvm_fmt_range_results_data  vl53lx_nvm.o
    0x0800f772   0x0800f772   0x00000002   PAD
    0x0800f774   0x0800f774   0x00000032   Code   RO         1834    .text.VL53LX_read_nvm_optical_centre  vl53lx_nvm.o
    0x0800f7a6   0x0800f7a6   0x00000002   PAD
    0x0800f7a8   0x0800f7a8   0x00000058   Code   RO         1830    .text.VL53LX_read_nvm_raw_data  vl53lx_nvm.o
    0x0800f800   0x0800f800   0x0000018a   Code   RO         1312    .text.VL53LX_read_p2p_data  vl53lx_api_core.o
    0x0800f98a   0x0800f98a   0x00000002   PAD
    0x0800f98c   0x0800f98c   0x00000080   Code   RO         1280    .text.VL53LX_run_device_test  vl53lx_api_calibration.o
    0x0800fa0c   0x0800fa0c   0x000000e2   Code   RO         1278    .text.VL53LX_run_ref_spad_char  vl53lx_api_calibration.o
    0x0800faee   0x0800faee   0x00000002   PAD
    0x0800faf0   0x0800faf0   0x00000030   Code   RO         1602    .text.VL53LX_save_cfg_data  vl53lx_core.o
    0x0800fb20   0x0800fb20   0x00000008   Code   RO         1366    .text.VL53LX_set_dmax_mode  vl53lx_api_core.o
    0x0800fb28   0x0800fb28   0x00000124   Code   RO         1314    .text.VL53LX_set_preset_mode  vl53lx_api_core.o
    0x0800fc4c   0x0800fc4c   0x000000c4   Code   RO         1620    .text.VL53LX_set_ref_spad_char_config  vl53lx_core.o
    0x0800fd10   0x0800fd10   0x00000046   Code   RO         1903    .text.VL53LX_set_system_control  vl53lx_register_funcs.o
    0x0800fd56   0x0800fd56   0x00000002   PAD
    0x0800fd58   0x0800fd58   0x0000003c   Code   RO         1326    .text.VL53LX_set_timeouts_us  vl53lx_api_core.o
    0x0800fd94   0x0800fd94   0x00000040   Code   RO         1336    .text.VL53LX_set_zone_config  vl53lx_api_core.o
    0x0800fdd4   0x0800fdd4   0x00000008   Code   RO         1508    .text.VL53LX_start_test  vl53lx_core.o
    0x0800fddc   0x0800fddc   0x0000005e   Code   RO         1352    .text.VL53LX_stop_range  vl53lx_api_core.o
    0x0800fe3a   0x0800fe3a   0x00000002   PAD
    0x0800fe3c   0x0800fe3c   0x00000036   Code   RO         1306    .text.VL53LX_unload_patch  vl53lx_api_core.o
    0x0800fe72   0x0800fe72   0x00000002   PAD
    0x0800fe74   0x0800fe74   0x00000182   Code   RO         1474    .text.VL53LX_update_ll_driver_cfg_state  vl53lx_core.o
    0x0800fff6   0x0800fff6   0x00000002   PAD
    0x0800fff8   0x0800fff8   0x00000120   Code   RO         1468    .text.VL53LX_update_ll_driver_rd_state  vl53lx_core.o
    0x08010118   0x08010118   0x0000005e   Code   RO         2057    .text.VL53LX_wait_for_test_completion  vl53lx_wait.o
    0x08010176   0x08010176   0x00000002   PAD
    0x08010178   0x08010178   0x0000001c   Code   RO         1638    .text.VL53LX_xtalk_cal_data_init  vl53lx_core.o
    0x08010194   0x08010194   0x00000032   Code   RO         2214    .text.fputc         custom.o
    0x080101c6   0x080101c6   0x00000002   PAD
    0x080101c8   0x080101c8   0x0000001a   Code   RO           11    .text.main          main.o
    0x080101e2   0x080101e2   0x00000002   PAD
    0x080101e4   0x080101e4   0x00000020   Code   RO         2400    i.__0printf$6       mc_w.l(printf6.o)
    0x08010204   0x08010204   0x0000000e   Code   RO         2555    i.__scatterload_copy  mc_w.l(handlers.o)
    0x08010212   0x08010212   0x00000002   Code   RO         2556    i.__scatterload_null  mc_w.l(handlers.o)
    0x08010214   0x08010214   0x0000000e   Code   RO         2557    i.__scatterload_zeroinit  mc_w.l(handlers.o)
    0x08010222   0x08010222   0x00000002   PAD
    0x08010224   0x08010224   0x000002f0   Code   RO         2407    i._printf_core      mc_w.l(printf6.o)
    0x08010514   0x08010514   0x00000024   Code   RO         2408    i._printf_post_padding  mc_w.l(printf6.o)
    0x08010538   0x08010538   0x0000002e   Code   RO         2409    i._printf_pre_padding  mc_w.l(printf6.o)
    0x08010566   0x08010566   0x00000002   PAD
    0x08010568   0x08010568   0x0000000c   Code   RO         2231    i.putchar           mc_w.l(putchar.o)
    0x08010574   0x08010574   0x00000024   Code   RO         2229    i.puts              mc_w.l(puts.o)
    0x08010598   0x08010598   0x00000010   Data   RO         1139    .rodata.AHBPrescTable  system_stm32h5xx.o
    0x080105a8   0x080105a8   0x00000008   Data   RO         1140    .rodata.APBPrescTable  system_stm32h5xx.o
    0x080105b0   0x080105b0   0x00000018   Data   RO         1042    .rodata.UARTPrescTable  stm32h5xx_hal_uart.o
    0x080105c8   0x080105c8   0x00000010   Data   RO         1083    .rodata.cst8        stm32h5xx_hal_uart_ex.o
    0x080105d8   0x080105d8   0x00000020   Data   RO         2554    Region$$Table       anon$$obj.o


    Execution Region RW_IRAM1 (Exec base: 0x20000000, Load base: 0x080105f8, Size: 0x00006840, Max: 0x00008000, ABSOLUTE)

    Exec Addr    Load Addr    Size         Type   Attr      Idx    E Section Name        Object

    0x20000000   0x080105f8   0x00000004   Data   RW         2520    .data               mc_w.l(stdout.o)
    0x20000004   0x080105fc   0x00000008   Data   RW          869    .data..L_MergedGlobals  stm32h5xx_hal.o
    0x2000000c   0x08010604   0x0000002c   Data   RW         1269    .data.BDTable       vl53lx_api.o
    0x20000038   0x08010630   0x00000004   Data   RW         2216    .data.COM_USART     custom.o
    0x2000003c   0x08010634   0x00000004   Data   RW         1138    .data.SystemCoreClock  system_stm32h5xx.o
    0x20000040   0x08010638   0x00000038   Data   RW         2194    .data.VL53L4CX_RANGING_SENSOR_Driver  vl53l4cx.o
    0x20000078        -       0x00000058   Zero   RW           66    .bss..L_MergedGlobals  custom_bus.o
    0x200000d0        -       0x00000014   Zero   RW         1178    .bss..L_MergedGlobals  custom_ranging_sensor.o
    0x200000e4        -       0x0000006c   Zero   RW         1192    .bss..L_MergedGlobals  app_tof.o
    0x20000150        -       0x00000001   Zero   RW         2218    .bss.COM_ActiveLogPort  custom.o
    0x20000151   0x08010670   0x00000007   PAD
    0x20000158        -       0x000024f0   Zero   RW         1177    .bss.VL53L4CX_Probe.VL53L4CXObj  custom_ranging_sensor.o
    0x20002648        -       0x00000100   Zero   RW         2135    .bss._I2CBuffer     vl53lx_platform.o
    0x20002748        -       0x00000094   Zero   RW         2217    .bss.hcom_uart      custom.o
    0x200027dc        -       0x00000004   Zero   RW          868    .bss.uwTick         stm32h5xx_hal.o
    0x200027e0        -       0x0000005c   Zero   RW         2195    .bss.vl53l4cx_get_result.data  vl53l4cx.o
    0x2000283c   0x08010670   0x00000004   PAD
    0x20002840        -       0x00004000   Zero   RW            1    STACK               startup_stm32h503xx.o


==============================================================================

Image component sizes


      Code (inc. data)   RO Data    RW Data    ZI Data      Debug   Object Name

       520        212          0          0        108       2770   app_tof.o
       338          0          0          4        149       9538   custom.o
       536          0          0          0         88      11407   custom_bus.o
       434          0          0          0       9476      39677   custom_ranging_sensor.o
        92          0          0          0          0       2915   gpio.o
        34          0          0          0          0        663   icache.o
       230          0          0          0          0       3971   main.o
        40         10        600          0      16384        884   startup_stm32h503xx.o
       324          0          0          8          4      12031   stm32h5xx_hal.o
       344          6          0          0          0      13522   stm32h5xx_hal_cortex.o
       672          0          0          0          0       5303   stm32h5xx_hal_gpio.o
      2200          0          0          0          0      57390   stm32h5xx_hal_i2c.o
       146          0          0          0          0       5835   stm32h5xx_hal_i2c_ex.o
        52          0          0          0          0       4047   stm32h5xx_hal_icache.o
         2          0          0          0          0        385   stm32h5xx_hal_msp.o
      2790         16          0          0          0      12179   stm32h5xx_hal_rcc.o
      4764         78          0          0          0      17347   stm32h5xx_hal_rcc_ex.o
      2398          0         24          0          0      39258   stm32h5xx_hal_uart.o
       334          0         16          0          0      11802   stm32h5xx_hal_uart_ex.o
        20          0          0          0          0       1149   stm32h5xx_it.o
       168          0         24          4          0       5341   system_stm32h5xx.o
      2644         20          0         56         92      44093   vl53l4cx.o
      2352         24          0         44          0      66562   vl53lx_api.o
       354          0          0          0          0      44142   vl53lx_api_calibration.o
     12490        380          0          0          0      96560   vl53lx_api_core.o
      2500          0          0          0          0      21593   vl53lx_api_preset_modes.o
     10054          8          0          0          0     107432   vl53lx_core.o
      2412          0          0          0          0      13379   vl53lx_core_support.o
       608          0          0          0          0       6120   vl53lx_dmax.o
      5140          0          0          0          0      18192   vl53lx_hist_algos_gen3.o
      1260          0          0          0          0      12350   vl53lx_hist_algos_gen4.o
      2172          0          0          0          0      10370   vl53lx_hist_core.o
       462          0          0          0          0      10003   vl53lx_hist_funcs.o
       954          0          0          0          0      51440   vl53lx_nvm.o
       832          0          0          0        256      44792   vl53lx_platform.o
        40          0          0          0          0      34762   vl53lx_platform_ipp.o
      2642          0          0          0          0      81556   vl53lx_register_funcs.o
       536          0          0          0          0       2772   vl53lx_sigma_estimate.o
       204          0          0          0          0      38870   vl53lx_wait.o
       618          0          0          0          0      21401   vl53lx_xtalk.o

    ----------------------------------------------------------------------
     64988        754        696        116      26568     983803   Object Totals
         0          0         32          0          0          0   (incl. Generated)
       276          0          0          0         11          0   (incl. Padding)

    ----------------------------------------------------------------------

      Code (inc. data)   RO Data    RW Data    ZI Data      Debug   Library Member Name

         0          0          0          0          0          0   entry.o
         0          0          0          0          0          0   entry10a.o
         0          0          0          0          0          0   entry11a.o
         8          4          0          0          0          0   entry2.o
         4          0          0          0          0          0   entry5.o
         0          0          0          0          0          0   entry7b.o
         0          0          0          0          0          0   entry8b.o
         8          4          0          0          0          0   entry9a.o
        30          0          0          0          0          0   handlers.o
        36          8          0          0          0         68   init.o
        98          0          0          0          0         84   ldiv.o
        30          0          0          0          0         68   llshl.o
        32          0          0          0          0         68   llushr.o
        36          0          0          0          0         68   memcpya.o
        36          0          0          0          0        108   memseta.o
       866         14          0          0          0        352   printf6.o
        12          6          0          0          0         68   putchar.o
        36          6          0          0          0         80   puts.o
         0          0          0          4          0          0   stdout.o
        44          0          0          0          0         80   uidiv.o
        98          0          0          0          0         92   uldiv.o

    ----------------------------------------------------------------------
      1380         42          0          4          0       1136   Library Totals
         6          0          0          0          0          0   (incl. Padding)

    ----------------------------------------------------------------------

      Code (inc. data)   RO Data    RW Data    ZI Data      Debug   Library Name

      1374         42          0          4          0       1136   mc_w.l

    ----------------------------------------------------------------------
      1380         42          0          4          0       1136   Library Totals

    ----------------------------------------------------------------------

==============================================================================


      Code (inc. data)   RO Data    RW Data    ZI Data      Debug   

     66368        796        696        120      26568     983811   Grand Totals
     66368        796        696        120      26568     983811   ELF Image Totals
     66368        796        696        120          0          0   ROM Totals

==============================================================================

    Total RO  Size (Code + RO Data)                67064 (  65.49kB)
    Total RW  Size (RW Data + ZI Data)             26688 (  26.06kB)
    Total ROM Size (Code + RO Data + RW Data)      67184 (  65.61kB)

==============================================================================

